Archive member included because of file (symbol)

C:\Freescale\KSDK_1.3.0/lib/ksdk_platform_lib/kds/KL46Z4/debug\libksdk_platform.a(fsl_tpm_hal.o)
                              ./Sources/main.o (TPM_HAL_EnablePwmMode)
C:\Freescale\KSDK_1.3.0/lib/ksdk_platform_lib/kds/KL46Z4/debug\libksdk_platform.a(fsl_gpio_hal.o)
                              ./board/src/board.o (GPIO_HAL_SetPinDir)
C:\Freescale\KSDK_1.3.0/lib/ksdk_platform_lib/kds/KL46Z4/debug\libksdk_platform.a(fsl_clock_MKL46Z4.o)
                              ./Sources/main.o (CLOCK_SYS_GetFreq)
C:\Freescale\KSDK_1.3.0/lib/ksdk_platform_lib/kds/KL46Z4/debug\libksdk_platform.a(fsl_clock_manager.o)
                              C:\Freescale\KSDK_1.3.0/lib/ksdk_platform_lib/kds/KL46Z4/debug\libksdk_platform.a(fsl_clock_MKL46Z4.o) (CLOCK_SYS_GetSystickFreq)
C:\Freescale\KSDK_1.3.0/lib/ksdk_platform_lib/kds/KL46Z4/debug\libksdk_platform.a(fsl_clock_manager_common.o)
                              C:\Freescale\KSDK_1.3.0/lib/ksdk_platform_lib/kds/KL46Z4/debug\libksdk_platform.a(fsl_clock_MKL46Z4.o) (g_oscBase)
C:\Freescale\KSDK_1.3.0/lib/ksdk_platform_lib/kds/KL46Z4/debug\libksdk_platform.a(fsl_os_abstraction_bm.o)
                              C:\Freescale\KSDK_1.3.0/lib/ksdk_platform_lib/kds/KL46Z4/debug\libksdk_platform.a(fsl_clock_manager.o) (OSA_EnterCritical)
C:\Freescale\KSDK_1.3.0/lib/ksdk_platform_lib/kds/KL46Z4/debug\libksdk_platform.a(fsl_sim_hal_MKL46Z4.o)
                              C:\Freescale\KSDK_1.3.0/lib/ksdk_platform_lib/kds/KL46Z4/debug\libksdk_platform.a(fsl_clock_MKL46Z4.o) (CLOCK_HAL_SetOutDiv)
C:\Freescale\KSDK_1.3.0/lib/ksdk_platform_lib/kds/KL46Z4/debug\libksdk_platform.a(fsl_osc_hal.o)
                              C:\Freescale\KSDK_1.3.0/lib/ksdk_platform_lib/kds/KL46Z4/debug\libksdk_platform.a(fsl_clock_manager.o) (OSC_HAL_SetCapacitor)
C:\Freescale\KSDK_1.3.0/lib/ksdk_platform_lib/kds/KL46Z4/debug\libksdk_platform.a(fsl_mcg_hal.o)
                              C:\Freescale\KSDK_1.3.0/lib/ksdk_platform_lib/kds/KL46Z4/debug\libksdk_platform.a(fsl_clock_MKL46Z4.o) (g_xtal0ClkFreq)
C:\Freescale\KSDK_1.3.0/lib/ksdk_platform_lib/kds/KL46Z4/debug\libksdk_platform.a(fsl_mcg_hal_modes.o)
                              C:\Freescale\KSDK_1.3.0/lib/ksdk_platform_lib/kds/KL46Z4/debug\libksdk_platform.a(fsl_clock_manager.o) (CLOCK_HAL_GetMcgMode)
C:\Freescale\KSDK_1.3.0/lib/ksdk_platform_lib/kds/KL46Z4/debug\libksdk_platform.a(fsl_lptmr_hal.o)
                              C:\Freescale\KSDK_1.3.0/lib/ksdk_platform_lib/kds/KL46Z4/debug\libksdk_platform.a(fsl_os_abstraction_bm.o) (LPTMR_HAL_SetTimerWorkingMode)
C:\Freescale\KSDK_1.3.0/lib/ksdk_platform_lib/kds/KL46Z4/debug\libksdk_platform.a(fsl_interrupt_manager.o)
                              C:\Freescale\KSDK_1.3.0/lib/ksdk_platform_lib/kds/KL46Z4/debug\libksdk_platform.a(fsl_os_abstraction_bm.o) (INT_SYS_InstallHandler)
c:/freescale/kds_3.0.0/toolchain/bin/../lib/gcc/arm-none-eabi/4.8.4/armv6-m\libgcc.a(_udivsi3.o)
                              ./Sources/main.o (__aeabi_uidiv)
c:/freescale/kds_3.0.0/toolchain/bin/../lib/gcc/arm-none-eabi/4.8.4/armv6-m\libgcc.a(_divsi3.o)
                              ./Sources/main.o (__aeabi_idiv)
c:/freescale/kds_3.0.0/toolchain/bin/../lib/gcc/arm-none-eabi/4.8.4/armv6-m\libgcc.a(_dvmd_tls.o)
                              c:/freescale/kds_3.0.0/toolchain/bin/../lib/gcc/arm-none-eabi/4.8.4/armv6-m\libgcc.a(_udivsi3.o) (__aeabi_idiv0)
c:/freescale/kds_3.0.0/toolchain/bin/../lib/gcc/arm-none-eabi/4.8.4/../../../../arm-none-eabi/lib/armv6-m\libg_s.a(lib_a-assert.o)
                              ./board/src/board.o (__assert_func)
c:/freescale/kds_3.0.0/toolchain/bin/../lib/gcc/arm-none-eabi/4.8.4/../../../../arm-none-eabi/lib/armv6-m\libg_s.a(lib_a-calloc.o)
                              C:\Freescale\KSDK_1.3.0/lib/ksdk_platform_lib/kds/KL46Z4/debug\libksdk_platform.a(fsl_os_abstraction_bm.o) (calloc)
c:/freescale/kds_3.0.0/toolchain/bin/../lib/gcc/arm-none-eabi/4.8.4/../../../../arm-none-eabi/lib/armv6-m\libg_s.a(lib_a-exit.o)
                              c:/freescale/kds_3.0.0/toolchain/bin/../lib/gcc/arm-none-eabi/4.8.4/../../../../arm-none-eabi/lib/armv6-m/crt0.o (exit)
c:/freescale/kds_3.0.0/toolchain/bin/../lib/gcc/arm-none-eabi/4.8.4/../../../../arm-none-eabi/lib/armv6-m\libg_s.a(lib_a-fprintf.o)
                              c:/freescale/kds_3.0.0/toolchain/bin/../lib/gcc/arm-none-eabi/4.8.4/../../../../arm-none-eabi/lib/armv6-m\libg_s.a(lib_a-assert.o) (fiprintf)
c:/freescale/kds_3.0.0/toolchain/bin/../lib/gcc/arm-none-eabi/4.8.4/../../../../arm-none-eabi/lib/armv6-m\libg_s.a(lib_a-impure.o)
                              c:/freescale/kds_3.0.0/toolchain/bin/../lib/gcc/arm-none-eabi/4.8.4/../../../../arm-none-eabi/lib/armv6-m\libg_s.a(lib_a-exit.o) (_global_impure_ptr)
c:/freescale/kds_3.0.0/toolchain/bin/../lib/gcc/arm-none-eabi/4.8.4/../../../../arm-none-eabi/lib/armv6-m\libg_s.a(lib_a-init.o)
[...]
Memory Configuration

Name             Origin             Length             Attributes
m_interrupts     0x00000000         0x00000100         xr
m_flash_config   0x00000400         0x00000010         xr
m_text           0x00000410         0x0003fbf0         xr
m_data           0x1fffe000         0x00008000         rw
*default*        0x00000000         0xffffffff

Linker script and memory map

LOAD c:/freescale/kds_3.0.0/toolchain/bin/../lib/gcc/arm-none-eabi/4.8.4/armv6-m/crti.o
LOAD c:/freescale/kds_3.0.0/toolchain/bin/../lib/gcc/arm-none-eabi/4.8.4/armv6-m/crtbegin.o
LOAD c:/freescale/kds_3.0.0/toolchain/bin/../lib/gcc/arm-none-eabi/4.8.4/../../../../arm-none-eabi/lib/armv6-m/crt0.o
LOAD ./board/src/board.o
LOAD ./Sources/key.o
LOAD ./Sources/main.o
LOAD ./Project_Settings/Startup_Code/startup.o
LOAD ./Project_Settings/Startup_Code/startup_MKL46Z4.o
LOAD ./Project_Settings/Startup_Code/system_MKL46Z4.o
LOAD C:\Freescale\KSDK_1.3.0/lib/ksdk_platform_lib/kds/KL46Z4/debug\libksdk_platform.a
LOAD c:/freescale/kds_3.0.0/toolchain/bin/../lib/gcc/arm-none-eabi/4.8.4/../../../../arm-none-eabi/lib/armv6-m\libstdc++_s.a
LOAD c:/freescale/kds_3.0.0/toolchain/bin/../lib/gcc/arm-none-eabi/4.8.4/../../../../arm-none-eabi/lib/armv6-m\libm.a
START GROUP
LOAD c:/freescale/kds_3.0.0/toolchain/bin/../lib/gcc/arm-none-eabi/4.8.4/armv6-m\libgcc.a
LOAD c:/freescale/kds_3.0.0/toolchain/bin/../lib/gcc/arm-none-eabi/4.8.4/../../../../arm-none-eabi/lib/armv6-m\libg_s.a
LOAD c:/freescale/kds_3.0.0/toolchain/bin/../lib/gcc/arm-none-eabi/4.8.4/../../../../arm-none-eabi/lib/armv6-m\libc_s.a
END GROUP
START GROUP
LOAD c:/freescale/kds_3.0.0/toolchain/bin/../lib/gcc/arm-none-eabi/4.8.4/armv6-m\libgcc.a
LOAD c:/freescale/kds_3.0.0/toolchain/bin/../lib/gcc/arm-none-eabi/4.8.4/../../../../arm-none-eabi/lib/armv6-m\libc_s.a
LOAD c:/freescale/kds_3.0.0/toolchain/bin/../lib/gcc/arm-none-eabi/4.8.4/../../../../arm-none-eabi/lib/armv6-m\libnosys.a
END GROUP
START GROUP
LOAD c:/freescale/kds_3.0.0/toolchain/bin/../lib/gcc/arm-none-eabi/4.8.4/armv6-m\libgcc.a
LOAD c:/freescale/kds_3.0.0/toolchain/bin/../lib/gcc/arm-none-eabi/4.8.4/../../../../arm-none-eabi/lib/armv6-m\libc_s.a
LOAD c:/freescale/kds_3.0.0/toolchain/bin/../lib/gcc/arm-none-eabi/4.8.4/../../../../arm-none-eabi/lib/armv6-m\libnosys.a
END GROUP
LOAD c:/freescale/kds_3.0.0/toolchain/bin/../lib/gcc/arm-none-eabi/4.8.4/armv6-m/crtend.o
LOAD c:/freescale/kds_3.0.0/toolchain/bin/../lib/gcc/arm-none-eabi/4.8.4/armv6-m/crtn.o
                0x00000400                HEAP_SIZE = DEFINED (__heap_size__)?__heap_size__:0x400
                0x00000400                STACK_SIZE = DEFINED (__stack_size__)?__stack_size__:0x400
                0x00000000                M_VECTOR_RAM_SIZE = DEFINED (__ram_vector_table__)?0x100:0x0

.interrupts     0x00000000       0xc0
                0x00000000                __VECTOR_TABLE = .
                0x00000000                . = ALIGN (0x4)
 *(.isr_vector)
 .isr_vector    0x00000000       0xc0 ./Project_Settings/Startup_Code/startup_MKL46Z4.o
                0x00000000                __isr_vector
                0x000000c0                . = ALIGN (0x4)

.flash_config   0x00000400       0x10
                0x00000400                . = ALIGN (0x4)
 *(.FlashConfig)
 .FlashConfig   0x00000400       0x10 ./Project_Settings/Startup_Code/startup_MKL46Z4.o
                0x00000410                . = ALIGN (0x4)

.text           0x00000410     0x2ea8
                0x00000410                . = ALIGN (0x4)
 *(.text)
 .text          0x00000410       0x60 c:/freescale/kds_3.0.0/toolchain/bin/../lib/gcc/arm-none-eabi/4.8.4/armv6-m/crtbegin.o
 .text          0x00000470       0x78 c:/freescale/kds_3.0.0/toolchain/bin/../lib/gcc/arm-none-eabi/4.8.4/../../../../arm-none-eabi/lib/armv6-m/crt0.o
                0x00000470                _start
                0x00000470                _mainCRTStartup
 .text          0x000004e8       0x18 ./Project_Settings/Startup_Code/startup_MKL46Z4.o
                0x000004e8                Reset_Handler
                0x000004f8                HardFault_Handler
                0x000004f8                SysTick_Handler
                0x000004f8                PendSV_Handler
                0x000004f8                NMI_Handler
                0x000004f8                PORTC_PORTD_IRQHandler
                0x000004f8                I2C1_IRQHandler
                0x000004f8                UART1_IRQHandler
                0x000004f8                DMA2_IRQHandler
                0x000004f8                TPM0_IRQHandler
                0x000004f8                I2S0_IRQHandler
                0x000004f8                LLWU_IRQHandler
                0x000004f8                TSI0_IRQHandler
                0x000004f8                UART0_IRQHandler
                0x000004f8                ADC0_IRQHandler
                0x000004f8                SPI1_IRQHandler
                0x000004f8                DefaultISR
                0x000004f8                TPM2_IRQHandler
                0x000004f8                RTC_IRQHandler
                0x000004f8                I2C0_IRQHandler
                0x000004f8                LCD_IRQHandler
                0x000004f8                RTC_Seconds_IRQHandler
                0x000004f8                MCG_IRQHandler
                0x000004f8                UART2_IRQHandler
                0x000004f8                Reserved20_IRQHandler
                0x000004f8                USB0_IRQHandler
                0x000004f8                SVC_Handler
                0x000004f8                DMA3_IRQHandler
                0x000004f8                DMA0_IRQHandler
                0x000004f8                DAC0_IRQHandler
                0x000004f8                TPM1_IRQHandler
                0x000004f8                LVD_LVW_IRQHandler
                0x000004f8                SPI0_IRQHandler
                0x000004f8                PORTA_IRQHandler
                0x000004f8                FTFA_IRQHandler
                0x000004f8                LPTMR0_IRQHandler
                0x000004f8                CMP0_IRQHandler
                0x000004f8                DMA1_IRQHandler
 .text          0x00000500       0x9c c:/freescale/kds_3.0.0/toolchain/bin/../lib/gcc/arm-none-eabi/4.8.4/armv6-m\libgcc.a(_udivsi3.o)
                0x00000500                __aeabi_uidiv
                0x00000500                __udivsi3
                0x00000588                __aeabi_uidivmod
 .text          0x0000059c       0xc0 c:/freescale/kds_3.0.0/toolchain/bin/../lib/gcc/arm-none-eabi/4.8.4/armv6-m\libgcc.a(_divsi3.o)
                0x0000059c                __divsi3
                0x0000059c                __aeabi_idiv
                0x00000648                __aeabi_idivmod
 .text          0x0000065c        0x4 c:/freescale/kds_3.0.0/toolchain/bin/../lib/gcc/arm-none-eabi/4.8.4/armv6-m\libgcc.a(_dvmd_tls.o)
                0x0000065c                __aeabi_idiv0
                0x0000065c                __aeabi_ldiv0
 *(.text*)
 .text.PORT_HAL_SetPullMode
                0x00000660       0x48 ./board/src/board.o
 .text.PORT_HAL_SetPullCmd
                0x000006a8       0x4c ./board/src/board.o
 .text.PORT_HAL_SetMuxMode
                0x000006f4       0x4c ./board/src/board.o
 .text.GPIO_HAL_SetPinOutput
                0x00000740       0x3c ./board/src/board.o
 .text.GPIO_HAL_ClearPinOutput
                0x0000077c       0x3c ./board/src/board.o
 .text.GPIO_HAL_TogglePinOutput
                0x000007b8       0x3c ./board/src/board.o
 .text.GPIO_HAL_ReadPinInput
                0x000007f4       0x40 ./board/src/board.o
 .text.SIM_HAL_EnableClock
                0x00000834       0x58 ./board/src/board.o
 .text.board_init
                0x0000088c      0x170 ./board/src/board.o
                0x0000088c                board_init
 .text.board_setLed
                0x000009fc       0xc0 ./board/src/board.o
                0x000009fc                board_setLed
 .text.board_getSw
                0x00000abc       0x50 ./board/src/board.o
                0x00000abc                board_getSw
 .text.board_ledOutPWM
                0x00000b0c       0x44 ./board/src/board.o
                0x00000b0c                board_ledOutPWM
 .text.key_getPressEv
                0x00000b50       0x44 ./Sources/key.o
                0x00000b50                key_getPressEv
 .text.key_periodicTask1ms
                0x00000b94       0x90 ./Sources/key.o
                0x00000b94                key_periodicTask1ms
 .text.NVIC_EnableIRQ
                0x00000c24       0x2c ./Sources/main.o
 .text.NVIC_ClearPendingIRQ
                0x00000c50       0x2c ./Sources/main.o
 .text.SIM_HAL_EnableClock
                0x00000c7c       0x58 ./Sources/main.o
 .text.CLOCK_HAL_SetTpmSrc
                0x00000cd4       0x30 ./Sources/main.o
 .text.CLOCK_HAL_SetInternalRefClkEnableCmd
                0x00000d04       0x28 ./Sources/main.o
 .text.CLOCK_HAL_SetInternalRefClkMode
                0x00000d2c       0x24 ./Sources/main.o
 .text.TPM_HAL_SetClockDiv
                0x00000d50       0x24 ./Sources/main.o
 .text.TPM_HAL_DisableTimerOverflowInt
                0x00000d74       0x1c ./Sources/main.o
 .text.TPM_HAL_ClearTimerOverflowFlag
                0x00000d90       0x1c ./Sources/main.o
 .text.TPM_HAL_SetMod
                0x00000dac       0x34 ./Sources/main.o
 .text.TPM_HAL_SetChnCountVal
                0x00000de0       0x58 ./Sources/main.o
 .text.PIT_HAL_Enable
                0x00000e38       0x1c ./Sources/main.o
 .text.PIT_HAL_SetTimerRunInDebugCmd
                0x00000e54       0x28 ./Sources/main.o
 .text.PIT_HAL_StartTimer
                0x00000e7c       0x48 ./Sources/main.o
 .text.PIT_HAL_SetTimerPeriodByCount
                0x00000ec4       0x40 ./Sources/main.o
 .text.PIT_HAL_SetIntCmd
                0x00000f04       0x50 ./Sources/main.o
 .text.PIT_HAL_ClearIntFlag
                0x00000f54       0x44 ./Sources/main.o
 .text.PIT_Init
                0x00000f98       0x78 ./Sources/main.o
                0x00000f98                PIT_Init
 .text.TPM_Init
                0x00001010      0x13c ./Sources/main.o
                0x00001010                TPM_Init
 .text.main     0x0000114c       0xc4 ./Sources/main.o
                0x0000114c                main
 .text.PIT_IRQHandler
                0x00001210       0x1c ./Sources/main.o
                0x00001210                PIT_IRQHandler
 .text.init_data_bss
                0x0000122c       0xc8 ./Project_Settings/Startup_Code/startup.o
                0x0000122c                init_data_bss
 .text.SystemInit
                0x000012f4       0x18 ./Project_Settings/Startup_Code/system_MKL46Z4.o
                0x000012f4                SystemInit
 .text.TPM_HAL_GetClockMode
                0x0000130c       0x20 C:\Freescale\KSDK_1.3.0/lib/ksdk_platform_lib/kds/KL46Z4/debug\libksdk_platform.a(fsl_tpm_hal.o)
 .text.TPM_HAL_SetCpwms
                0x0000132c       0x48 C:\Freescale\KSDK_1.3.0/lib/ksdk_platform_lib/kds/KL46Z4/debug\libksdk_platform.a(fsl_tpm_hal.o)
 .text.TPM_HAL_GetCpwms
                0x00001374       0x20 C:\Freescale\KSDK_1.3.0/lib/ksdk_platform_lib/kds/KL46Z4/debug\libksdk_platform.a(fsl_tpm_hal.o)
 .text.TPM_HAL_SetChnMsnbaElsnbaVal
                0x00001394       0x6c C:\Freescale\KSDK_1.3.0/lib/ksdk_platform_lib/kds/KL46Z4/debug\libksdk_platform.a(fsl_tpm_hal.o)
 .text.TPM_HAL_GetChnMsnbaVal
                0x00001400       0x50 C:\Freescale\KSDK_1.3.0/lib/ksdk_platform_lib/kds/KL46Z4/debug\libksdk_platform.a(fsl_tpm_hal.o)
 .text.TPM_HAL_EnablePwmMode
                0x00001450       0xa8 C:\Freescale\KSDK_1.3.0/lib/ksdk_platform_lib/kds/KL46Z4/debug\libksdk_platform.a(fsl_tpm_hal.o)
                0x00001450                TPM_HAL_EnablePwmMode
 .text.TPM_HAL_DisableChn
                0x000014f8       0x24 C:\Freescale\KSDK_1.3.0/lib/ksdk_platform_lib/kds/KL46Z4/debug\libksdk_platform.a(fsl_tpm_hal.o)
                0x000014f8                TPM_HAL_DisableChn
 .text.TPM_HAL_SetClockMode
                0x0000151c       0x3c C:\Freescale\KSDK_1.3.0/lib/ksdk_platform_lib/kds/KL46Z4/debug\libksdk_platform.a(fsl_tpm_hal.o)
                0x0000151c                TPM_HAL_SetClockMode
 .text.TPM_HAL_Reset
                0x00001558       0x60 C:\Freescale\KSDK_1.3.0/lib/ksdk_platform_lib/kds/KL46Z4/debug\libksdk_platform.a(fsl_tpm_hal.o)
                0x00001558                TPM_HAL_Reset
 .text.GPIO_HAL_SetPinDir
                0x000015b8       0x6c C:\Freescale\KSDK_1.3.0/lib/ksdk_platform_lib/kds/KL46Z4/debug\libksdk_platform.a(fsl_gpio_hal.o)
                0x000015b8                GPIO_HAL_SetPinDir
 .text.CLOCK_HAL_GetExternalRefClock32kSrc
                0x00001624       0x20 C:\Freescale\KSDK_1.3.0/lib/ksdk_platform_lib/kds/KL46Z4/debug\libksdk_platform.a(fsl_clock_MKL46Z4.o)
 .text.CLOCK_HAL_GetRtcClkOutSel
                0x00001644       0x24 C:\Freescale\KSDK_1.3.0/lib/ksdk_platform_lib/kds/KL46Z4/debug\libksdk_platform.a(fsl_clock_MKL46Z4.o)
 .text.CLOCK_HAL_GetOutDiv1
                0x00001668       0x28 C:\Freescale\KSDK_1.3.0/lib/ksdk_platform_lib/kds/KL46Z4/debug\libksdk_platform.a(fsl_clock_MKL46Z4.o)
 .text.CLOCK_HAL_GetOutDiv4
                0x00001690       0x28 C:\Freescale\KSDK_1.3.0/lib/ksdk_platform_lib/kds/KL46Z4/debug\libksdk_platform.a(fsl_clock_MKL46Z4.o)
 .text.CLOCK_SYS_GetLpoClockFreq
                0x000016b8       0x10 C:\Freescale\KSDK_1.3.0/lib/ksdk_platform_lib/kds/KL46Z4/debug\libksdk_platform.a(fsl_clock_MKL46Z4.o)
 .text.OSC_HAL_GetExternalRefClkCmd
                0x000016c8       0x24 C:\Freescale\KSDK_1.3.0/lib/ksdk_platform_lib/kds/KL46Z4/debug\libksdk_platform.a(fsl_clock_MKL46Z4.o)
 .text.CLOCK_SYS_GetFixedFreqClockFreq
                0x000016ec       0x18 C:\Freescale\KSDK_1.3.0/lib/ksdk_platform_lib/kds/KL46Z4/debug\libksdk_platform.a(fsl_clock_MKL46Z4.o)
 .text.CLOCK_SYS_GetRtcOutSrc
                0x00001704       0x18 C:\Freescale\KSDK_1.3.0/lib/ksdk_platform_lib/kds/KL46Z4/debug\libksdk_platform.a(fsl_clock_MKL46Z4.o)
 .text.CLOCK_SYS_GetFreq
                0x0000171c       0xfc C:\Freescale\KSDK_1.3.0/lib/ksdk_platform_lib/kds/KL46Z4/debug\libksdk_platform.a(fsl_clock_MKL46Z4.o)
                0x0000171c                CLOCK_SYS_GetFreq
 .text.CLOCK_SYS_GetCoreClockFreq
                0x00001818       0x34 C:\Freescale\KSDK_1.3.0/lib/ksdk_platform_lib/kds/KL46Z4/debug\libksdk_platform.a(fsl_clock_MKL46Z4.o)
                0x00001818                CLOCK_SYS_GetCoreClockFreq
 .text.CLOCK_SYS_GetSystemClockFreq
                0x0000184c       0x34 C:\Freescale\KSDK_1.3.0/lib/ksdk_platform_lib/kds/KL46Z4/debug\libksdk_platform.a(fsl_clock_MKL46Z4.o)
                0x0000184c                CLOCK_SYS_GetSystemClockFreq
 .text.CLOCK_SYS_GetBusClockFreq
                0x00001880       0x2c C:\Freescale\KSDK_1.3.0/lib/ksdk_platform_lib/kds/KL46Z4/debug\libksdk_platform.a(fsl_clock_MKL46Z4.o)
                0x00001880                CLOCK_SYS_GetBusClockFreq
 .text.CLOCK_SYS_GetFlashClockFreq
                0x000018ac       0x2c C:\Freescale\KSDK_1.3.0/lib/ksdk_platform_lib/kds/KL46Z4/debug\libksdk_platform.a(fsl_clock_MKL46Z4.o)
                0x000018ac                CLOCK_SYS_GetFlashClockFreq
 .text.CLOCK_SYS_GetRtcOutFreq
                0x000018d8       0x24 C:\Freescale\KSDK_1.3.0/lib/ksdk_platform_lib/kds/KL46Z4/debug\libksdk_platform.a(fsl_clock_MKL46Z4.o)
                0x000018d8                CLOCK_SYS_GetRtcOutFreq
 .text.CLOCK_SYS_GetExternalRefClock32kFreq
                0x000018fc       0x6c C:\Freescale\KSDK_1.3.0/lib/ksdk_platform_lib/kds/KL46Z4/debug\libksdk_platform.a(fsl_clock_MKL46Z4.o)
                0x000018fc                CLOCK_SYS_GetExternalRefClock32kFreq
 .text.CLOCK_SYS_GetOsc0ExternalRefClockFreq
                0x00001968       0x2c C:\Freescale\KSDK_1.3.0/lib/ksdk_platform_lib/kds/KL46Z4/debug\libksdk_platform.a(fsl_clock_MKL46Z4.o)
                0x00001968                CLOCK_SYS_GetOsc0ExternalRefClockFreq
 .text.CLOCK_SYS_GetSystickFreq
                0x00001994       0x28 C:\Freescale\KSDK_1.3.0/lib/ksdk_platform_lib/kds/KL46Z4/debug\libksdk_platform.a(fsl_clock_manager.o)
                0x00001994                CLOCK_SYS_GetSystickFreq
 .text.CLOCK_HAL_GetClkOutStat
                0x000019bc       0x20 C:\Freescale\KSDK_1.3.0/lib/ksdk_platform_lib/kds/KL46Z4/debug\libksdk_platform.a(fsl_mcg_hal.o)
 .text.CLOCK_HAL_IsPllSelected
                0x000019dc       0x24 C:\Freescale\KSDK_1.3.0/lib/ksdk_platform_lib/kds/KL46Z4/debug\libksdk_platform.a(fsl_mcg_hal.o)
 .text.CLOCK_HAL_GetMcgExternalClkFreq
                0x00001a00       0x18 C:\Freescale\KSDK_1.3.0/lib/ksdk_platform_lib/kds/KL46Z4/debug\libksdk_platform.a(fsl_mcg_hal.o)
 .text.CLOCK_HAL_TestFllExternalRefFreq
                0x00001a18       0x7c C:\Freescale\KSDK_1.3.0/lib/ksdk_platform_lib/kds/KL46Z4/debug\libksdk_platform.a(fsl_mcg_hal.o)
                0x00001a18                CLOCK_HAL_TestFllExternalRefFreq
 .text.CLOCK_HAL_GetFllRefClk
                0x00001a94       0x8c C:\Freescale\KSDK_1.3.0/lib/ksdk_platform_lib/kds/KL46Z4/debug\libksdk_platform.a(fsl_mcg_hal.o)
                0x00001a94                CLOCK_HAL_GetFllRefClk
 .text.CLOCK_HAL_TestFllFreq
                0x00001b20       0x6c C:\Freescale\KSDK_1.3.0/lib/ksdk_platform_lib/kds/KL46Z4/debug\libksdk_platform.a(fsl_mcg_hal.o)
                0x00001b20                CLOCK_HAL_TestFllFreq
 .text.CLOCK_HAL_GetFllClk
                0x00001b8c       0x7c C:\Freescale\KSDK_1.3.0/lib/ksdk_platform_lib/kds/KL46Z4/debug\libksdk_platform.a(fsl_mcg_hal.o)
                0x00001b8c                CLOCK_HAL_GetFllClk
 .text.CLOCK_HAL_GetPll0RefFreq
                0x00001c08       0x1c C:\Freescale\KSDK_1.3.0/lib/ksdk_platform_lib/kds/KL46Z4/debug\libksdk_platform.a(fsl_mcg_hal.o)
                0x00001c08                CLOCK_HAL_GetPll0RefFreq
 .text.CLOCK_HAL_GetPll0Clk
                0x00001c24       0x90 C:\Freescale\KSDK_1.3.0/lib/ksdk_platform_lib/kds/KL46Z4/debug\libksdk_platform.a(fsl_mcg_hal.o)
                0x00001c24                CLOCK_HAL_GetPll0Clk
 .text.CLOCK_HAL_GetInternalRefClk
                0x00001cb4       0x64 C:\Freescale\KSDK_1.3.0/lib/ksdk_platform_lib/kds/KL46Z4/debug\libksdk_platform.a(fsl_mcg_hal.o)
                0x00001cb4                CLOCK_HAL_GetInternalRefClk
 .text.CLOCK_HAL_GetFixedFreqClk
                0x00001d18       0x3c C:\Freescale\KSDK_1.3.0/lib/ksdk_platform_lib/kds/KL46Z4/debug\libksdk_platform.a(fsl_mcg_hal.o)
                0x00001d18                CLOCK_HAL_GetFixedFreqClk
 .text.CLOCK_HAL_GetOutClk
                0x00001d54       0x7c C:\Freescale\KSDK_1.3.0/lib/ksdk_platform_lib/kds/KL46Z4/debug\libksdk_platform.a(fsl_mcg_hal.o)
                0x00001d54                CLOCK_HAL_GetOutClk
 .text.__assert_func
                0x00001dd0       0x3c c:/freescale/kds_3.0.0/toolchain/bin/../lib/gcc/arm-none-eabi/4.8.4/../../../../arm-none-eabi/lib/armv6-m\libg_s.a(lib_a-assert.o)
                0x00001dd0                __assert_func
 .text.exit     0x00001e0c       0x2c c:/freescale/kds_3.0.0/toolchain/bin/../lib/gcc/arm-none-eabi/4.8.4/../../../../arm-none-eabi/lib/armv6-m\libg_s.a(lib_a-exit.o)
                0x00001e0c                exit
 .text.fprintf  0x00001e38       0x24 c:/freescale/kds_3.0.0/toolchain/bin/../lib/gcc/arm-none-eabi/4.8.4/../../../../arm-none-eabi/lib/armv6-m\libg_s.a(lib_a-fprintf.o)
                0x00001e38                fiprintf
                0x00001e38                fprintf
 .text.__libc_init_array
                0x00001e5c       0x4c c:/freescale/kds_3.0.0/toolchain/bin/../lib/gcc/arm-none-eabi/4.8.4/../../../../arm-none-eabi/lib/armv6-m\libg_s.a(lib_a-init.o)
                0x00001e5c                __libc_init_array
 .text.memset   0x00001ea8       0x10 c:/freescale/kds_3.0.0/toolchain/bin/../lib/gcc/arm-none-eabi/4.8.4/../../../../arm-none-eabi/lib/armv6-m\libg_s.a(lib_a-memset.o)
                0x00001ea8                memset
 .text._free_r  0x00001eb8       0x90 c:/freescale/kds_3.0.0/toolchain/bin/../lib/gcc/arm-none-eabi/4.8.4/../../../../arm-none-eabi/lib/armv6-m\libg_s.a(lib_a-nano-freer.o)
                0x00001eb8                _free_r
 .text._malloc_r
                0x00001f48       0xa8 c:/freescale/kds_3.0.0/toolchain/bin/../lib/gcc/arm-none-eabi/4.8.4/../../../../arm-none-eabi/lib/armv6-m\libg_s.a(lib_a-nano-mallocr.o)
                0x00001f48                _malloc_r
 .text._sbrk_r  0x00001ff0       0x24 c:/freescale/kds_3.0.0/toolchain/bin/../lib/gcc/arm-none-eabi/4.8.4/../../../../arm-none-eabi/lib/armv6-m\libg_s.a(lib_a-sbrkr.o)
                0x00001ff0                _sbrk_r
 .text.__sfputc_r
                0x00002014       0x2a c:/freescale/kds_3.0.0/toolchain/bin/../lib/gcc/arm-none-eabi/4.8.4/../../../../arm-none-eabi/lib/armv6-m\libg_s.a(lib_a-vfprintf.o)
 .text.__sfputs_r
                0x0000203e       0x24 c:/freescale/kds_3.0.0/toolchain/bin/../lib/gcc/arm-none-eabi/4.8.4/../../../../arm-none-eabi/lib/armv6-m\libg_s.a(lib_a-vfprintf.o)
                0x0000203e                __sfputs_r
 *fill*         0x00002062        0x2 
 .text._vfprintf_r
                0x00002064      0x210 c:/freescale/kds_3.0.0/toolchain/bin/../lib/gcc/arm-none-eabi/4.8.4/../../../../arm-none-eabi/lib/armv6-m\libg_s.a(lib_a-vfprintf.o)
                0x00002064                _vfprintf_r
                0x00002064                _vfiprintf_r
 .text._printf_common
                0x00002274       0xe8 c:/freescale/kds_3.0.0/toolchain/bin/../lib/gcc/arm-none-eabi/4.8.4/../../../../arm-none-eabi/lib/armv6-m\libg_s.a(lib_a-vfprintf_i.o)
                0x00002274                _printf_common
 .text._printf_i
                0x0000235c      0x22c c:/freescale/kds_3.0.0/toolchain/bin/../lib/gcc/arm-none-eabi/4.8.4/../../../../arm-none-eabi/lib/armv6-m\libg_s.a(lib_a-vfprintf_i.o)
                0x0000235c                _printf_i
 .text.__swbuf_r
                0x00002588       0xb0 c:/freescale/kds_3.0.0/toolchain/bin/../lib/gcc/arm-none-eabi/4.8.4/../../../../arm-none-eabi/lib/armv6-m\libg_s.a(lib_a-wbuf.o)
                0x00002588                __swbuf_r
 .text.__swsetup_r
                0x00002638       0xe4 c:/freescale/kds_3.0.0/toolchain/bin/../lib/gcc/arm-none-eabi/4.8.4/../../../../arm-none-eabi/lib/armv6-m\libg_s.a(lib_a-wsetup.o)
                0x00002638                __swsetup_r
 .text.abort    0x0000271c        0xe c:/freescale/kds_3.0.0/toolchain/bin/../lib/gcc/arm-none-eabi/4.8.4/../../../../arm-none-eabi/lib/armv6-m\libg_s.a(lib_a-abort.o)
                0x0000271c                abort
 .text.__sflush_r
                0x0000272a      0x112 c:/freescale/kds_3.0.0/toolchain/bin/../lib/gcc/arm-none-eabi/4.8.4/../../../../arm-none-eabi/lib/armv6-m\libg_s.a(lib_a-fflush.o)
                0x0000272a                __sflush_r
 .text._fflush_r
                0x0000283c       0x58 c:/freescale/kds_3.0.0/toolchain/bin/../lib/gcc/arm-none-eabi/4.8.4/../../../../arm-none-eabi/lib/armv6-m\libg_s.a(lib_a-fflush.o)
                0x0000283c                _fflush_r
 .text._cleanup_r
                0x00002894       0x34 c:/freescale/kds_3.0.0/toolchain/bin/../lib/gcc/arm-none-eabi/4.8.4/../../../../arm-none-eabi/lib/armv6-m\libg_s.a(lib_a-findfp.o)
                0x00002894                _cleanup_r
 .text.std.isra.0
                0x000028c8       0x48 c:/freescale/kds_3.0.0/toolchain/bin/../lib/gcc/arm-none-eabi/4.8.4/../../../../arm-none-eabi/lib/armv6-m\libg_s.a(lib_a-findfp.o)
 .text.__sfmoreglue
                0x00002910       0x2c c:/freescale/kds_3.0.0/toolchain/bin/../lib/gcc/arm-none-eabi/4.8.4/../../../../arm-none-eabi/lib/armv6-m\libg_s.a(lib_a-findfp.o)
                0x00002910                __sfmoreglue
 .text.__sinit  0x0000293c       0x64 c:/freescale/kds_3.0.0/toolchain/bin/../lib/gcc/arm-none-eabi/4.8.4/../../../../arm-none-eabi/lib/armv6-m\libg_s.a(lib_a-findfp.o)
                0x0000293c                __sinit
 .text.__sfp    0x000029a0       0x7c c:/freescale/kds_3.0.0/toolchain/bin/../lib/gcc/arm-none-eabi/4.8.4/../../../../arm-none-eabi/lib/armv6-m\libg_s.a(lib_a-findfp.o)
                0x000029a0                __sfp
 .text.__smakebuf_r
                0x00002a1c       0xa0 c:/freescale/kds_3.0.0/toolchain/bin/../lib/gcc/arm-none-eabi/4.8.4/../../../../arm-none-eabi/lib/armv6-m\libg_s.a(lib_a-makebuf.o)
                0x00002a1c                __smakebuf_r
 .text.memchr   0x00002abc       0x16 c:/freescale/kds_3.0.0/toolchain/bin/../lib/gcc/arm-none-eabi/4.8.4/../../../../arm-none-eabi/lib/armv6-m\libg_s.a(lib_a-memchr-stub.o)
                0x00002abc                memchr
 .text._raise_r
                0x00002ad2       0x56 c:/freescale/kds_3.0.0/toolchain/bin/../lib/gcc/arm-none-eabi/4.8.4/../../../../arm-none-eabi/lib/armv6-m\libg_s.a(lib_a-signal.o)
                0x00002ad2                _raise_r
 .text.raise    0x00002b28       0x14 c:/freescale/kds_3.0.0/toolchain/bin/../lib/gcc/arm-none-eabi/4.8.4/../../../../arm-none-eabi/lib/armv6-m\libg_s.a(lib_a-signal.o)
                0x00002b28                raise
 .text._kill_r  0x00002b3c       0x24 c:/freescale/kds_3.0.0/toolchain/bin/../lib/gcc/arm-none-eabi/4.8.4/../../../../arm-none-eabi/lib/armv6-m\libg_s.a(lib_a-signalr.o)
                0x00002b3c                _kill_r
 .text._getpid_r
                0x00002b60        0x8 c:/freescale/kds_3.0.0/toolchain/bin/../lib/gcc/arm-none-eabi/4.8.4/../../../../arm-none-eabi/lib/armv6-m\libg_s.a(lib_a-signalr.o)
                0x00002b60                _getpid_r
 .text.__sread  0x00002b68       0x28 c:/freescale/kds_3.0.0/toolchain/bin/../lib/gcc/arm-none-eabi/4.8.4/../../../../arm-none-eabi/lib/armv6-m\libg_s.a(lib_a-stdio.o)
                0x00002b68                __sread
 .text.__swrite
                0x00002b90       0x38 c:/freescale/kds_3.0.0/toolchain/bin/../lib/gcc/arm-none-eabi/4.8.4/../../../../arm-none-eabi/lib/armv6-m\libg_s.a(lib_a-stdio.o)
                0x00002b90                __swrite
 .text.__sseek  0x00002bc8       0x2c c:/freescale/kds_3.0.0/toolchain/bin/../lib/gcc/arm-none-eabi/4.8.4/../../../../arm-none-eabi/lib/armv6-m\libg_s.a(lib_a-stdio.o)
                0x00002bc8                __sseek
 .text.__sclose
                0x00002bf4        0xc c:/freescale/kds_3.0.0/toolchain/bin/../lib/gcc/arm-none-eabi/4.8.4/../../../../arm-none-eabi/lib/armv6-m\libg_s.a(lib_a-stdio.o)
                0x00002bf4                __sclose
 .text.strlen   0x00002c00        0xe c:/freescale/kds_3.0.0/toolchain/bin/../lib/gcc/arm-none-eabi/4.8.4/../../../../arm-none-eabi/lib/armv6-m\libg_s.a(lib_a-strlen.o)
                0x00002c00                strlen
 *fill*         0x00002c0e        0x2 
 .text._write_r
                0x00002c10       0x28 c:/freescale/kds_3.0.0/toolchain/bin/../lib/gcc/arm-none-eabi/4.8.4/../../../../arm-none-eabi/lib/armv6-m\libg_s.a(lib_a-writer.o)
                0x00002c10                _write_r
 .text._close_r
                0x00002c38       0x24 c:/freescale/kds_3.0.0/toolchain/bin/../lib/gcc/arm-none-eabi/4.8.4/../../../../arm-none-eabi/lib/armv6-m\libg_s.a(lib_a-closer.o)
                0x00002c38                _close_r
 .text._fstat_r
                0x00002c5c       0x24 c:/freescale/kds_3.0.0/toolchain/bin/../lib/gcc/arm-none-eabi/4.8.4/../../../../arm-none-eabi/lib/armv6-m\libg_s.a(lib_a-fstatr.o)
                0x00002c5c                _fstat_r
 .text._isatty_r
                0x00002c80       0x24 c:/freescale/kds_3.0.0/toolchain/bin/../lib/gcc/arm-none-eabi/4.8.4/../../../../arm-none-eabi/lib/armv6-m\libg_s.a(lib_a-isattyr.o)
                0x00002c80                _isatty_r
 .text._lseek_r
                0x00002ca4       0x28 c:/freescale/kds_3.0.0/toolchain/bin/../lib/gcc/arm-none-eabi/4.8.4/../../../../arm-none-eabi/lib/armv6-m\libg_s.a(lib_a-lseekr.o)
                0x00002ca4                _lseek_r
 .text._read_r  0x00002ccc       0x28 c:/freescale/kds_3.0.0/toolchain/bin/../lib/gcc/arm-none-eabi/4.8.4/../../../../arm-none-eabi/lib/armv6-m\libg_s.a(lib_a-readr.o)
                0x00002ccc                _read_r
 .text._close   0x00002cf4       0x10 c:/freescale/kds_3.0.0/toolchain/bin/../lib/gcc/arm-none-eabi/4.8.4/../../../../arm-none-eabi/lib/armv6-m\libnosys.a(close.o)
                0x00002cf4                _close
 .text._fstat   0x00002d04       0x10 c:/freescale/kds_3.0.0/toolchain/bin/../lib/gcc/arm-none-eabi/4.8.4/../../../../arm-none-eabi/lib/armv6-m\libnosys.a(fstat.o)
                0x00002d04                _fstat
 .text._getpid  0x00002d14       0x10 c:/freescale/kds_3.0.0/toolchain/bin/../lib/gcc/arm-none-eabi/4.8.4/../../../../arm-none-eabi/lib/armv6-m\libnosys.a(getpid.o)
                0x00002d14                _getpid
 .text._isatty  0x00002d24       0x10 c:/freescale/kds_3.0.0/toolchain/bin/../lib/gcc/arm-none-eabi/4.8.4/../../../../arm-none-eabi/lib/armv6-m\libnosys.a(isatty.o)
                0x00002d24                _isatty
 .text._kill    0x00002d34       0x10 c:/freescale/kds_3.0.0/toolchain/bin/../lib/gcc/arm-none-eabi/4.8.4/../../../../arm-none-eabi/lib/armv6-m\libnosys.a(kill.o)
                0x00002d34                _kill
 .text._lseek   0x00002d44       0x10 c:/freescale/kds_3.0.0/toolchain/bin/../lib/gcc/arm-none-eabi/4.8.4/../../../../arm-none-eabi/lib/armv6-m\libnosys.a(lseek.o)
                0x00002d44                _lseek
 .text._read    0x00002d54       0x10 c:/freescale/kds_3.0.0/toolchain/bin/../lib/gcc/arm-none-eabi/4.8.4/../../../../arm-none-eabi/lib/armv6-m\libnosys.a(read.o)
                0x00002d54                _read
 .text._sbrk    0x00002d64       0x34 c:/freescale/kds_3.0.0/toolchain/bin/../lib/gcc/arm-none-eabi/4.8.4/../../../../arm-none-eabi/lib/armv6-m\libnosys.a(sbrk.o)
                0x00002d64                _sbrk
 .text._write   0x00002d98       0x10 c:/freescale/kds_3.0.0/toolchain/bin/../lib/gcc/arm-none-eabi/4.8.4/../../../../arm-none-eabi/lib/armv6-m\libnosys.a(write.o)
                0x00002d98                _write
 .text._exit    0x00002da8        0x4 c:/freescale/kds_3.0.0/toolchain/bin/../lib/gcc/arm-none-eabi/4.8.4/../../../../arm-none-eabi/lib/armv6-m\libnosys.a(_exit.o)
                0x00002da8                _exit
 *(.rodata)
 .rodata        0x00002dac       0x88 ./board/src/board.o
 .rodata        0x00002e34       0xc0 ./Sources/main.o
 .rodata        0x00002ef4       0x64 C:\Freescale\KSDK_1.3.0/lib/ksdk_platform_lib/kds/KL46Z4/debug\libksdk_platform.a(fsl_tpm_hal.o)
 .rodata        0x00002f58       0x4c C:\Freescale\KSDK_1.3.0/lib/ksdk_platform_lib/kds/KL46Z4/debug\libksdk_platform.a(fsl_gpio_hal.o)
 *(.rodata*)
 .rodata.board_gpioLeds
                0x00002fa4       0x18 ./board/src/board.o
 .rodata.board_gpioSw
                0x00002fbc       0x18 ./board/src/board.o
 .rodata.__func__.5172
                0x00002fd4       0x14 ./board/src/board.o
 .rodata.__func__.5148
                0x00002fe8       0x14 ./board/src/board.o
 .rodata.__func__.5142
                0x00002ffc       0x18 ./board/src/board.o
 .rodata.__func__.5250
                0x00003014       0x18 ./board/src/board.o
 .rodata.__func__.5255
                0x0000302c       0x18 ./board/src/board.o
 .rodata.__func__.5260
                0x00003044       0x1c ./board/src/board.o
 .rodata.__func__.5284
                0x00003060       0x18 ./board/src/board.o
 .rodata.__func__.6025
                0x00003078       0x20 ./Sources/main.o
 .rodata.__func__.6043
                0x00003098       0x14 ./Sources/main.o
 .rodata.__func__.6009
                0x000030ac       0x14 ./Sources/main.o
 .rodata.__func__.5935
                0x000030c0       0x18 ./Sources/main.o
 .rodata.__func__.6053
                0x000030d8       0x18 ./Sources/main.o
 .rodata.g_tpmChannelCount
                0x000030f0        0xc C:\Freescale\KSDK_1.3.0/lib/ksdk_platform_lib/kds/KL46Z4/debug\libksdk_platform.a(fsl_tpm_hal.o)
                0x000030f0                g_tpmChannelCount
 .rodata.__func__.5071
                0x000030fc       0x14 C:\Freescale\KSDK_1.3.0/lib/ksdk_platform_lib/kds/KL46Z4/debug\libksdk_platform.a(fsl_tpm_hal.o)
 .rodata.__func__.5093
                0x00003110       0x20 C:\Freescale\KSDK_1.3.0/lib/ksdk_platform_lib/kds/KL46Z4/debug\libksdk_platform.a(fsl_tpm_hal.o)
 .rodata.__func__.5098
                0x00003130       0x18 C:\Freescale\KSDK_1.3.0/lib/ksdk_platform_lib/kds/KL46Z4/debug\libksdk_platform.a(fsl_tpm_hal.o)
 .rodata.__func__.5102
                0x00003148       0x14 C:\Freescale\KSDK_1.3.0/lib/ksdk_platform_lib/kds/KL46Z4/debug\libksdk_platform.a(fsl_gpio_hal.o)
 .rodata.CLOCK_SYS_GetFreq
                0x0000315c       0x58 C:\Freescale\KSDK_1.3.0/lib/ksdk_platform_lib/kds/KL46Z4/debug\libksdk_platform.a(fsl_clock_MKL46Z4.o)
 .rodata.g_oscBase
                0x000031b4        0x4 C:\Freescale\KSDK_1.3.0/lib/ksdk_platform_lib/kds/KL46Z4/debug\libksdk_platform.a(fsl_clock_manager_common.o)
                0x000031b4                g_oscBase
 .rodata.fllFactorTable.5252
                0x000031b8       0x10 C:\Freescale\KSDK_1.3.0/lib/ksdk_platform_lib/kds/KL46Z4/debug\libksdk_platform.a(fsl_mcg_hal.o)
 .rodata.str1.1
                0x000031c8       0x3c c:/freescale/kds_3.0.0/toolchain/bin/../lib/gcc/arm-none-eabi/4.8.4/../../../../arm-none-eabi/lib/armv6-m\libg_s.a(lib_a-assert.o)
                                 0x3d (size before relaxing)
 .rodata.str1.1
                0x00003204        0x2 c:/freescale/kds_3.0.0/toolchain/bin/../lib/gcc/arm-none-eabi/4.8.4/../../../../arm-none-eabi/lib/armv6-m\libg_s.a(lib_a-impure.o)
 *fill*         0x00003206        0x2 
 .rodata._global_impure_ptr
                0x00003208        0x4 c:/freescale/kds_3.0.0/toolchain/bin/../lib/gcc/arm-none-eabi/4.8.4/../../../../arm-none-eabi/lib/armv6-m\libg_s.a(lib_a-impure.o)
                0x00003208                _global_impure_ptr
 .rodata.str1.1
                0x0000320c       0x11 c:/freescale/kds_3.0.0/toolchain/bin/../lib/gcc/arm-none-eabi/4.8.4/../../../../arm-none-eabi/lib/armv6-m\libg_s.a(lib_a-vfprintf.o)
 .rodata.str1.1
                0x0000321d       0x22 c:/freescale/kds_3.0.0/toolchain/bin/../lib/gcc/arm-none-eabi/4.8.4/../../../../arm-none-eabi/lib/armv6-m\libg_s.a(lib_a-vfprintf_i.o)
 *fill*         0x0000323f        0x1 
 .rodata.__sf_fake_stdin
                0x00003240       0x20 c:/freescale/kds_3.0.0/toolchain/bin/../lib/gcc/arm-none-eabi/4.8.4/../../../../arm-none-eabi/lib/armv6-m\libg_s.a(lib_a-findfp.o)
                0x00003240                __sf_fake_stdin
 .rodata.__sf_fake_stdout
                0x00003260       0x20 c:/freescale/kds_3.0.0/toolchain/bin/../lib/gcc/arm-none-eabi/4.8.4/../../../../arm-none-eabi/lib/armv6-m\libg_s.a(lib_a-findfp.o)
                0x00003260                __sf_fake_stdout
 .rodata.__sf_fake_stderr
                0x00003280       0x20 c:/freescale/kds_3.0.0/toolchain/bin/../lib/gcc/arm-none-eabi/4.8.4/../../../../arm-none-eabi/lib/armv6-m\libg_s.a(lib_a-findfp.o)
                0x00003280                __sf_fake_stderr
 *(.glue_7)
 .glue_7        0x00000000        0x0 linker stubs
 *(.glue_7t)
 .glue_7t       0x00000000        0x0 linker stubs
 *(.eh_frame)
 .eh_frame      0x000032a0        0x0 c:/freescale/kds_3.0.0/toolchain/bin/../lib/gcc/arm-none-eabi/4.8.4/armv6-m/crtbegin.o
 *(.init)
 .init          0x000032a0        0x4 c:/freescale/kds_3.0.0/toolchain/bin/../lib/gcc/arm-none-eabi/4.8.4/armv6-m/crti.o
                0x000032a0                _init
 .init          0x000032a4        0x8 c:/freescale/kds_3.0.0/toolchain/bin/../lib/gcc/arm-none-eabi/4.8.4/armv6-m/crtn.o
 *(.fini)
 .fini          0x000032ac        0x4 c:/freescale/kds_3.0.0/toolchain/bin/../lib/gcc/arm-none-eabi/4.8.4/armv6-m/crti.o
                0x000032ac                _fini
 .fini          0x000032b0        0x8 c:/freescale/kds_3.0.0/toolchain/bin/../lib/gcc/arm-none-eabi/4.8.4/armv6-m/crtn.o
                0x000032b8                . = ALIGN (0x4)

.vfp11_veneer   0x000032b8        0x0
 .vfp11_veneer  0x00000000        0x0 linker stubs

.v4_bx          0x000032b8        0x0
 .v4_bx         0x00000000        0x0 linker stubs

.iplt           0x000032b8        0x0
 .iplt          0x00000000        0x0 c:/freescale/kds_3.0.0/toolchain/bin/../lib/gcc/arm-none-eabi/4.8.4/armv6-m/crtbegin.o

.ARM.extab
 *(.ARM.extab* .gnu.linkonce.armextab.*)

.ARM            0x000032b8        0x8
                0x000032b8                __exidx_start = .
 *(.ARM.exidx*)
 .ARM.exidx     0x000032b8        0x8 c:/freescale/kds_3.0.0/toolchain/bin/../lib/gcc/arm-none-eabi/4.8.4/../../../../arm-none-eabi/lib/armv6-m/crt0.o
                0x000032c0                __exidx_end = .

.rel.dyn        0x000032c0        0x0
 .rel.iplt      0x00000000        0x0 c:/freescale/kds_3.0.0/toolchain/bin/../lib/gcc/arm-none-eabi/4.8.4/armv6-m/crtbegin.o

.ctors          0x000032c0        0x0
                0x000032c0                __CTOR_LIST__ = .
 *crtbegin.o(.ctors)
 *crtbegin?.o(.ctors)
 *(EXCLUDE_FILE(*crtend.o *crtend?.o) .ctors)
 *(SORT(.ctors.*))
 *(.ctors)
                0x000032c0                __CTOR_END__ = .

.dtors          0x000032c0        0x0
                0x000032c0                __DTOR_LIST__ = .
 *crtbegin.o(.dtors)
 *crtbegin?.o(.dtors)
 *(EXCLUDE_FILE(*crtend.o *crtend?.o) .dtors)
 *(SORT(.dtors.*))
 *(.dtors)
                0x000032c0                __DTOR_END__ = .

.preinit_array  0x000032c0        0x0
                0x000032c0                PROVIDE (__preinit_array_start, .)
 *(.preinit_array*)
                0x000032c0                PROVIDE (__preinit_array_end, .)

.init_array     0x000032c0        0x4
                0x000032c0                PROVIDE (__init_array_start, .)
 *(SORT(.init_array.*))
 *(.init_array*)
 .init_array    0x000032c0        0x4 c:/freescale/kds_3.0.0/toolchain/bin/../lib/gcc/arm-none-eabi/4.8.4/armv6-m/crtbegin.o
                0x000032c4                PROVIDE (__init_array_end, .)

.fini_array     0x000032c4        0x4
                0x000032c4                PROVIDE (__fini_array_start, .)
 *(SORT(.fini_array.*))
 *(.fini_array*)
 .fini_array    0x000032c4        0x4 c:/freescale/kds_3.0.0/toolchain/bin/../lib/gcc/arm-none-eabi/4.8.4/armv6-m/crtbegin.o
                0x000032c8                PROVIDE (__fini_array_end, .)
                0x000032c8                __etext = .
                0x000032c8                __DATA_ROM = .

.mtb            0x1fffe000        0x0
                0x1fffe000                . = ALIGN (0x8)
                0x1fffe000                _mtb_start = .
 *(.mtb_buf)
                0x1fffe000                . = ALIGN (0x8)
                0x1fffe000                _mtb_end = .

.interrupts_ram
                0x1fffe000        0x0
                0x1fffe000                . = ALIGN (0x4)
                0x1fffe000                __VECTOR_RAM__ = .
                0x1fffe000                __interrupts_ram_start__ = .
 *(.m_interrupts_ram)
                0x1fffe000                . = (. + M_VECTOR_RAM_SIZE)
                0x1fffe000                . = ALIGN (0x4)
                0x1fffe000                __interrupts_ram_end__ = .
                0x00000000                __VECTOR_RAM = DEFINED (__ram_vector_table__)?__VECTOR_RAM__:ORIGIN (m_interrupts)
                0x00000000                __RAM_VECTOR_TABLE_SIZE_BYTES = DEFINED (__ram_vector_table__)?(__interrupts_ram_end__ - __interrupts_ram_start__):0x0

.data           0x1fffe000       0x70 load address 0x000032c8
                0x1fffe000                . = ALIGN (0x4)
                0x1fffe000                __DATA_RAM = .
                0x1fffe000                __data_start__ = .
 *(.data)
 *(.data*)
 .data.g_fastInternalRefClkFreq
                0x1fffe000        0x4 C:\Freescale\KSDK_1.3.0/lib/ksdk_platform_lib/kds/KL46Z4/debug\libksdk_platform.a(fsl_mcg_hal.o)
                0x1fffe000                g_fastInternalRefClkFreq
 .data.g_slowInternalRefClkFreq
                0x1fffe004        0x4 C:\Freescale\KSDK_1.3.0/lib/ksdk_platform_lib/kds/KL46Z4/debug\libksdk_platform.a(fsl_mcg_hal.o)
                0x1fffe004                g_slowInternalRefClkFreq
 .data.impure_data
                0x1fffe008       0x60 c:/freescale/kds_3.0.0/toolchain/bin/../lib/gcc/arm-none-eabi/4.8.4/../../../../arm-none-eabi/lib/armv6-m\libg_s.a(lib_a-impure.o)
 .data._impure_ptr
                0x1fffe068        0x4 c:/freescale/kds_3.0.0/toolchain/bin/../lib/gcc/arm-none-eabi/4.8.4/../../../../arm-none-eabi/lib/armv6-m\libg_s.a(lib_a-impure.o)
                0x1fffe068                _impure_ptr
 *(.jcr*)
 .jcr           0x1fffe06c        0x0 c:/freescale/kds_3.0.0/toolchain/bin/../lib/gcc/arm-none-eabi/4.8.4/armv6-m/crtbegin.o
 .jcr           0x1fffe06c        0x4 c:/freescale/kds_3.0.0/toolchain/bin/../lib/gcc/arm-none-eabi/4.8.4/armv6-m/crtend.o
                0x1fffe070                . = ALIGN (0x4)
                0x1fffe070                __data_end__ = .
                0x00003338                __DATA_END = (__DATA_ROM + (__data_end__ - __data_start__))
                0x00040000                text_end = (ORIGIN (m_text) + 0x3fbf0)
                0x00000001                ASSERT ((__DATA_END <= text_end), region m_text overflowed with text and data)

.igot.plt       0x1fffe070        0x0 load address 0x00003338
 .igot.plt      0x00000000        0x0 c:/freescale/kds_3.0.0/toolchain/bin/../lib/gcc/arm-none-eabi/4.8.4/armv6-m/crtbegin.o

.bss            0x1fffe070       0x48 load address 0x00003338
                0x1fffe070                . = ALIGN (0x4)
                0x1fffe070                __START_BSS = .
                0x1fffe070                __bss_start__ = .
 *(.bss)
 .bss           0x1fffe070       0x1c c:/freescale/kds_3.0.0/toolchain/bin/../lib/gcc/arm-none-eabi/4.8.4/armv6-m/crtbegin.o
 *(.bss*)
 .bss.estSW     0x1fffe08c        0x4 ./Sources/key.o
 .bss.eventSW   0x1fffe090        0x4 ./Sources/key.o
 .bss.ValDuty   0x1fffe094        0x4 ./Sources/main.o
                0x1fffe094                ValDuty
 .bss.g_xtal0ClkFreq
                0x1fffe098        0x4 C:\Freescale\KSDK_1.3.0/lib/ksdk_platform_lib/kds/KL46Z4/debug\libksdk_platform.a(fsl_mcg_hal.o)
                0x1fffe098                g_xtal0ClkFreq
 .bss.g_xtalRtcClkFreq
                0x1fffe09c        0x4 C:\Freescale\KSDK_1.3.0/lib/ksdk_platform_lib/kds/KL46Z4/debug\libksdk_platform.a(fsl_mcg_hal.o)
                0x1fffe09c                g_xtalRtcClkFreq
 .bss.__malloc_sbrk_start
                0x1fffe0a0        0x4 c:/freescale/kds_3.0.0/toolchain/bin/../lib/gcc/arm-none-eabi/4.8.4/../../../../arm-none-eabi/lib/armv6-m\libg_s.a(lib_a-nano-mallocr.o)
                0x1fffe0a0                __malloc_sbrk_start
 .bss.__malloc_free_list
                0x1fffe0a4        0x4 c:/freescale/kds_3.0.0/toolchain/bin/../lib/gcc/arm-none-eabi/4.8.4/../../../../arm-none-eabi/lib/armv6-m\libg_s.a(lib_a-nano-mallocr.o)
                0x1fffe0a4                __malloc_free_list
 .bss.heap_end.4246
                0x1fffe0a8        0x4 c:/freescale/kds_3.0.0/toolchain/bin/../lib/gcc/arm-none-eabi/4.8.4/../../../../arm-none-eabi/lib/armv6-m\libnosys.a(sbrk.o)
 *(COMMON)
 COMMON         0x1fffe0ac        0x8 ./Sources/main.o
                0x1fffe0ac                DutyStep
                0x1fffe0b0                Duty100porciento
 COMMON         0x1fffe0b4        0x4 c:/freescale/kds_3.0.0/toolchain/bin/../lib/gcc/arm-none-eabi/4.8.4/../../../../arm-none-eabi/lib/armv6-m\libg_s.a(lib_a-reent.o)
                0x1fffe0b4                errno
                0x1fffe0b8                . = ALIGN (0x4)
                0x1fffe0b8                __bss_end__ = .
                0x1fffe0b8                __END_BSS = .

.heap           0x1fffe0b8      0x400 load address 0x00003380
                0x1fffe0b8                . = ALIGN (0x8)
                0x1fffe0b8                __end__ = .
                0x1fffe0b8                PROVIDE (end, .)
                0x1fffe0b8                __HeapBase = .
                0x1fffe4b8                . = (. + HEAP_SIZE)
 *fill*         0x1fffe0b8      0x400 
                0x1fffe4b8                __HeapLimit = .

.stack          0x1fffe4b8      0x400 load address 0x00003780
                0x1fffe4b8                . = ALIGN (0x8)
                0x1fffe8b8                . = (. + STACK_SIZE)
 *fill*         0x1fffe4b8      0x400 
                0x20006000                __StackTop = (ORIGIN (m_data) + 0x8000)
                0x20005c00                __StackLimit = (__StackTop - STACK_SIZE)
                0x20006000                PROVIDE (__stack, __StackTop)

.ARM.attributes
                0x00000000       0x28
 *(.ARM.attributes)
 .ARM.attributes
                0x00000000       0x1e c:/freescale/kds_3.0.0/toolchain/bin/../lib/gcc/arm-none-eabi/4.8.4/armv6-m/crti.o
 .ARM.attributes
                0x0000001e       0x2c c:/freescale/kds_3.0.0/toolchain/bin/../lib/gcc/arm-none-eabi/4.8.4/armv6-m/crtbegin.o
 .ARM.attributes
                0x0000004a       0x1b c:/freescale/kds_3.0.0/toolchain/bin/../lib/gcc/arm-none-eabi/4.8.4/../../../../arm-none-eabi/lib/armv6-m/crt0.o
 .ARM.attributes
                0x00000065       0x32 ./board/src/board.o
 .ARM.attributes
                0x00000097       0x32 ./Sources/key.o
 .ARM.attributes
                0x000000c9       0x32 ./Sources/main.o
 .ARM.attributes
                0x000000fb       0x32 ./Project_Settings/Startup_Code/startup.o
 .ARM.attributes
                0x0000012d       0x1b ./Project_Settings/Startup_Code/startup_MKL46Z4.o
 .ARM.attributes
                0x00000148       0x32 ./Project_Settings/Startup_Code/system_MKL46Z4.o
 .ARM.attributes
                0x0000017a       0x32 C:\Freescale\KSDK_1.3.0/lib/ksdk_platform_lib/kds/KL46Z4/debug\libksdk_platform.a(fsl_tpm_hal.o)
 .ARM.attributes
                0x000001ac       0x32 C:\Freescale\KSDK_1.3.0/lib/ksdk_platform_lib/kds/KL46Z4/debug\libksdk_platform.a(fsl_gpio_hal.o)
 .ARM.attributes
                0x000001de       0x32 C:\Freescale\KSDK_1.3.0/lib/ksdk_platform_lib/kds/KL46Z4/debug\libksdk_platform.a(fsl_clock_MKL46Z4.o)
 .ARM.attributes
                0x00000210       0x32 C:\Freescale\KSDK_1.3.0/lib/ksdk_platform_lib/kds/KL46Z4/debug\libksdk_platform.a(fsl_clock_manager.o)
 .ARM.attributes
                0x00000242       0x32 C:\Freescale\KSDK_1.3.0/lib/ksdk_platform_lib/kds/KL46Z4/debug\libksdk_platform.a(fsl_clock_manager_common.o)
 .ARM.attributes
                0x00000274       0x32 C:\Freescale\KSDK_1.3.0/lib/ksdk_platform_lib/kds/KL46Z4/debug\libksdk_platform.a(fsl_mcg_hal.o)
 .ARM.attributes
                0x000002a6       0x1e c:/freescale/kds_3.0.0/toolchain/bin/../lib/gcc/arm-none-eabi/4.8.4/armv6-m\libgcc.a(_udivsi3.o)
 .ARM.attributes
                0x000002c4       0x1e c:/freescale/kds_3.0.0/toolchain/bin/../lib/gcc/arm-none-eabi/4.8.4/armv6-m\libgcc.a(_divsi3.o)
 .ARM.attributes
                0x000002e2       0x1e c:/freescale/kds_3.0.0/toolchain/bin/../lib/gcc/arm-none-eabi/4.8.4/armv6-m\libgcc.a(_dvmd_tls.o)
 .ARM.attributes
                0x00000300       0x2c c:/freescale/kds_3.0.0/toolchain/bin/../lib/gcc/arm-none-eabi/4.8.4/../../../../arm-none-eabi/lib/armv6-m\libg_s.a(lib_a-assert.o)
 .ARM.attributes
                0x0000032c       0x2c c:/freescale/kds_3.0.0/toolchain/bin/../lib/gcc/arm-none-eabi/4.8.4/../../../../arm-none-eabi/lib/armv6-m\libg_s.a(lib_a-exit.o)
 .ARM.attributes
                0x00000358       0x2c c:/freescale/kds_3.0.0/toolchain/bin/../lib/gcc/arm-none-eabi/4.8.4/../../../../arm-none-eabi/lib/armv6-m\libg_s.a(lib_a-fprintf.o)
 .ARM.attributes
                0x00000384       0x2c c:/freescale/kds_3.0.0/toolchain/bin/../lib/gcc/arm-none-eabi/4.8.4/../../../../arm-none-eabi/lib/armv6-m\libg_s.a(lib_a-impure.o)
 .ARM.attributes
                0x000003b0       0x2c c:/freescale/kds_3.0.0/toolchain/bin/../lib/gcc/arm-none-eabi/4.8.4/../../../../arm-none-eabi/lib/armv6-m\libg_s.a(lib_a-init.o)
 .ARM.attributes
                0x000003dc       0x2c c:/freescale/kds_3.0.0/toolchain/bin/../lib/gcc/arm-none-eabi/4.8.4/../../../../arm-none-eabi/lib/armv6-m\libg_s.a(lib_a-memset.o)
 .ARM.attributes
                0x00000408       0x2c c:/freescale/kds_3.0.0/toolchain/bin/../lib/gcc/arm-none-eabi/4.8.4/../../../../arm-none-eabi/lib/armv6-m\libg_s.a(lib_a-nano-freer.o)
 .ARM.attributes
                0x00000434       0x2c c:/freescale/kds_3.0.0/toolchain/bin/../lib/gcc/arm-none-eabi/4.8.4/../../../../arm-none-eabi/lib/armv6-m\libg_s.a(lib_a-nano-mallocr.o)
 .ARM.attributes
                0x00000460       0x2c c:/freescale/kds_3.0.0/toolchain/bin/../lib/gcc/arm-none-eabi/4.8.4/../../../../arm-none-eabi/lib/armv6-m\libg_s.a(lib_a-sbrkr.o)
 .ARM.attributes
                0x0000048c       0x2c c:/freescale/kds_3.0.0/toolchain/bin/../lib/gcc/arm-none-eabi/4.8.4/../../../../arm-none-eabi/lib/armv6-m\libg_s.a(lib_a-vfprintf.o)
 .ARM.attributes
                0x000004b8       0x2c c:/freescale/kds_3.0.0/toolchain/bin/../lib/gcc/arm-none-eabi/4.8.4/../../../../arm-none-eabi/lib/armv6-m\libg_s.a(lib_a-vfprintf_i.o)
 .ARM.attributes
                0x000004e4       0x2c c:/freescale/kds_3.0.0/toolchain/bin/../lib/gcc/arm-none-eabi/4.8.4/../../../../arm-none-eabi/lib/armv6-m\libg_s.a(lib_a-wbuf.o)
 .ARM.attributes
                0x00000510       0x2c c:/freescale/kds_3.0.0/toolchain/bin/../lib/gcc/arm-none-eabi/4.8.4/../../../../arm-none-eabi/lib/armv6-m\libg_s.a(lib_a-wsetup.o)
 .ARM.attributes
                0x0000053c       0x2c c:/freescale/kds_3.0.0/toolchain/bin/../lib/gcc/arm-none-eabi/4.8.4/../../../../arm-none-eabi/lib/armv6-m\libg_s.a(lib_a-abort.o)
 .ARM.attributes
                0x00000568       0x2c c:/freescale/kds_3.0.0/toolchain/bin/../lib/gcc/arm-none-eabi/4.8.4/../../../../arm-none-eabi/lib/armv6-m\libg_s.a(lib_a-fflush.o)
 .ARM.attributes
                0x00000594       0x2c c:/freescale/kds_3.0.0/toolchain/bin/../lib/gcc/arm-none-eabi/4.8.4/../../../../arm-none-eabi/lib/armv6-m\libg_s.a(lib_a-findfp.o)
 .ARM.attributes
                0x000005c0       0x2c c:/freescale/kds_3.0.0/toolchain/bin/../lib/gcc/arm-none-eabi/4.8.4/../../../../arm-none-eabi/lib/armv6-m\libg_s.a(lib_a-makebuf.o)
 .ARM.attributes
                0x000005ec       0x2c c:/freescale/kds_3.0.0/toolchain/bin/../lib/gcc/arm-none-eabi/4.8.4/../../../../arm-none-eabi/lib/armv6-m\libg_s.a(lib_a-memchr-stub.o)
 .ARM.attributes
                0x00000618       0x2c c:/freescale/kds_3.0.0/toolchain/bin/../lib/gcc/arm-none-eabi/4.8.4/../../../../arm-none-eabi/lib/armv6-m\libg_s.a(lib_a-reent.o)
 .ARM.attributes
                0x00000644       0x2c c:/freescale/kds_3.0.0/toolchain/bin/../lib/gcc/arm-none-eabi/4.8.4/../../../../arm-none-eabi/lib/armv6-m\libg_s.a(lib_a-signal.o)
 .ARM.attributes
                0x00000670       0x2c c:/freescale/kds_3.0.0/toolchain/bin/../lib/gcc/arm-none-eabi/4.8.4/../../../../arm-none-eabi/lib/armv6-m\libg_s.a(lib_a-signalr.o)
 .ARM.attributes
                0x0000069c       0x2c c:/freescale/kds_3.0.0/toolchain/bin/../lib/gcc/arm-none-eabi/4.8.4/../../../../arm-none-eabi/lib/armv6-m\libg_s.a(lib_a-stdio.o)
 .ARM.attributes
                0x000006c8       0x2c c:/freescale/kds_3.0.0/toolchain/bin/../lib/gcc/arm-none-eabi/4.8.4/../../../../arm-none-eabi/lib/armv6-m\libg_s.a(lib_a-strlen.o)
 .ARM.attributes
                0x000006f4       0x2c c:/freescale/kds_3.0.0/toolchain/bin/../lib/gcc/arm-none-eabi/4.8.4/../../../../arm-none-eabi/lib/armv6-m\libg_s.a(lib_a-writer.o)
 .ARM.attributes
                0x00000720       0x2c c:/freescale/kds_3.0.0/toolchain/bin/../lib/gcc/arm-none-eabi/4.8.4/../../../../arm-none-eabi/lib/armv6-m\libg_s.a(lib_a-closer.o)
 .ARM.attributes
                0x0000074c       0x2c c:/freescale/kds_3.0.0/toolchain/bin/../lib/gcc/arm-none-eabi/4.8.4/../../../../arm-none-eabi/lib/armv6-m\libg_s.a(lib_a-fstatr.o)
 .ARM.attributes
                0x00000778       0x2c c:/freescale/kds_3.0.0/toolchain/bin/../lib/gcc/arm-none-eabi/4.8.4/../../../../arm-none-eabi/lib/armv6-m\libg_s.a(lib_a-isattyr.o)
 .ARM.attributes
                0x000007a4       0x2c c:/freescale/kds_3.0.0/toolchain/bin/../lib/gcc/arm-none-eabi/4.8.4/../../../../arm-none-eabi/lib/armv6-m\libg_s.a(lib_a-lseekr.o)
 .ARM.attributes
                0x000007d0       0x2c c:/freescale/kds_3.0.0/toolchain/bin/../lib/gcc/arm-none-eabi/4.8.4/../../../../arm-none-eabi/lib/armv6-m\libg_s.a(lib_a-readr.o)
 .ARM.attributes
                0x000007fc       0x2c c:/freescale/kds_3.0.0/toolchain/bin/../lib/gcc/arm-none-eabi/4.8.4/../../../../arm-none-eabi/lib/armv6-m\libnosys.a(close.o)
 .ARM.attributes
                0x00000828       0x2c c:/freescale/kds_3.0.0/toolchain/bin/../lib/gcc/arm-none-eabi/4.8.4/../../../../arm-none-eabi/lib/armv6-m\libnosys.a(fstat.o)
 .ARM.attributes
                0x00000854       0x2c c:/freescale/kds_3.0.0/toolchain/bin/../lib/gcc/arm-none-eabi/4.8.4/../../../../arm-none-eabi/lib/armv6-m\libnosys.a(getpid.o)
 .ARM.attributes
                0x00000880       0x2c c:/freescale/kds_3.0.0/toolchain/bin/../lib/gcc/arm-none-eabi/4.8.4/../../../../arm-none-eabi/lib/armv6-m\libnosys.a(isatty.o)
 .ARM.attributes
                0x000008ac       0x2c c:/freescale/kds_3.0.0/toolchain/bin/../lib/gcc/arm-none-eabi/4.8.4/../../../../arm-none-eabi/lib/armv6-m\libnosys.a(kill.o)
 .ARM.attributes
                0x000008d8       0x2c c:/freescale/kds_3.0.0/toolchain/bin/../lib/gcc/arm-none-eabi/4.8.4/../../../../arm-none-eabi/lib/armv6-m\libnosys.a(lseek.o)
 .ARM.attributes
                0x00000904       0x2c c:/freescale/kds_3.0.0/toolchain/bin/../lib/gcc/arm-none-eabi/4.8.4/../../../../arm-none-eabi/lib/armv6-m\libnosys.a(read.o)
 .ARM.attributes
                0x00000930       0x2c c:/freescale/kds_3.0.0/toolchain/bin/../lib/gcc/arm-none-eabi/4.8.4/../../../../arm-none-eabi/lib/armv6-m\libnosys.a(sbrk.o)
 .ARM.attributes
                0x0000095c       0x2c c:/freescale/kds_3.0.0/toolchain/bin/../lib/gcc/arm-none-eabi/4.8.4/../../../../arm-none-eabi/lib/armv6-m\libnosys.a(write.o)
 .ARM.attributes
                0x00000988       0x2c c:/freescale/kds_3.0.0/toolchain/bin/../lib/gcc/arm-none-eabi/4.8.4/../../../../arm-none-eabi/lib/armv6-m\libnosys.a(_exit.o)
 .ARM.attributes
                0x000009b4       0x2c c:/freescale/kds_3.0.0/toolchain/bin/../lib/gcc/arm-none-eabi/4.8.4/armv6-m/crtend.o
 .ARM.attributes
                0x000009e0       0x1e c:/freescale/kds_3.0.0/toolchain/bin/../lib/gcc/arm-none-eabi/4.8.4/armv6-m/crtn.o
                0x00000001                ASSERT ((__StackLimit >= __HeapLimit), region m_data overflowed with stack and heap)
OUTPUT(SD2_PWM.elf elf32-littlearm)

.debug_info     0x00000000     0x6855
 .debug_info    0x00000000      0x93e ./board/src/board.o
 .debug_info    0x0000093e      0x195 ./Sources/key.o
 .debug_info    0x00000ad3      0xf8a ./Sources/main.o
 .debug_info    0x00001a5d      0x296 ./Project_Settings/Startup_Code/startup.o
 .debug_info    0x00001cf3       0x88 ./Project_Settings/Startup_Code/startup_MKL46Z4.o
 .debug_info    0x00001d7b      0x3f5 ./Project_Settings/Startup_Code/system_MKL46Z4.o
 .debug_info    0x00002170      0x4e6 C:\Freescale\KSDK_1.3.0/lib/ksdk_platform_lib/kds/KL46Z4/debug\libksdk_platform.a(fsl_tpm_hal.o)
 .debug_info    0x00002656      0x2d6 C:\Freescale\KSDK_1.3.0/lib/ksdk_platform_lib/kds/KL46Z4/debug\libksdk_platform.a(fsl_gpio_hal.o)
 .debug_info    0x0000292c     0x1829 C:\Freescale\KSDK_1.3.0/lib/ksdk_platform_lib/kds/KL46Z4/debug\libksdk_platform.a(fsl_clock_MKL46Z4.o)
 .debug_info    0x00004155     0x1693 C:\Freescale\KSDK_1.3.0/lib/ksdk_platform_lib/kds/KL46Z4/debug\libksdk_platform.a(fsl_clock_manager.o)
 .debug_info    0x000057e8      0x449 C:\Freescale\KSDK_1.3.0/lib/ksdk_platform_lib/kds/KL46Z4/debug\libksdk_platform.a(fsl_clock_manager_common.o)
 .debug_info    0x00005c31      0xc24 C:\Freescale\KSDK_1.3.0/lib/ksdk_platform_lib/kds/KL46Z4/debug\libksdk_platform.a(fsl_mcg_hal.o)

.debug_abbrev   0x00000000     0x12c2
 .debug_abbrev  0x00000000      0x206 ./board/src/board.o
 .debug_abbrev  0x00000206       0xdf ./Sources/key.o
 .debug_abbrev  0x000002e5      0x247 ./Sources/main.o
 .debug_abbrev  0x0000052c       0xe9 ./Project_Settings/Startup_Code/startup.o
 .debug_abbrev  0x00000615       0x14 ./Project_Settings/Startup_Code/startup_MKL46Z4.o
 .debug_abbrev  0x00000629      0x109 ./Project_Settings/Startup_Code/system_MKL46Z4.o
 .debug_abbrev  0x00000732      0x1c2 C:\Freescale\KSDK_1.3.0/lib/ksdk_platform_lib/kds/KL46Z4/debug\libksdk_platform.a(fsl_tpm_hal.o)
 .debug_abbrev  0x000008f4      0x118 C:\Freescale\KSDK_1.3.0/lib/ksdk_platform_lib/kds/KL46Z4/debug\libksdk_platform.a(fsl_gpio_hal.o)
 .debug_abbrev  0x00000a0c      0x2fe C:\Freescale\KSDK_1.3.0/lib/ksdk_platform_lib/kds/KL46Z4/debug\libksdk_platform.a(fsl_clock_MKL46Z4.o)
 .debug_abbrev  0x00000d0a      0x2a9 C:\Freescale\KSDK_1.3.0/lib/ksdk_platform_lib/kds/KL46Z4/debug\libksdk_platform.a(fsl_clock_manager.o)
 .debug_abbrev  0x00000fb3       0xdb C:\Freescale\KSDK_1.3.0/lib/ksdk_platform_lib/kds/KL46Z4/debug\libksdk_platform.a(fsl_clock_manager_common.o)
 .debug_abbrev  0x0000108e      0x234 C:\Freescale\KSDK_1.3.0/lib/ksdk_platform_lib/kds/KL46Z4/debug\libksdk_platform.a(fsl_mcg_hal.o)

.debug_aranges  0x00000000      0x6d8
 .debug_aranges
                0x00000000       0x78 ./board/src/board.o
 .debug_aranges
                0x00000078       0x30 ./Sources/key.o
 .debug_aranges
                0x000000a8       0xc0 ./Sources/main.o
 .debug_aranges
                0x00000168       0x20 ./Project_Settings/Startup_Code/startup.o
 .debug_aranges
                0x00000188       0x20 ./Project_Settings/Startup_Code/startup_MKL46Z4.o
 .debug_aranges
                0x000001a8       0x28 ./Project_Settings/Startup_Code/system_MKL46Z4.o
 .debug_aranges
                0x000001d0       0x60 C:\Freescale\KSDK_1.3.0/lib/ksdk_platform_lib/kds/KL46Z4/debug\libksdk_platform.a(fsl_tpm_hal.o)
 .debug_aranges
                0x00000230       0x38 C:\Freescale\KSDK_1.3.0/lib/ksdk_platform_lib/kds/KL46Z4/debug\libksdk_platform.a(fsl_gpio_hal.o)
 .debug_aranges
                0x00000268      0x218 C:\Freescale\KSDK_1.3.0/lib/ksdk_platform_lib/kds/KL46Z4/debug\libksdk_platform.a(fsl_clock_MKL46Z4.o)
 .debug_aranges
                0x00000480      0x150 C:\Freescale\KSDK_1.3.0/lib/ksdk_platform_lib/kds/KL46Z4/debug\libksdk_platform.a(fsl_clock_manager.o)
 .debug_aranges
                0x000005d0       0x18 C:\Freescale\KSDK_1.3.0/lib/ksdk_platform_lib/kds/KL46Z4/debug\libksdk_platform.a(fsl_clock_manager_common.o)
 .debug_aranges
                0x000005e8       0xf0 C:\Freescale\KSDK_1.3.0/lib/ksdk_platform_lib/kds/KL46Z4/debug\libksdk_platform.a(fsl_mcg_hal.o)

.debug_ranges   0x00000000      0x600
 .debug_ranges  0x00000000       0x68 ./board/src/board.o
 .debug_ranges  0x00000068       0x20 ./Sources/key.o
 .debug_ranges  0x00000088       0xb0 ./Sources/main.o
 .debug_ranges  0x00000138       0x10 ./Project_Settings/Startup_Code/startup.o
 .debug_ranges  0x00000148       0x18 ./Project_Settings/Startup_Code/system_MKL46Z4.o
 .debug_ranges  0x00000160       0x50 C:\Freescale\KSDK_1.3.0/lib/ksdk_platform_lib/kds/KL46Z4/debug\libksdk_platform.a(fsl_tpm_hal.o)
 .debug_ranges  0x000001b0       0x28 C:\Freescale\KSDK_1.3.0/lib/ksdk_platform_lib/kds/KL46Z4/debug\libksdk_platform.a(fsl_gpio_hal.o)
 .debug_ranges  0x000001d8      0x208 C:\Freescale\KSDK_1.3.0/lib/ksdk_platform_lib/kds/KL46Z4/debug\libksdk_platform.a(fsl_clock_MKL46Z4.o)
 .debug_ranges  0x000003e0      0x140 C:\Freescale\KSDK_1.3.0/lib/ksdk_platform_lib/kds/KL46Z4/debug\libksdk_platform.a(fsl_clock_manager.o)
 .debug_ranges  0x00000520       0xe0 C:\Freescale\KSDK_1.3.0/lib/ksdk_platform_lib/kds/KL46Z4/debug\libksdk_platform.a(fsl_mcg_hal.o)

.debug_macro    0x00000000    0x1cf64
 .debug_macro   0x00000000      0x1bb ./board/src/board.o
 .debug_macro   0x000001bb      0x808 ./board/src/board.o
 .debug_macro   0x000009c3       0x16 ./board/src/board.o
 .debug_macro   0x000009d9       0x16 ./board/src/board.o
 .debug_macro   0x000009ef       0x44 ./board/src/board.o
 .debug_macro   0x00000a33      0x209 ./board/src/board.o
 .debug_macro   0x00000c3c       0x3a ./board/src/board.o
 .debug_macro   0x00000c76       0x3a ./board/src/board.o
 .debug_macro   0x00000cb0       0x26 ./board/src/board.o
 .debug_macro   0x00000cd6      0x306 ./board/src/board.o
 .debug_macro   0x00000fdc       0x6b ./board/src/board.o
 .debug_macro   0x00001047     0xd1e1 ./board/src/board.o
 .debug_macro   0x0000e228       0x22 ./board/src/board.o
 .debug_macro   0x0000e24a       0x58 ./board/src/board.o
 .debug_macro   0x0000e2a2       0x35 ./board/src/board.o
 .debug_macro   0x0000e2d7       0xa3 ./board/src/board.o
 .debug_macro   0x0000e37a       0x16 ./board/src/board.o
 .debug_macro   0x0000e390       0x11 ./board/src/board.o
 .debug_macro   0x0000e3a1       0x16 ./board/src/board.o
 .debug_macro   0x0000e3b7      0x10e ./board/src/board.o
 .debug_macro   0x0000e4c5       0x7f ./board/src/board.o
 .debug_macro   0x0000e544       0x52 ./board/src/board.o
 .debug_macro   0x0000e596       0x16 ./board/src/board.o
 .debug_macro   0x0000e5ac       0x43 ./board/src/board.o
 .debug_macro   0x0000e5ef      0x180 ./board/src/board.o
 .debug_macro   0x0000e76f       0x22 ./board/src/board.o
 .debug_macro   0x0000e791       0x7c ./board/src/board.o
 .debug_macro   0x0000e80d     0xcfd0 ./board/src/board.o
 .debug_macro   0x0001b7dd     0x1177 ./board/src/board.o
 .debug_macro   0x0001c954       0x10 ./board/src/board.o
 .debug_macro   0x0001c964       0x11 ./board/src/board.o
 .debug_macro   0x0001c975       0xa0 ./Sources/key.o
 .debug_macro   0x0001ca15      0x234 ./Sources/main.o
 .debug_macro   0x0001cc49       0x4c ./Sources/main.o
 .debug_macro   0x0001cc95       0x10 ./Sources/main.o
 .debug_macro   0x0001cca5      0x167 ./Project_Settings/Startup_Code/startup.o
 .debug_macro   0x0001ce0c      0x158 ./Project_Settings/Startup_Code/system_MKL46Z4.o

.debug_line     0x00000000     0x2ff4
 .debug_line    0x00000000      0x56a ./board/src/board.o
 .debug_line    0x0000056a      0x2e1 ./Sources/key.o
 .debug_line    0x0000084b      0x6f9 ./Sources/main.o
 .debug_line    0x00000f44      0x357 ./Project_Settings/Startup_Code/startup.o
 .debug_line    0x0000129b       0x6c ./Project_Settings/Startup_Code/startup_MKL46Z4.o
 .debug_line    0x00001307      0x378 ./Project_Settings/Startup_Code/system_MKL46Z4.o
 .debug_line    0x0000167f      0x22a C:\Freescale\KSDK_1.3.0/lib/ksdk_platform_lib/kds/KL46Z4/debug\libksdk_platform.a(fsl_tpm_hal.o)
 .debug_line    0x000018a9      0x180 C:\Freescale\KSDK_1.3.0/lib/ksdk_platform_lib/kds/KL46Z4/debug\libksdk_platform.a(fsl_gpio_hal.o)
 .debug_line    0x00001a29      0x8b5 C:\Freescale\KSDK_1.3.0/lib/ksdk_platform_lib/kds/KL46Z4/debug\libksdk_platform.a(fsl_clock_MKL46Z4.o)
 .debug_line    0x000022de      0x770 C:\Freescale\KSDK_1.3.0/lib/ksdk_platform_lib/kds/KL46Z4/debug\libksdk_platform.a(fsl_clock_manager.o)
 .debug_line    0x00002a4e      0x14e C:\Freescale\KSDK_1.3.0/lib/ksdk_platform_lib/kds/KL46Z4/debug\libksdk_platform.a(fsl_clock_manager_common.o)
 .debug_line    0x00002b9c      0x458 C:\Freescale\KSDK_1.3.0/lib/ksdk_platform_lib/kds/KL46Z4/debug\libksdk_platform.a(fsl_mcg_hal.o)

.debug_str      0x00000000   0x11502a
 .debug_str     0x00000000   0x1120f6 ./board/src/board.o
                             0x11260e (size before relaxing)
 .debug_str     0x001120f6       0x8c ./Sources/key.o
                              0x4f868 (size before relaxing)
 .debug_str     0x00112182      0x960 ./Sources/main.o
                             0x112cbf (size before relaxing)
 .debug_str     0x00112ae2      0x12f ./Project_Settings/Startup_Code/startup.o
                             0x111f5b (size before relaxing)
 .debug_str     0x00112c11       0x77 ./Project_Settings/Startup_Code/system_MKL46Z4.o
                             0x111fa2 (size before relaxing)
 .debug_str     0x00112c88      0x251 C:\Freescale\KSDK_1.3.0/lib/ksdk_platform_lib/kds/KL46Z4/debug\libksdk_platform.a(fsl_tpm_hal.o)
                                0x4ab (size before relaxing)
 .debug_str     0x00112ed9       0x91 C:\Freescale\KSDK_1.3.0/lib/ksdk_platform_lib/kds/KL46Z4/debug\libksdk_platform.a(fsl_gpio_hal.o)
                                0x304 (size before relaxing)
 .debug_str     0x00112f6a      0xe23 C:\Freescale\KSDK_1.3.0/lib/ksdk_platform_lib/kds/KL46Z4/debug\libksdk_platform.a(fsl_clock_MKL46Z4.o)
                               0x15a4 (size before relaxing)
 .debug_str     0x00113d8d      0xc6b C:\Freescale\KSDK_1.3.0/lib/ksdk_platform_lib/kds/KL46Z4/debug\libksdk_platform.a(fsl_clock_manager.o)
                               0x1713 (size before relaxing)
 .debug_str     0x001149f8       0x61 C:\Freescale\KSDK_1.3.0/lib/ksdk_platform_lib/kds/KL46Z4/debug\libksdk_platform.a(fsl_clock_manager_common.o)
                                0x34e (size before relaxing)
 .debug_str     0x00114a59      0x5d1 C:\Freescale\KSDK_1.3.0/lib/ksdk_platform_lib/kds/KL46Z4/debug\libksdk_platform.a(fsl_mcg_hal.o)
                                0xb66 (size before relaxing)

.comment        0x00000000       0x70
 .comment       0x00000000       0x70 ./board/src/board.o
                                 0x71 (size before relaxing)
 .comment       0x00000000       0x71 ./Sources/key.o
 .comment       0x00000000       0x71 ./Sources/main.o
 .comment       0x00000000       0x71 ./Project_Settings/Startup_Code/startup.o
 .comment       0x00000000       0x71 ./Project_Settings/Startup_Code/system_MKL46Z4.o
 .comment       0x00000000       0x71 C:\Freescale\KSDK_1.3.0/lib/ksdk_platform_lib/kds/KL46Z4/debug\libksdk_platform.a(fsl_tpm_hal.o)
 .comment       0x00000000       0x71 C:\Freescale\KSDK_1.3.0/lib/ksdk_platform_lib/kds/KL46Z4/debug\libksdk_platform.a(fsl_gpio_hal.o)
 .comment       0x00000000       0x71 C:\Freescale\KSDK_1.3.0/lib/ksdk_platform_lib/kds/KL46Z4/debug\libksdk_platform.a(fsl_clock_MKL46Z4.o)
 .comment       0x00000000       0x71 C:\Freescale\KSDK_1.3.0/lib/ksdk_platform_lib/kds/KL46Z4/debug\libksdk_platform.a(fsl_clock_manager.o)
 .comment       0x00000000       0x71 C:\Freescale\KSDK_1.3.0/lib/ksdk_platform_lib/kds/KL46Z4/debug\libksdk_platform.a(fsl_clock_manager_common.o)
 .comment       0x00000000       0x71 C:\Freescale\KSDK_1.3.0/lib/ksdk_platform_lib/kds/KL46Z4/debug\libksdk_platform.a(fsl_mcg_hal.o)

.debug_frame    0x00000000     0x20fc
 .debug_frame   0x00000000      0x190 ./board/src/board.o
 .debug_frame   0x00000190       0x70 ./Sources/key.o
 .debug_frame   0x00000200      0x2a8 ./Sources/main.o
 .debug_frame   0x000004a8       0x30 ./Project_Settings/Startup_Code/startup.o
 .debug_frame   0x000004d8       0x4c ./Project_Settings/Startup_Code/system_MKL46Z4.o
 .debug_frame   0x00000524      0x130 C:\Freescale\KSDK_1.3.0/lib/ksdk_platform_lib/kds/KL46Z4/debug\libksdk_platform.a(fsl_tpm_hal.o)
 .debug_frame   0x00000654       0x90 C:\Freescale\KSDK_1.3.0/lib/ksdk_platform_lib/kds/KL46Z4/debug\libksdk_platform.a(fsl_gpio_hal.o)
 .debug_frame   0x000006e4      0x7fc C:\Freescale\KSDK_1.3.0/lib/ksdk_platform_lib/kds/KL46Z4/debug\libksdk_platform.a(fsl_clock_MKL46Z4.o)
 .debug_frame   0x00000ee0      0x4ec C:\Freescale\KSDK_1.3.0/lib/ksdk_platform_lib/kds/KL46Z4/debug\libksdk_platform.a(fsl_clock_manager.o)
 .debug_frame   0x000013cc      0x370 C:\Freescale\KSDK_1.3.0/lib/ksdk_platform_lib/kds/KL46Z4/debug\libksdk_platform.a(fsl_mcg_hal.o)
 .debug_frame   0x0000173c       0x20 c:/freescale/kds_3.0.0/toolchain/bin/../lib/gcc/arm-none-eabi/4.8.4/armv6-m\libgcc.a(_udivsi3.o)
 .debug_frame   0x0000175c       0x20 c:/freescale/kds_3.0.0/toolchain/bin/../lib/gcc/arm-none-eabi/4.8.4/armv6-m\libgcc.a(_divsi3.o)
 .debug_frame   0x0000177c       0x4c c:/freescale/kds_3.0.0/toolchain/bin/../lib/gcc/arm-none-eabi/4.8.4/../../../../arm-none-eabi/lib/armv6-m\libg_s.a(lib_a-assert.o)
 .debug_frame   0x000017c8       0x28 c:/freescale/kds_3.0.0/toolchain/bin/../lib/gcc/arm-none-eabi/4.8.4/../../../../arm-none-eabi/lib/armv6-m\libg_s.a(lib_a-exit.o)
 .debug_frame   0x000017f0       0x4c c:/freescale/kds_3.0.0/toolchain/bin/../lib/gcc/arm-none-eabi/4.8.4/../../../../arm-none-eabi/lib/armv6-m\libg_s.a(lib_a-fprintf.o)
 .debug_frame   0x0000183c       0x2c c:/freescale/kds_3.0.0/toolchain/bin/../lib/gcc/arm-none-eabi/4.8.4/../../../../arm-none-eabi/lib/armv6-m\libg_s.a(lib_a-init.o)
 .debug_frame   0x00001868       0x20 c:/freescale/kds_3.0.0/toolchain/bin/../lib/gcc/arm-none-eabi/4.8.4/../../../../arm-none-eabi/lib/armv6-m\libg_s.a(lib_a-memset.o)
 .debug_frame   0x00001888       0x2c c:/freescale/kds_3.0.0/toolchain/bin/../lib/gcc/arm-none-eabi/4.8.4/../../../../arm-none-eabi/lib/armv6-m\libg_s.a(lib_a-nano-freer.o)
 .debug_frame   0x000018b4       0x2c c:/freescale/kds_3.0.0/toolchain/bin/../lib/gcc/arm-none-eabi/4.8.4/../../../../arm-none-eabi/lib/armv6-m\libg_s.a(lib_a-nano-mallocr.o)
 .debug_frame   0x000018e0       0x2c c:/freescale/kds_3.0.0/toolchain/bin/../lib/gcc/arm-none-eabi/4.8.4/../../../../arm-none-eabi/lib/armv6-m\libg_s.a(lib_a-sbrkr.o)
 .debug_frame   0x0000190c       0xa0 c:/freescale/kds_3.0.0/toolchain/bin/../lib/gcc/arm-none-eabi/4.8.4/../../../../arm-none-eabi/lib/armv6-m\libg_s.a(lib_a-vfprintf.o)
 .debug_frame   0x000019ac       0x54 c:/freescale/kds_3.0.0/toolchain/bin/../lib/gcc/arm-none-eabi/4.8.4/../../../../arm-none-eabi/lib/armv6-m\libg_s.a(lib_a-vfprintf_i.o)
 .debug_frame   0x00001a00       0x44 c:/freescale/kds_3.0.0/toolchain/bin/../lib/gcc/arm-none-eabi/4.8.4/../../../../arm-none-eabi/lib/armv6-m\libg_s.a(lib_a-wbuf.o)
 .debug_frame   0x00001a44       0x2c c:/freescale/kds_3.0.0/toolchain/bin/../lib/gcc/arm-none-eabi/4.8.4/../../../../arm-none-eabi/lib/armv6-m\libg_s.a(lib_a-wsetup.o)
 .debug_frame   0x00001a70       0x28 c:/freescale/kds_3.0.0/toolchain/bin/../lib/gcc/arm-none-eabi/4.8.4/../../../../arm-none-eabi/lib/armv6-m\libg_s.a(lib_a-abort.o)
 .debug_frame   0x00001a98       0x68 c:/freescale/kds_3.0.0/toolchain/bin/../lib/gcc/arm-none-eabi/4.8.4/../../../../arm-none-eabi/lib/armv6-m\libg_s.a(lib_a-fflush.o)
 .debug_frame   0x00001b00      0x148 c:/freescale/kds_3.0.0/toolchain/bin/../lib/gcc/arm-none-eabi/4.8.4/../../../../arm-none-eabi/lib/armv6-m\libg_s.a(lib_a-findfp.o)
 .debug_frame   0x00001c48       0x30 c:/freescale/kds_3.0.0/toolchain/bin/../lib/gcc/arm-none-eabi/4.8.4/../../../../arm-none-eabi/lib/armv6-m\libg_s.a(lib_a-makebuf.o)
 .debug_frame   0x00001c78       0x20 c:/freescale/kds_3.0.0/toolchain/bin/../lib/gcc/arm-none-eabi/4.8.4/../../../../arm-none-eabi/lib/armv6-m\libg_s.a(lib_a-memchr-stub.o)
 .debug_frame   0x00001c98       0x48 c:/freescale/kds_3.0.0/toolchain/bin/../lib/gcc/arm-none-eabi/4.8.4/../../../../arm-none-eabi/lib/armv6-m\libg_s.a(lib_a-reent.o)
 .debug_frame   0x00001ce0       0xe0 c:/freescale/kds_3.0.0/toolchain/bin/../lib/gcc/arm-none-eabi/4.8.4/../../../../arm-none-eabi/lib/armv6-m\libg_s.a(lib_a-signal.o)
 .debug_frame   0x00001dc0       0x44 c:/freescale/kds_3.0.0/toolchain/bin/../lib/gcc/arm-none-eabi/4.8.4/../../../../arm-none-eabi/lib/armv6-m\libg_s.a(lib_a-signalr.o)
 .debug_frame   0x00001e04       0x90 c:/freescale/kds_3.0.0/toolchain/bin/../lib/gcc/arm-none-eabi/4.8.4/../../../../arm-none-eabi/lib/armv6-m\libg_s.a(lib_a-stdio.o)
 .debug_frame   0x00001e94       0x20 c:/freescale/kds_3.0.0/toolchain/bin/../lib/gcc/arm-none-eabi/4.8.4/../../../../arm-none-eabi/lib/armv6-m\libg_s.a(lib_a-strlen.o)
 .debug_frame   0x00001eb4       0x2c c:/freescale/kds_3.0.0/toolchain/bin/../lib/gcc/arm-none-eabi/4.8.4/../../../../arm-none-eabi/lib/armv6-m\libg_s.a(lib_a-writer.o)
 .debug_frame   0x00001ee0       0x2c c:/freescale/kds_3.0.0/toolchain/bin/../lib/gcc/arm-none-eabi/4.8.4/../../../../arm-none-eabi/lib/armv6-m\libg_s.a(lib_a-closer.o)
 .debug_frame   0x00001f0c       0x2c c:/freescale/kds_3.0.0/toolchain/bin/../lib/gcc/arm-none-eabi/4.8.4/../../../../arm-none-eabi/lib/armv6-m\libg_s.a(lib_a-fstatr.o)
 .debug_frame   0x00001f38       0x2c c:/freescale/kds_3.0.0/toolchain/bin/../lib/gcc/arm-none-eabi/4.8.4/../../../../arm-none-eabi/lib/armv6-m\libg_s.a(lib_a-isattyr.o)
 .debug_frame   0x00001f64       0x2c c:/freescale/kds_3.0.0/toolchain/bin/../lib/gcc/arm-none-eabi/4.8.4/../../../../arm-none-eabi/lib/armv6-m\libg_s.a(lib_a-lseekr.o)
 .debug_frame   0x00001f90       0x2c c:/freescale/kds_3.0.0/toolchain/bin/../lib/gcc/arm-none-eabi/4.8.4/../../../../arm-none-eabi/lib/armv6-m\libg_s.a(lib_a-readr.o)
 .debug_frame   0x00001fbc       0x20 c:/freescale/kds_3.0.0/toolchain/bin/../lib/gcc/arm-none-eabi/4.8.4/../../../../arm-none-eabi/lib/armv6-m\libnosys.a(close.o)
 .debug_frame   0x00001fdc       0x20 c:/freescale/kds_3.0.0/toolchain/bin/../lib/gcc/arm-none-eabi/4.8.4/../../../../arm-none-eabi/lib/armv6-m\libnosys.a(fstat.o)
 .debug_frame   0x00001ffc       0x20 c:/freescale/kds_3.0.0/toolchain/bin/../lib/gcc/arm-none-eabi/4.8.4/../../../../arm-none-eabi/lib/armv6-m\libnosys.a(getpid.o)
 .debug_frame   0x0000201c       0x20 c:/freescale/kds_3.0.0/toolchain/bin/../lib/gcc/arm-none-eabi/4.8.4/../../../../arm-none-eabi/lib/armv6-m\libnosys.a(isatty.o)
 .debug_frame   0x0000203c       0x20 c:/freescale/kds_3.0.0/toolchain/bin/../lib/gcc/arm-none-eabi/4.8.4/../../../../arm-none-eabi/lib/armv6-m\libnosys.a(kill.o)
 .debug_frame   0x0000205c       0x20 c:/freescale/kds_3.0.0/toolchain/bin/../lib/gcc/arm-none-eabi/4.8.4/../../../../arm-none-eabi/lib/armv6-m\libnosys.a(lseek.o)
 .debug_frame   0x0000207c       0x20 c:/freescale/kds_3.0.0/toolchain/bin/../lib/gcc/arm-none-eabi/4.8.4/../../../../arm-none-eabi/lib/armv6-m\libnosys.a(read.o)
 .debug_frame   0x0000209c       0x20 c:/freescale/kds_3.0.0/toolchain/bin/../lib/gcc/arm-none-eabi/4.8.4/../../../../arm-none-eabi/lib/armv6-m\libnosys.a(sbrk.o)
 .debug_frame   0x000020bc       0x20 c:/freescale/kds_3.0.0/toolchain/bin/../lib/gcc/arm-none-eabi/4.8.4/../../../../arm-none-eabi/lib/armv6-m\libnosys.a(write.o)
 .debug_frame   0x000020dc       0x20 c:/freescale/kds_3.0.0/toolchain/bin/../lib/gcc/arm-none-eabi/4.8.4/../../../../arm-none-eabi/lib/armv6-m\libnosys.a(_exit.o)

.stab           0x00000000       0xcc
 .stab          0x00000000       0x24 c:/freescale/kds_3.0.0/toolchain/bin/../lib/gcc/arm-none-eabi/4.8.4/../../../../arm-none-eabi/lib/armv6-m\libnosys.a(close.o)
 .stab          0x00000024       0x18 c:/freescale/kds_3.0.0/toolchain/bin/../lib/gcc/arm-none-eabi/4.8.4/../../../../arm-none-eabi/lib/armv6-m\libnosys.a(fstat.o)
                                 0x24 (size before relaxing)
 .stab          0x0000003c       0x18 c:/freescale/kds_3.0.0/toolchain/bin/../lib/gcc/arm-none-eabi/4.8.4/../../../../arm-none-eabi/lib/armv6-m\libnosys.a(getpid.o)
                                 0x24 (size before relaxing)
 .stab          0x00000054       0x18 c:/freescale/kds_3.0.0/toolchain/bin/../lib/gcc/arm-none-eabi/4.8.4/../../../../arm-none-eabi/lib/armv6-m\libnosys.a(isatty.o)
                                 0x24 (size before relaxing)
 .stab          0x0000006c       0x18 c:/freescale/kds_3.0.0/toolchain/bin/../lib/gcc/arm-none-eabi/4.8.4/../../../../arm-none-eabi/lib/armv6-m\libnosys.a(kill.o)
                                 0x24 (size before relaxing)
 .stab          0x00000084       0x18 c:/freescale/kds_3.0.0/toolchain/bin/../lib/gcc/arm-none-eabi/4.8.4/../../../../arm-none-eabi/lib/armv6-m\libnosys.a(lseek.o)
                                 0x24 (size before relaxing)
 .stab          0x0000009c       0x18 c:/freescale/kds_3.0.0/toolchain/bin/../lib/gcc/arm-none-eabi/4.8.4/../../../../arm-none-eabi/lib/armv6-m\libnosys.a(read.o)
                                 0x24 (size before relaxing)
 .stab          0x000000b4       0x18 c:/freescale/kds_3.0.0/toolchain/bin/../lib/gcc/arm-none-eabi/4.8.4/../../../../arm-none-eabi/lib/armv6-m\libnosys.a(write.o)
                                 0x24 (size before relaxing)

.stabstr        0x00000000      0x1b9
 .stabstr       0x00000000      0x1b9 c:/freescale/kds_3.0.0/toolchain/bin/../lib/gcc/arm-none-eabi/4.8.4/../../../../arm-none-eabi/lib/armv6-m\libnosys.a(close.o)
