Archive member included because of file (symbol)

C:\Freescale\KSDK_1.3.0/lib/ksdk_platform_lib/kds/KL46Z4/debug\libksdk_platform.a(fsl_i2c_hal.o)
                              ./board/src/board.o (I2C_HAL_Init)
C:\Freescale\KSDK_1.3.0/lib/ksdk_platform_lib/kds/KL46Z4/debug\libksdk_platform.a(fsl_gpio_hal.o)
                              ./board/src/board.o (GPIO_HAL_SetPinDir)
C:\Freescale\KSDK_1.3.0/lib/ksdk_platform_lib/kds/KL46Z4/debug\libksdk_platform.a(fsl_clock_MKL46Z4.o)
                              ./Sources/main.o (CLOCK_SYS_SetConfiguration)
C:\Freescale\KSDK_1.3.0/lib/ksdk_platform_lib/kds/KL46Z4/debug\libksdk_platform.a(fsl_clock_manager.o)
                              C:\Freescale\KSDK_1.3.0/lib/ksdk_platform_lib/kds/KL46Z4/debug\libksdk_platform.a(fsl_clock_MKL46Z4.o) (CLOCK_SYS_GetSystickFreq)
C:\Freescale\KSDK_1.3.0/lib/ksdk_platform_lib/kds/KL46Z4/debug\libksdk_platform.a(fsl_clock_manager_common.o)
                              C:\Freescale\KSDK_1.3.0/lib/ksdk_platform_lib/kds/KL46Z4/debug\libksdk_platform.a(fsl_clock_MKL46Z4.o) (g_oscBase)
C:\Freescale\KSDK_1.3.0/lib/ksdk_platform_lib/kds/KL46Z4/debug\libksdk_platform.a(fsl_os_abstraction_bm.o)
                              C:\Freescale\KSDK_1.3.0/lib/ksdk_platform_lib/kds/KL46Z4/debug\libksdk_platform.a(fsl_clock_manager.o) (OSA_EnterCritical)
C:\Freescale\KSDK_1.3.0/lib/ksdk_platform_lib/kds/KL46Z4/debug\libksdk_platform.a(fsl_sim_hal_MKL46Z4.o)
                              C:\Freescale\KSDK_1.3.0/lib/ksdk_platform_lib/kds/KL46Z4/debug\libksdk_platform.a(fsl_clock_MKL46Z4.o) (CLOCK_HAL_SetOutDiv)
C:\Freescale\KSDK_1.3.0/lib/ksdk_platform_lib/kds/KL46Z4/debug\libksdk_platform.a(fsl_osc_hal.o)
                              C:\Freescale\KSDK_1.3.0/lib/ksdk_platform_lib/kds/KL46Z4/debug\libksdk_platform.a(fsl_clock_manager.o) (OSC_HAL_SetCapacitor)
C:\Freescale\KSDK_1.3.0/lib/ksdk_platform_lib/kds/KL46Z4/debug\libksdk_platform.a(fsl_mcg_hal.o)
                              C:\Freescale\KSDK_1.3.0/lib/ksdk_platform_lib/kds/KL46Z4/debug\libksdk_platform.a(fsl_clock_MKL46Z4.o) (g_xtal0ClkFreq)
C:\Freescale\KSDK_1.3.0/lib/ksdk_platform_lib/kds/KL46Z4/debug\libksdk_platform.a(fsl_mcg_hal_modes.o)
                              C:\Freescale\KSDK_1.3.0/lib/ksdk_platform_lib/kds/KL46Z4/debug\libksdk_platform.a(fsl_clock_manager.o) (CLOCK_HAL_GetMcgMode)
C:\Freescale\KSDK_1.3.0/lib/ksdk_platform_lib/kds/KL46Z4/debug\libksdk_platform.a(fsl_lptmr_hal.o)
                              C:\Freescale\KSDK_1.3.0/lib/ksdk_platform_lib/kds/KL46Z4/debug\libksdk_platform.a(fsl_os_abstraction_bm.o) (LPTMR_HAL_SetTimerWorkingMode)
C:\Freescale\KSDK_1.3.0/lib/ksdk_platform_lib/kds/KL46Z4/debug\libksdk_platform.a(fsl_interrupt_manager.o)
                              C:\Freescale\KSDK_1.3.0/lib/ksdk_platform_lib/kds/KL46Z4/debug\libksdk_platform.a(fsl_os_abstraction_bm.o) (INT_SYS_InstallHandler)
c:/freescale/kds_3.0.0/toolchain/bin/../lib/gcc/arm-none-eabi/4.8.4/../../../../arm-none-eabi/lib/armv6-m\libm.a(lib_a-w_sqrt.o)
                              ./Sources/main.o (sqrt)
c:/freescale/kds_3.0.0/toolchain/bin/../lib/gcc/arm-none-eabi/4.8.4/../../../../arm-none-eabi/lib/armv6-m\libm.a(lib_a-e_sqrt.o)
                              c:/freescale/kds_3.0.0/toolchain/bin/../lib/gcc/arm-none-eabi/4.8.4/../../../../arm-none-eabi/lib/armv6-m\libm.a(lib_a-w_sqrt.o) (__ieee754_sqrt)
c:/freescale/kds_3.0.0/toolchain/bin/../lib/gcc/arm-none-eabi/4.8.4/../../../../arm-none-eabi/lib/armv6-m\libm.a(lib_a-s_fpclassify.o)
                              c:/freescale/kds_3.0.0/toolchain/bin/../lib/gcc/arm-none-eabi/4.8.4/../../../../arm-none-eabi/lib/armv6-m\libm.a(lib_a-w_sqrt.o) (__fpclassifyd)
c:/freescale/kds_3.0.0/toolchain/bin/../lib/gcc/arm-none-eabi/4.8.4/../../../../arm-none-eabi/lib/armv6-m\libm.a(lib_a-s_lib_ver.o)
                              c:/freescale/kds_3.0.0/toolchain/bin/../lib/gcc/arm-none-eabi/4.8.4/../../../../arm-none-eabi/lib/armv6-m\libm.a(lib_a-w_sqrt.o) (__fdlib_version)
c:/freescale/kds_3.0.0/toolchain/bin/../lib/gcc/arm-none-eabi/4.8.4/../../../../arm-none-eabi/lib/armv6-m\libm.a(lib_a-s_matherr.o)
                              c:/freescale/kds_3.0.0/toolchain/bin/../lib/gcc/arm-none-eabi/4.8.4/../../../../arm-none-eabi/lib/armv6-m\libm.a(lib_a-w_sqrt.o) (matherr)
c:/freescale/kds_3.0.0/toolchain/bin/../lib/gcc/arm-none-eabi/4.8.4/armv6-m\libgcc.a(_udivsi3.o)
                              ./Sources/main.o (__aeabi_uidiv)
c:/freescale/kds_3.0.0/toolchain/bin/../lib/gcc/arm-none-eabi/4.8.4/armv6-m\libgcc.a(_dvmd_tls.o)
                              c:/freescale/kds_3.0.0/toolchain/bin/../lib/gcc/arm-none-eabi/4.8.4/armv6-m\libgcc.a(_udivsi3.o) (__aeabi_idiv0)
c:/freescale/kds_3.0.0/toolchain/bin/../lib/gcc/arm-none-eabi/4.8.4/armv6-m\libgcc.a(_arm_cmpdf2.o)
                              c:/freescale/kds_3.0.0/toolchain/bin/../lib/gcc/arm-none-eabi/4.8.4/../../../../arm-none-eabi/lib/armv6-m\libm.a(lib_a-w_sqrt.o) (__aeabi_dcmplt)
[...]
Memory Configuration

Name             Origin             Length             Attributes
m_interrupts     0x00000000         0x00000100         xr
m_flash_config   0x00000400         0x00000010         xr
m_text           0x00000410         0x0003fbf0         xr
m_data           0x1fffe000         0x00008000         rw
*default*        0x00000000         0xffffffff

Linker script and memory map

LOAD c:/freescale/kds_3.0.0/toolchain/bin/../lib/gcc/arm-none-eabi/4.8.4/armv6-m/crti.o
LOAD c:/freescale/kds_3.0.0/toolchain/bin/../lib/gcc/arm-none-eabi/4.8.4/armv6-m/crtbegin.o
LOAD c:/freescale/kds_3.0.0/toolchain/bin/../lib/gcc/arm-none-eabi/4.8.4/../../../../arm-none-eabi/lib/armv6-m/crt0.o
LOAD ./board/src/LCD.o
LOAD ./board/src/LED_S401.o
LOAD ./board/src/board.o
LOAD ./board/src/mma8451.o
LOAD ./Sources/key.o
LOAD ./Sources/main.o
LOAD ./Project_Settings/Startup_Code/startup.o
LOAD ./Project_Settings/Startup_Code/startup_MKL46Z4.o
LOAD ./Project_Settings/Startup_Code/system_MKL46Z4.o
LOAD C:\Freescale\KSDK_1.3.0/lib/ksdk_platform_lib/kds/KL46Z4/debug\libksdk_platform.a
LOAD c:/freescale/kds_3.0.0/toolchain/bin/../lib/gcc/arm-none-eabi/4.8.4/../../../../arm-none-eabi/lib/armv6-m\libstdc++_s.a
LOAD c:/freescale/kds_3.0.0/toolchain/bin/../lib/gcc/arm-none-eabi/4.8.4/../../../../arm-none-eabi/lib/armv6-m\libm.a
START GROUP
LOAD c:/freescale/kds_3.0.0/toolchain/bin/../lib/gcc/arm-none-eabi/4.8.4/armv6-m\libgcc.a
LOAD c:/freescale/kds_3.0.0/toolchain/bin/../lib/gcc/arm-none-eabi/4.8.4/../../../../arm-none-eabi/lib/armv6-m\libg_s.a
LOAD c:/freescale/kds_3.0.0/toolchain/bin/../lib/gcc/arm-none-eabi/4.8.4/../../../../arm-none-eabi/lib/armv6-m\libc_s.a
END GROUP
START GROUP
LOAD c:/freescale/kds_3.0.0/toolchain/bin/../lib/gcc/arm-none-eabi/4.8.4/armv6-m\libgcc.a
LOAD c:/freescale/kds_3.0.0/toolchain/bin/../lib/gcc/arm-none-eabi/4.8.4/../../../../arm-none-eabi/lib/armv6-m\libc_s.a
LOAD c:/freescale/kds_3.0.0/toolchain/bin/../lib/gcc/arm-none-eabi/4.8.4/../../../../arm-none-eabi/lib/armv6-m\libnosys.a
END GROUP
START GROUP
LOAD c:/freescale/kds_3.0.0/toolchain/bin/../lib/gcc/arm-none-eabi/4.8.4/armv6-m\libgcc.a
LOAD c:/freescale/kds_3.0.0/toolchain/bin/../lib/gcc/arm-none-eabi/4.8.4/../../../../arm-none-eabi/lib/armv6-m\libc_s.a
LOAD c:/freescale/kds_3.0.0/toolchain/bin/../lib/gcc/arm-none-eabi/4.8.4/../../../../arm-none-eabi/lib/armv6-m\libnosys.a
END GROUP
LOAD c:/freescale/kds_3.0.0/toolchain/bin/../lib/gcc/arm-none-eabi/4.8.4/armv6-m/crtend.o
LOAD c:/freescale/kds_3.0.0/toolchain/bin/../lib/gcc/arm-none-eabi/4.8.4/armv6-m/crtn.o
                0x00000400                HEAP_SIZE = DEFINED (__heap_size__)?__heap_size__:0x400
                0x00000400                STACK_SIZE = DEFINED (__stack_size__)?__stack_size__:0x400
                0x00000000                M_VECTOR_RAM_SIZE = DEFINED (__ram_vector_table__)?0x100:0x0

.interrupts     0x00000000       0xc0
                0x00000000                __VECTOR_TABLE = .
                0x00000000                . = ALIGN (0x4)
 *(.isr_vector)
 .isr_vector    0x00000000       0xc0 ./Project_Settings/Startup_Code/startup_MKL46Z4.o
                0x00000000                __isr_vector
                0x000000c0                . = ALIGN (0x4)

.flash_config   0x00000400       0x10
                0x00000400                . = ALIGN (0x4)
 *(.FlashConfig)
 .FlashConfig   0x00000400       0x10 ./Project_Settings/Startup_Code/startup_MKL46Z4.o
                0x00000410                . = ALIGN (0x4)

.text           0x00000410     0x7ab0
                0x00000410                . = ALIGN (0x4)
 *(.text)
 .text          0x00000410       0x60 c:/freescale/kds_3.0.0/toolchain/bin/../lib/gcc/arm-none-eabi/4.8.4/armv6-m/crtbegin.o
 .text          0x00000470       0x78 c:/freescale/kds_3.0.0/toolchain/bin/../lib/gcc/arm-none-eabi/4.8.4/../../../../arm-none-eabi/lib/armv6-m/crt0.o
                0x00000470                _start
                0x00000470                _mainCRTStartup
 .text          0x000004e8       0x18 ./Project_Settings/Startup_Code/startup_MKL46Z4.o
                0x000004e8                Reset_Handler
                0x000004f8                HardFault_Handler
                0x000004f8                SysTick_Handler
                0x000004f8                PendSV_Handler
                0x000004f8                NMI_Handler
                0x000004f8                I2C1_IRQHandler
                0x000004f8                UART1_IRQHandler
                0x000004f8                DMA2_IRQHandler
                0x000004f8                TPM0_IRQHandler
                0x000004f8                I2S0_IRQHandler
                0x000004f8                LLWU_IRQHandler
                0x000004f8                TSI0_IRQHandler
                0x000004f8                UART0_IRQHandler
                0x000004f8                ADC0_IRQHandler
                0x000004f8                SPI1_IRQHandler
                0x000004f8                DefaultISR
                0x000004f8                TPM2_IRQHandler
                0x000004f8                RTC_IRQHandler
                0x000004f8                I2C0_IRQHandler
                0x000004f8                LCD_IRQHandler
                0x000004f8                RTC_Seconds_IRQHandler
                0x000004f8                MCG_IRQHandler
                0x000004f8                UART2_IRQHandler
                0x000004f8                Reserved20_IRQHandler
                0x000004f8                USB0_IRQHandler
                0x000004f8                SVC_Handler
                0x000004f8                DMA3_IRQHandler
                0x000004f8                DMA0_IRQHandler
                0x000004f8                DAC0_IRQHandler
                0x000004f8                TPM1_IRQHandler
                0x000004f8                LVD_LVW_IRQHandler
                0x000004f8                SPI0_IRQHandler
                0x000004f8                PORTA_IRQHandler
                0x000004f8                FTFA_IRQHandler
                0x000004f8                LPTMR0_IRQHandler
                0x000004f8                CMP0_IRQHandler
                0x000004f8                DMA1_IRQHandler
 .text          0x00000500       0x9c c:/freescale/kds_3.0.0/toolchain/bin/../lib/gcc/arm-none-eabi/4.8.4/armv6-m\libgcc.a(_udivsi3.o)
                0x00000500                __aeabi_uidiv
                0x00000500                __udivsi3
                0x00000588                __aeabi_uidivmod
 .text          0x0000059c        0x4 c:/freescale/kds_3.0.0/toolchain/bin/../lib/gcc/arm-none-eabi/4.8.4/armv6-m\libgcc.a(_dvmd_tls.o)
                0x0000059c                __aeabi_idiv0
                0x0000059c                __aeabi_ldiv0
 .text          0x000005a0       0x7c c:/freescale/kds_3.0.0/toolchain/bin/../lib/gcc/arm-none-eabi/4.8.4/armv6-m\libgcc.a(_arm_cmpdf2.o)
                0x000005a0                __aeabi_cdrcmple
                0x000005b0                __aeabi_cdcmple
                0x000005b0                __aeabi_cdcmpeq
                0x000005c0                __aeabi_dcmpeq
                0x000005cc                __aeabi_dcmplt
                0x000005e0                __aeabi_dcmple
                0x000005f4                __aeabi_dcmpgt
                0x00000608                __aeabi_dcmpge
 *fill*         0x0000061c        0x4 
 .text          0x00000620       0x40 c:/freescale/kds_3.0.0/toolchain/bin/../lib/gcc/arm-none-eabi/4.8.4/armv6-m\libgcc.a(_fixunsdfsi.o)
                0x00000620                __aeabi_d2uiz
                0x00000620                __fixunsdfsi
 .text          0x00000660      0x644 c:/freescale/kds_3.0.0/toolchain/bin/../lib/gcc/arm-none-eabi/4.8.4/armv6-m\libgcc.a(adddf3.o)
                0x00000660                __aeabi_dadd
 .text          0x00000ca4      0x648 c:/freescale/kds_3.0.0/toolchain/bin/../lib/gcc/arm-none-eabi/4.8.4/armv6-m\libgcc.a(divdf3.o)
                0x00000ca4                __aeabi_ddiv
 .text          0x000012ec       0x94 c:/freescale/kds_3.0.0/toolchain/bin/../lib/gcc/arm-none-eabi/4.8.4/armv6-m\libgcc.a(eqdf2.o)
                0x000012ec                __nedf2
                0x000012ec                __eqdf2
 .text          0x00001380       0xfc c:/freescale/kds_3.0.0/toolchain/bin/../lib/gcc/arm-none-eabi/4.8.4/armv6-m\libgcc.a(gedf2.o)
                0x00001380                __gedf2
                0x00001380                __gtdf2
 .text          0x0000147c       0xfc c:/freescale/kds_3.0.0/toolchain/bin/../lib/gcc/arm-none-eabi/4.8.4/armv6-m\libgcc.a(ledf2.o)
                0x0000147c                __ledf2
                0x0000147c                __ltdf2
 .text          0x00001578      0x520 c:/freescale/kds_3.0.0/toolchain/bin/../lib/gcc/arm-none-eabi/4.8.4/armv6-m\libgcc.a(muldf3.o)
                0x00001578                __aeabi_dmul
 .text          0x00001a98      0x668 c:/freescale/kds_3.0.0/toolchain/bin/../lib/gcc/arm-none-eabi/4.8.4/armv6-m\libgcc.a(subdf3.o)
                0x00001a98                __aeabi_dsub
 .text          0x00002100       0x68 c:/freescale/kds_3.0.0/toolchain/bin/../lib/gcc/arm-none-eabi/4.8.4/armv6-m\libgcc.a(fixdfsi.o)
                0x00002100                __aeabi_d2iz
 .text          0x00002168       0x68 c:/freescale/kds_3.0.0/toolchain/bin/../lib/gcc/arm-none-eabi/4.8.4/armv6-m\libgcc.a(floatunsidf.o)
                0x00002168                __aeabi_ui2d
 .text          0x000021d0       0x3c c:/freescale/kds_3.0.0/toolchain/bin/../lib/gcc/arm-none-eabi/4.8.4/armv6-m\libgcc.a(_clzsi2.o)
                0x000021d0                __clzsi2
 *(.text*)
 .text.vfnLCD_Init
                0x0000220c      0x180 ./board/src/LCD.o
                0x0000220c                vfnLCD_Init
 .text.vfnLCD_Write_Msg
                0x0000238c       0x74 ./board/src/LCD.o
                0x0000238c                vfnLCD_Write_Msg
 .text.vfnLCD_All_Segments_OFF
                0x00002400       0x48 ./board/src/LCD.o
                0x00002400                vfnLCD_All_Segments_OFF
 .text.vfnLCD_Write_Char
                0x00002448      0x12c ./board/src/LCD.o
                0x00002448                vfnLCD_Write_Char
 .text.I2C_HAL_Enable
                0x00002574       0x1c ./board/src/board.o
 .text.PORT_HAL_SetPullMode
                0x00002590       0x48 ./board/src/board.o
 .text.PORT_HAL_SetPullCmd
                0x000025d8       0x4c ./board/src/board.o
 .text.PORT_HAL_SetMuxMode
                0x00002624       0x4c ./board/src/board.o
 .text.GPIO_HAL_SetPinOutput
                0x00002670       0x3c ./board/src/board.o
 .text.GPIO_HAL_ClearPinOutput
                0x000026ac       0x3c ./board/src/board.o
 .text.GPIO_HAL_TogglePinOutput
                0x000026e8       0x3c ./board/src/board.o
 .text.GPIO_HAL_ReadPinInput
                0x00002724       0x40 ./board/src/board.o
 .text.SIM_HAL_EnableClock
                0x00002764       0x58 ./board/src/board.o
 .text.board_init
                0x000027bc      0x1dc ./board/src/board.o
                0x000027bc                board_init
 .text.board_setLed
                0x00002998       0xc0 ./board/src/board.o
                0x00002998                board_setLed
 .text.board_getSw
                0x00002a58       0x50 ./board/src/board.o
                0x00002a58                board_getSw
 .text.NVIC_EnableIRQ
                0x00002aa8       0x2c ./board/src/mma8451.o
 .text.NVIC_SetPriority
                0x00002ad4       0xe0 ./board/src/mma8451.o
 .text.PORT_HAL_SetMuxMode
                0x00002bb4       0x4c ./board/src/mma8451.o
 .text.PORT_HAL_SetPinIntMode
                0x00002c00       0x4c ./board/src/mma8451.o
 .text.PORT_HAL_ClearPinIntFlag
                0x00002c4c       0x48 ./board/src/mma8451.o
 .text.mma8451_read_reg
                0x00002c94       0x38 ./board/src/mma8451.o
 .text.mma8451_write_reg
                0x00002ccc       0x34 ./board/src/mma8451.o
                0x00002ccc                mma8451_write_reg
 .text.mma8451_init
                0x00002d00      0x318 ./board/src/mma8451.o
                0x00002d00                mma8451_init
 .text.mma8451_DataReadyMode
                0x00003018       0xa8 ./board/src/mma8451.o
                0x00003018                mma8451_DataReadyMode
 .text.mma8451_FreeFallMode
                0x000030c0       0xa8 ./board/src/mma8451.o
                0x000030c0                mma8451_FreeFallMode
 .text.mma8451_getFfall
                0x00003168       0x30 ./board/src/mma8451.o
                0x00003168                mma8451_getFfall
 .text.mma8451_getAcX
                0x00003198       0x2c ./board/src/mma8451.o
                0x00003198                mma8451_getAcX
 .text.mma8451_getAcY
                0x000031c4       0x2c ./board/src/mma8451.o
                0x000031c4                mma8451_getAcY
 .text.mma8451_getAcZ
                0x000031f0       0x2c ./board/src/mma8451.o
                0x000031f0                mma8451_getAcZ
 .text.PORTC_PORTD_IRQHandler
                0x0000321c      0x120 ./board/src/mma8451.o
                0x0000321c                PORTC_PORTD_IRQHandler
 .text.key_init
                0x0000333c       0x48 ./Sources/key.o
                0x0000333c                key_init
 .text.key_getPressEv
                0x00003384       0x44 ./Sources/key.o
                0x00003384                key_getPressEv
 .text.key_periodicTask1ms
                0x000033c8       0xc4 ./Sources/key.o
                0x000033c8                key_periodicTask1ms
 .text.NVIC_EnableIRQ
                0x0000348c       0x2c ./Sources/main.o
 .text.NVIC_ClearPendingIRQ
                0x000034b8       0x2c ./Sources/main.o
 .text.NVIC_SetPriority
                0x000034e4       0xe0 ./Sources/main.o
 .text.SIM_HAL_EnableClock
                0x000035c4       0x58 ./Sources/main.o
 .text.PORT_HAL_SetMuxMode
                0x0000361c       0x4c ./Sources/main.o
 .text.SMC_HAL_SetProtection
                0x00003668       0x1c ./Sources/main.o
 .text.PIT_HAL_Enable
                0x00003684       0x1c ./Sources/main.o
 .text.PIT_HAL_SetTimerRunInDebugCmd
                0x000036a0       0x28 ./Sources/main.o
 .text.PIT_HAL_StartTimer
                0x000036c8       0x48 ./Sources/main.o
 .text.PIT_HAL_SetTimerPeriodByCount
                0x00003710       0x40 ./Sources/main.o
 .text.PIT_HAL_SetIntCmd
                0x00003750       0x50 ./Sources/main.o
 .text.PIT_HAL_ClearIntFlag
                0x000037a0       0x44 ./Sources/main.o
 .text.InitOsc0
                0x000037e4       0x5c ./Sources/main.o
                0x000037e4                InitOsc0
 .text.ClockInit
                0x00003840       0x28 ./Sources/main.o
                0x00003840                ClockInit
 .text.PIT_Init
                0x00003868       0x80 ./Sources/main.o
                0x00003868                PIT_Init
 .text.main     0x000038e8       0x14 ./Sources/main.o
                0x000038e8                main
 .text.mefDetCaida
                0x000038fc      0x21c ./Sources/main.o
                0x000038fc                mefDetCaida
 .text.mefControlLed
                0x00003b18       0x98 ./Sources/main.o
                0x00003b18                mefControlLed
 .text.runMode  0x00003bb0       0x30 ./Sources/main.o
                0x00003bb0                runMode
 .text.vlprMode
                0x00003be0       0x30 ./Sources/main.o
                0x00003be0                vlprMode
 .text.PIT_IRQHandler
                0x00003c10       0x5c ./Sources/main.o
                0x00003c10                PIT_IRQHandler
 .text.init_data_bss
                0x00003c6c       0xc8 ./Project_Settings/Startup_Code/startup.o
                0x00003c6c                init_data_bss
 .text.SystemInit
                0x00003d34       0x18 ./Project_Settings/Startup_Code/system_MKL46Z4.o
                0x00003d34                SystemInit
 .text.I2C_HAL_SendAck
                0x00003d4c       0x1c C:\Freescale\KSDK_1.3.0/lib/ksdk_platform_lib/kds/KL46Z4/debug\libksdk_platform.a(fsl_i2c_hal.o)
 .text.I2C_HAL_SendNak
                0x00003d68       0x1c C:\Freescale\KSDK_1.3.0/lib/ksdk_platform_lib/kds/KL46Z4/debug\libksdk_platform.a(fsl_i2c_hal.o)
 .text.I2C_HAL_SetDirMode
                0x00003d84       0x28 C:\Freescale\KSDK_1.3.0/lib/ksdk_platform_lib/kds/KL46Z4/debug\libksdk_platform.a(fsl_i2c_hal.o)
 .text.I2C_HAL_ReadByte
                0x00003dac       0x18 C:\Freescale\KSDK_1.3.0/lib/ksdk_platform_lib/kds/KL46Z4/debug\libksdk_platform.a(fsl_i2c_hal.o)
 .text.I2C_HAL_GetStatusFlag
                0x00003dc4       0x34 C:\Freescale\KSDK_1.3.0/lib/ksdk_platform_lib/kds/KL46Z4/debug\libksdk_platform.a(fsl_i2c_hal.o)
 .text.I2C_HAL_Init
                0x00003df8       0x50 C:\Freescale\KSDK_1.3.0/lib/ksdk_platform_lib/kds/KL46Z4/debug\libksdk_platform.a(fsl_i2c_hal.o)
                0x00003df8                I2C_HAL_Init
 .text.I2C_HAL_SetBaudRate
                0x00003e48       0xe0 C:\Freescale\KSDK_1.3.0/lib/ksdk_platform_lib/kds/KL46Z4/debug\libksdk_platform.a(fsl_i2c_hal.o)
                0x00003e48                I2C_HAL_SetBaudRate
 .text.I2C_HAL_SendStart
                0x00003f28       0x8c C:\Freescale\KSDK_1.3.0/lib/ksdk_platform_lib/kds/KL46Z4/debug\libksdk_platform.a(fsl_i2c_hal.o)
                0x00003f28                I2C_HAL_SendStart
 .text.I2C_HAL_SendStop
                0x00003fb4       0x78 C:\Freescale\KSDK_1.3.0/lib/ksdk_platform_lib/kds/KL46Z4/debug\libksdk_platform.a(fsl_i2c_hal.o)
                0x00003fb4                I2C_HAL_SendStop
 .text.I2C_HAL_ReadByteBlocking
                0x0000402c       0x44 C:\Freescale\KSDK_1.3.0/lib/ksdk_platform_lib/kds/KL46Z4/debug\libksdk_platform.a(fsl_i2c_hal.o)
                0x0000402c                I2C_HAL_ReadByteBlocking
 .text.I2C_HAL_WriteByteBlocking
                0x00004070       0x54 C:\Freescale\KSDK_1.3.0/lib/ksdk_platform_lib/kds/KL46Z4/debug\libksdk_platform.a(fsl_i2c_hal.o)
                0x00004070                I2C_HAL_WriteByteBlocking
 .text.I2C_HAL_MasterReceiveDataPolling
                0x000040c4      0x19c C:\Freescale\KSDK_1.3.0/lib/ksdk_platform_lib/kds/KL46Z4/debug\libksdk_platform.a(fsl_i2c_hal.o)
                0x000040c4                I2C_HAL_MasterReceiveDataPolling
 .text.I2C_HAL_MasterSendDataPolling
                0x00004260      0x108 C:\Freescale\KSDK_1.3.0/lib/ksdk_platform_lib/kds/KL46Z4/debug\libksdk_platform.a(fsl_i2c_hal.o)
                0x00004260                I2C_HAL_MasterSendDataPolling
 .text.GPIO_HAL_SetPinDir
                0x00004368       0x6c C:\Freescale\KSDK_1.3.0/lib/ksdk_platform_lib/kds/KL46Z4/debug\libksdk_platform.a(fsl_gpio_hal.o)
                0x00004368                GPIO_HAL_SetPinDir
 .text.CLOCK_HAL_SetExternalRefClock32kSrc
                0x000043d4       0x28 C:\Freescale\KSDK_1.3.0/lib/ksdk_platform_lib/kds/KL46Z4/debug\libksdk_platform.a(fsl_clock_MKL46Z4.o)
 .text.CLOCK_HAL_GetExternalRefClock32kSrc
                0x000043fc       0x20 C:\Freescale\KSDK_1.3.0/lib/ksdk_platform_lib/kds/KL46Z4/debug\libksdk_platform.a(fsl_clock_MKL46Z4.o)
 .text.CLOCK_HAL_SetPllfllSel
                0x0000441c       0x2c C:\Freescale\KSDK_1.3.0/lib/ksdk_platform_lib/kds/KL46Z4/debug\libksdk_platform.a(fsl_clock_MKL46Z4.o)
 .text.CLOCK_HAL_GetRtcClkOutSel
                0x00004448       0x24 C:\Freescale\KSDK_1.3.0/lib/ksdk_platform_lib/kds/KL46Z4/debug\libksdk_platform.a(fsl_clock_MKL46Z4.o)
 .text.CLOCK_HAL_GetOutDiv1
                0x0000446c       0x28 C:\Freescale\KSDK_1.3.0/lib/ksdk_platform_lib/kds/KL46Z4/debug\libksdk_platform.a(fsl_clock_MKL46Z4.o)
 .text.CLOCK_HAL_GetOutDiv4
                0x00004494       0x28 C:\Freescale\KSDK_1.3.0/lib/ksdk_platform_lib/kds/KL46Z4/debug\libksdk_platform.a(fsl_clock_MKL46Z4.o)
 .text.CLOCK_SYS_GetLpoClockFreq
                0x000044bc       0x10 C:\Freescale\KSDK_1.3.0/lib/ksdk_platform_lib/kds/KL46Z4/debug\libksdk_platform.a(fsl_clock_MKL46Z4.o)
 .text.OSC_HAL_GetExternalRefClkCmd
                0x000044cc       0x24 C:\Freescale\KSDK_1.3.0/lib/ksdk_platform_lib/kds/KL46Z4/debug\libksdk_platform.a(fsl_clock_MKL46Z4.o)
 .text.CLOCK_SYS_GetFixedFreqClockFreq
                0x000044f0       0x18 C:\Freescale\KSDK_1.3.0/lib/ksdk_platform_lib/kds/KL46Z4/debug\libksdk_platform.a(fsl_clock_MKL46Z4.o)
 .text.CLOCK_SYS_GetRtcOutSrc
                0x00004508       0x18 C:\Freescale\KSDK_1.3.0/lib/ksdk_platform_lib/kds/KL46Z4/debug\libksdk_platform.a(fsl_clock_MKL46Z4.o)
 .text.CLOCK_SYS_SetSimConfigration
                0x00004520       0x48 C:\Freescale\KSDK_1.3.0/lib/ksdk_platform_lib/kds/KL46Z4/debug\libksdk_platform.a(fsl_clock_MKL46Z4.o)
                0x00004520                CLOCK_SYS_SetSimConfigration
 .text.CLOCK_SYS_SetConfiguration
                0x00004568       0x74 C:\Freescale\KSDK_1.3.0/lib/ksdk_platform_lib/kds/KL46Z4/debug\libksdk_platform.a(fsl_clock_MKL46Z4.o)
                0x00004568                CLOCK_SYS_SetConfiguration
 .text.CLOCK_SYS_GetFreq
                0x000045dc       0xfc C:\Freescale\KSDK_1.3.0/lib/ksdk_platform_lib/kds/KL46Z4/debug\libksdk_platform.a(fsl_clock_MKL46Z4.o)
                0x000045dc                CLOCK_SYS_GetFreq
 .text.CLOCK_SYS_GetCoreClockFreq
                0x000046d8       0x34 C:\Freescale\KSDK_1.3.0/lib/ksdk_platform_lib/kds/KL46Z4/debug\libksdk_platform.a(fsl_clock_MKL46Z4.o)
                0x000046d8                CLOCK_SYS_GetCoreClockFreq
 .text.CLOCK_SYS_GetSystemClockFreq
                0x0000470c       0x34 C:\Freescale\KSDK_1.3.0/lib/ksdk_platform_lib/kds/KL46Z4/debug\libksdk_platform.a(fsl_clock_MKL46Z4.o)
                0x0000470c                CLOCK_SYS_GetSystemClockFreq
 .text.CLOCK_SYS_GetBusClockFreq
                0x00004740       0x2c C:\Freescale\KSDK_1.3.0/lib/ksdk_platform_lib/kds/KL46Z4/debug\libksdk_platform.a(fsl_clock_MKL46Z4.o)
                0x00004740                CLOCK_SYS_GetBusClockFreq
 .text.CLOCK_SYS_GetFlashClockFreq
                0x0000476c       0x2c C:\Freescale\KSDK_1.3.0/lib/ksdk_platform_lib/kds/KL46Z4/debug\libksdk_platform.a(fsl_clock_MKL46Z4.o)
                0x0000476c                CLOCK_SYS_GetFlashClockFreq
 .text.CLOCK_SYS_GetRtcOutFreq
                0x00004798       0x24 C:\Freescale\KSDK_1.3.0/lib/ksdk_platform_lib/kds/KL46Z4/debug\libksdk_platform.a(fsl_clock_MKL46Z4.o)
                0x00004798                CLOCK_SYS_GetRtcOutFreq
 .text.CLOCK_SYS_GetExternalRefClock32kFreq
                0x000047bc       0x6c C:\Freescale\KSDK_1.3.0/lib/ksdk_platform_lib/kds/KL46Z4/debug\libksdk_platform.a(fsl_clock_MKL46Z4.o)
                0x000047bc                CLOCK_SYS_GetExternalRefClock32kFreq
 .text.CLOCK_SYS_GetOsc0ExternalRefClockFreq
                0x00004828       0x2c C:\Freescale\KSDK_1.3.0/lib/ksdk_platform_lib/kds/KL46Z4/debug\libksdk_platform.a(fsl_clock_MKL46Z4.o)
                0x00004828                CLOCK_SYS_GetOsc0ExternalRefClockFreq
 .text.CLOCK_HAL_SetClkOutSrc
                0x00004854       0x28 C:\Freescale\KSDK_1.3.0/lib/ksdk_platform_lib/kds/KL46Z4/debug\libksdk_platform.a(fsl_clock_manager.o)
 .text.CLOCK_HAL_GetClkOutStat
                0x0000487c       0x20 C:\Freescale\KSDK_1.3.0/lib/ksdk_platform_lib/kds/KL46Z4/debug\libksdk_platform.a(fsl_clock_manager.o)
 .text.CLOCK_HAL_SetInternalRefClkEnableCmd
                0x0000489c       0x28 C:\Freescale\KSDK_1.3.0/lib/ksdk_platform_lib/kds/KL46Z4/debug\libksdk_platform.a(fsl_clock_manager.o)
 .text.CLOCK_HAL_SetInternalRefClkEnableInStopCmd
                0x000048c4       0x24 C:\Freescale\KSDK_1.3.0/lib/ksdk_platform_lib/kds/KL46Z4/debug\libksdk_platform.a(fsl_clock_manager.o)
 .text.CLOCK_HAL_SetInternalRefClkMode
                0x000048e8       0x24 C:\Freescale\KSDK_1.3.0/lib/ksdk_platform_lib/kds/KL46Z4/debug\libksdk_platform.a(fsl_clock_manager.o)
 .text.CLOCK_HAL_GetInternalRefClkMode
                0x0000490c       0x20 C:\Freescale\KSDK_1.3.0/lib/ksdk_platform_lib/kds/KL46Z4/debug\libksdk_platform.a(fsl_clock_manager.o)
 .text.CLOCK_HAL_SetPll0EnableCmd
                0x0000492c       0x28 C:\Freescale\KSDK_1.3.0/lib/ksdk_platform_lib/kds/KL46Z4/debug\libksdk_platform.a(fsl_clock_manager.o)
 .text.CLOCK_HAL_IsOsc0Stable
                0x00004954       0x24 C:\Freescale\KSDK_1.3.0/lib/ksdk_platform_lib/kds/KL46Z4/debug\libksdk_platform.a(fsl_clock_manager.o)
 .text.OSC_HAL_SetExternalRefClkCmd
                0x00004978       0x28 C:\Freescale\KSDK_1.3.0/lib/ksdk_platform_lib/kds/KL46Z4/debug\libksdk_platform.a(fsl_clock_manager.o)
 .text.OSC_HAL_SetExternalRefClkInStopModeCmd
                0x000049a0       0x28 C:\Freescale\KSDK_1.3.0/lib/ksdk_platform_lib/kds/KL46Z4/debug\libksdk_platform.a(fsl_clock_manager.o)
 .text.CLOCK_SYS_GetSystickFreq
                0x000049c8       0x28 C:\Freescale\KSDK_1.3.0/lib/ksdk_platform_lib/kds/KL46Z4/debug\libksdk_platform.a(fsl_clock_manager.o)
                0x000049c8                CLOCK_SYS_GetSystickFreq
 .text.CLOCK_SYS_FllStableDelay
                0x000049f0       0x24 C:\Freescale\KSDK_1.3.0/lib/ksdk_platform_lib/kds/KL46Z4/debug\libksdk_platform.a(fsl_clock_manager.o)
 .text.CLOCK_SYS_McgModeToIdx
                0x00004a14       0x6c C:\Freescale\KSDK_1.3.0/lib/ksdk_platform_lib/kds/KL46Z4/debug\libksdk_platform.a(fsl_clock_manager.o)
 .text.CLOCK_SYS_SetMcgMode
                0x00004a80      0x210 C:\Freescale\KSDK_1.3.0/lib/ksdk_platform_lib/kds/KL46Z4/debug\libksdk_platform.a(fsl_clock_manager.o)
                0x00004a80                CLOCK_SYS_SetMcgMode
 .text.CLOCK_SYS_OscInit
                0x00004c90       0xf0 C:\Freescale\KSDK_1.3.0/lib/ksdk_platform_lib/kds/KL46Z4/debug\libksdk_platform.a(fsl_clock_manager.o)
                0x00004c90                CLOCK_SYS_OscInit
 .text.CLOCK_SYS_SetOscerConfigration
                0x00004d80       0x3c C:\Freescale\KSDK_1.3.0/lib/ksdk_platform_lib/kds/KL46Z4/debug\libksdk_platform.a(fsl_clock_manager.o)
                0x00004d80                CLOCK_SYS_SetOscerConfigration
 .text.CLOCK_HAL_SetOutDiv
                0x00004dbc       0x50 C:\Freescale\KSDK_1.3.0/lib/ksdk_platform_lib/kds/KL46Z4/debug\libksdk_platform.a(fsl_sim_hal_MKL46Z4.o)
                0x00004dbc                CLOCK_HAL_SetOutDiv
 .text.OSC_HAL_SetCapacitor
                0x00004e0c       0x28 C:\Freescale\KSDK_1.3.0/lib/ksdk_platform_lib/kds/KL46Z4/debug\libksdk_platform.a(fsl_osc_hal.o)
                0x00004e0c                OSC_HAL_SetCapacitor
 .text.CLOCK_HAL_GetClkOutStat
                0x00004e34       0x20 C:\Freescale\KSDK_1.3.0/lib/ksdk_platform_lib/kds/KL46Z4/debug\libksdk_platform.a(fsl_mcg_hal.o)
 .text.CLOCK_HAL_SetInternalRefClkMode
                0x00004e54       0x24 C:\Freescale\KSDK_1.3.0/lib/ksdk_platform_lib/kds/KL46Z4/debug\libksdk_platform.a(fsl_mcg_hal.o)
 .text.CLOCK_HAL_GetInternalRefClkMode
                0x00004e78       0x20 C:\Freescale\KSDK_1.3.0/lib/ksdk_platform_lib/kds/KL46Z4/debug\libksdk_platform.a(fsl_mcg_hal.o)
 .text.CLOCK_HAL_IsPll0Locked
                0x00004e98       0x24 C:\Freescale\KSDK_1.3.0/lib/ksdk_platform_lib/kds/KL46Z4/debug\libksdk_platform.a(fsl_mcg_hal.o)
 .text.CLOCK_HAL_IsPllSelected
                0x00004ebc       0x24 C:\Freescale\KSDK_1.3.0/lib/ksdk_platform_lib/kds/KL46Z4/debug\libksdk_platform.a(fsl_mcg_hal.o)
 .text.CLOCK_HAL_IsOsc0Stable
                0x00004ee0       0x24 C:\Freescale\KSDK_1.3.0/lib/ksdk_platform_lib/kds/KL46Z4/debug\libksdk_platform.a(fsl_mcg_hal.o)
 .text.CLOCK_HAL_PrepareOsc
                0x00004f04       0x3c C:\Freescale\KSDK_1.3.0/lib/ksdk_platform_lib/kds/KL46Z4/debug\libksdk_platform.a(fsl_mcg_hal.o)
                0x00004f04                CLOCK_HAL_PrepareOsc
 .text.CLOCK_HAL_GetMcgExternalClkFreq
                0x00004f40       0x18 C:\Freescale\KSDK_1.3.0/lib/ksdk_platform_lib/kds/KL46Z4/debug\libksdk_platform.a(fsl_mcg_hal.o)
 .text.CLOCK_HAL_TestFllExternalRefFreq
                0x00004f58       0x7c C:\Freescale\KSDK_1.3.0/lib/ksdk_platform_lib/kds/KL46Z4/debug\libksdk_platform.a(fsl_mcg_hal.o)
                0x00004f58                CLOCK_HAL_TestFllExternalRefFreq
 .text.CLOCK_HAL_GetFllRefClk
                0x00004fd4       0x8c C:\Freescale\KSDK_1.3.0/lib/ksdk_platform_lib/kds/KL46Z4/debug\libksdk_platform.a(fsl_mcg_hal.o)
                0x00004fd4                CLOCK_HAL_GetFllRefClk
 .text.CLOCK_HAL_TestFllFreq
                0x00005060       0x6c C:\Freescale\KSDK_1.3.0/lib/ksdk_platform_lib/kds/KL46Z4/debug\libksdk_platform.a(fsl_mcg_hal.o)
                0x00005060                CLOCK_HAL_TestFllFreq
 .text.CLOCK_HAL_GetFllClk
                0x000050cc       0x7c C:\Freescale\KSDK_1.3.0/lib/ksdk_platform_lib/kds/KL46Z4/debug\libksdk_platform.a(fsl_mcg_hal.o)
                0x000050cc                CLOCK_HAL_GetFllClk
 .text.CLOCK_HAL_UpdateFastClkInternalRefDiv
                0x00005148       0xb8 C:\Freescale\KSDK_1.3.0/lib/ksdk_platform_lib/kds/KL46Z4/debug\libksdk_platform.a(fsl_mcg_hal.o)
                0x00005148                CLOCK_HAL_UpdateFastClkInternalRefDiv
 .text.CLOCK_HAL_GetPll0RefFreq
                0x00005200       0x1c C:\Freescale\KSDK_1.3.0/lib/ksdk_platform_lib/kds/KL46Z4/debug\libksdk_platform.a(fsl_mcg_hal.o)
                0x00005200                CLOCK_HAL_GetPll0RefFreq
 .text.CLOCK_HAL_GetPll0Clk
                0x0000521c       0x90 C:\Freescale\KSDK_1.3.0/lib/ksdk_platform_lib/kds/KL46Z4/debug\libksdk_platform.a(fsl_mcg_hal.o)
                0x0000521c                CLOCK_HAL_GetPll0Clk
 .text.CLOCK_HAL_EnablePll0InFllMode
                0x000052ac       0x8c C:\Freescale\KSDK_1.3.0/lib/ksdk_platform_lib/kds/KL46Z4/debug\libksdk_platform.a(fsl_mcg_hal.o)
                0x000052ac                CLOCK_HAL_EnablePll0InFllMode
 .text.CLOCK_HAL_GetInternalRefClk
                0x00005338       0x64 C:\Freescale\KSDK_1.3.0/lib/ksdk_platform_lib/kds/KL46Z4/debug\libksdk_platform.a(fsl_mcg_hal.o)
                0x00005338                CLOCK_HAL_GetInternalRefClk
 .text.CLOCK_HAL_GetFixedFreqClk
                0x0000539c       0x3c C:\Freescale\KSDK_1.3.0/lib/ksdk_platform_lib/kds/KL46Z4/debug\libksdk_platform.a(fsl_mcg_hal.o)
                0x0000539c                CLOCK_HAL_GetFixedFreqClk
 .text.CLOCK_HAL_GetOutClk
                0x000053d8       0x7c C:\Freescale\KSDK_1.3.0/lib/ksdk_platform_lib/kds/KL46Z4/debug\libksdk_platform.a(fsl_mcg_hal.o)
                0x000053d8                CLOCK_HAL_GetOutClk
 .text.CLOCK_HAL_SetOsc0Mode
                0x00005454       0x68 C:\Freescale\KSDK_1.3.0/lib/ksdk_platform_lib/kds/KL46Z4/debug\libksdk_platform.a(fsl_mcg_hal.o)
                0x00005454                CLOCK_HAL_SetOsc0Mode
 .text.CLOCK_HAL_GetClkOutStat
                0x000054bc       0x20 C:\Freescale\KSDK_1.3.0/lib/ksdk_platform_lib/kds/KL46Z4/debug\libksdk_platform.a(fsl_mcg_hal_modes.o)
 .text.CLOCK_HAL_GetFllSrc
                0x000054dc       0x20 C:\Freescale\KSDK_1.3.0/lib/ksdk_platform_lib/kds/KL46Z4/debug\libksdk_platform.a(fsl_mcg_hal_modes.o)
 .text.CLOCK_HAL_GetInternalRefClkMode
                0x000054fc       0x20 C:\Freescale\KSDK_1.3.0/lib/ksdk_platform_lib/kds/KL46Z4/debug\libksdk_platform.a(fsl_mcg_hal_modes.o)
 .text.CLOCK_HAL_SetPll0EnableCmd
                0x0000551c       0x28 C:\Freescale\KSDK_1.3.0/lib/ksdk_platform_lib/kds/KL46Z4/debug\libksdk_platform.a(fsl_mcg_hal_modes.o)
 .text.CLOCK_HAL_IsPll0Locked
                0x00005544       0x24 C:\Freescale\KSDK_1.3.0/lib/ksdk_platform_lib/kds/KL46Z4/debug\libksdk_platform.a(fsl_mcg_hal_modes.o)
 .text.CLOCK_HAL_IsPllSelected
                0x00005568       0x24 C:\Freescale\KSDK_1.3.0/lib/ksdk_platform_lib/kds/KL46Z4/debug\libksdk_platform.a(fsl_mcg_hal_modes.o)
 .text.CLOCK_HAL_IsOsc0Stable
                0x0000558c       0x24 C:\Freescale\KSDK_1.3.0/lib/ksdk_platform_lib/kds/KL46Z4/debug\libksdk_platform.a(fsl_mcg_hal_modes.o)
 .text.CLOCK_HAL_GetMcgMode
                0x000055b0      0x148 C:\Freescale\KSDK_1.3.0/lib/ksdk_platform_lib/kds/KL46Z4/debug\libksdk_platform.a(fsl_mcg_hal_modes.o)
                0x000055b0                CLOCK_HAL_GetMcgMode
 .text.CLOCK_HAL_SetFeiMode
                0x000056f8       0xf8 C:\Freescale\KSDK_1.3.0/lib/ksdk_platform_lib/kds/KL46Z4/debug\libksdk_platform.a(fsl_mcg_hal_modes.o)
                0x000056f8                CLOCK_HAL_SetFeiMode
 .text.CLOCK_HAL_SetFeeMode
                0x000057f0      0x130 C:\Freescale\KSDK_1.3.0/lib/ksdk_platform_lib/kds/KL46Z4/debug\libksdk_platform.a(fsl_mcg_hal_modes.o)
                0x000057f0                CLOCK_HAL_SetFeeMode
 .text.CLOCK_HAL_SetFbiMode
                0x00005920      0x144 C:\Freescale\KSDK_1.3.0/lib/ksdk_platform_lib/kds/KL46Z4/debug\libksdk_platform.a(fsl_mcg_hal_modes.o)
                0x00005920                CLOCK_HAL_SetFbiMode
 .text.CLOCK_HAL_SetFbeMode
                0x00005a64      0x164 C:\Freescale\KSDK_1.3.0/lib/ksdk_platform_lib/kds/KL46Z4/debug\libksdk_platform.a(fsl_mcg_hal_modes.o)
                0x00005a64                CLOCK_HAL_SetFbeMode
 .text.CLOCK_HAL_SetBlpiMode
                0x00005bc8       0x68 C:\Freescale\KSDK_1.3.0/lib/ksdk_platform_lib/kds/KL46Z4/debug\libksdk_platform.a(fsl_mcg_hal_modes.o)
                0x00005bc8                CLOCK_HAL_SetBlpiMode
 .text.CLOCK_HAL_SetBlpeMode
                0x00005c30       0x34 C:\Freescale\KSDK_1.3.0/lib/ksdk_platform_lib/kds/KL46Z4/debug\libksdk_platform.a(fsl_mcg_hal_modes.o)
                0x00005c30                CLOCK_HAL_SetBlpeMode
 .text.CLOCK_HAL_SetPbeMode
                0x00005c64      0x100 C:\Freescale\KSDK_1.3.0/lib/ksdk_platform_lib/kds/KL46Z4/debug\libksdk_platform.a(fsl_mcg_hal_modes.o)
                0x00005c64                CLOCK_HAL_SetPbeMode
 .text.CLOCK_HAL_SetPeeMode
                0x00005d64       0x30 C:\Freescale\KSDK_1.3.0/lib/ksdk_platform_lib/kds/KL46Z4/debug\libksdk_platform.a(fsl_mcg_hal_modes.o)
                0x00005d64                CLOCK_HAL_SetPeeMode
 *fill*         0x00005d94        0x4 
 .text.sqrt     0x00005d98       0xc0 c:/freescale/kds_3.0.0/toolchain/bin/../lib/gcc/arm-none-eabi/4.8.4/../../../../arm-none-eabi/lib/armv6-m\libm.a(lib_a-w_sqrt.o)
                0x00005d98                sqrt
 .text.__ieee754_sqrt
                0x00005e58      0x1cc c:/freescale/kds_3.0.0/toolchain/bin/../lib/gcc/arm-none-eabi/4.8.4/../../../../arm-none-eabi/lib/armv6-m\libm.a(lib_a-e_sqrt.o)
                0x00005e58                __ieee754_sqrt
 .text.__fpclassifyd
                0x00006024       0x60 c:/freescale/kds_3.0.0/toolchain/bin/../lib/gcc/arm-none-eabi/4.8.4/../../../../arm-none-eabi/lib/armv6-m\libm.a(lib_a-s_fpclassify.o)
                0x00006024                __fpclassifyd
 .text.matherr  0x00006084        0x4 c:/freescale/kds_3.0.0/toolchain/bin/../lib/gcc/arm-none-eabi/4.8.4/../../../../arm-none-eabi/lib/armv6-m\libm.a(lib_a-s_matherr.o)
                0x00006084                matherr
 .text.__assert_func
                0x00006088       0x3c c:/freescale/kds_3.0.0/toolchain/bin/../lib/gcc/arm-none-eabi/4.8.4/../../../../arm-none-eabi/lib/armv6-m\libg_s.a(lib_a-assert.o)
                0x00006088                __assert_func
 .text.__errno  0x000060c4        0xc c:/freescale/kds_3.0.0/toolchain/bin/../lib/gcc/arm-none-eabi/4.8.4/../../../../arm-none-eabi/lib/armv6-m\libg_s.a(lib_a-errno.o)
                0x000060c4                __errno
 .text.exit     0x000060d0       0x2c c:/freescale/kds_3.0.0/toolchain/bin/../lib/gcc/arm-none-eabi/4.8.4/../../../../arm-none-eabi/lib/armv6-m\libg_s.a(lib_a-exit.o)
                0x000060d0                exit
 .text.fprintf  0x000060fc       0x24 c:/freescale/kds_3.0.0/toolchain/bin/../lib/gcc/arm-none-eabi/4.8.4/../../../../arm-none-eabi/lib/armv6-m\libg_s.a(lib_a-fprintf.o)
                0x000060fc                fiprintf
                0x000060fc                fprintf
 .text.__libc_init_array
                0x00006120       0x4c c:/freescale/kds_3.0.0/toolchain/bin/../lib/gcc/arm-none-eabi/4.8.4/../../../../arm-none-eabi/lib/armv6-m\libg_s.a(lib_a-init.o)
                0x00006120                __libc_init_array
 .text.memset   0x0000616c       0x10 c:/freescale/kds_3.0.0/toolchain/bin/../lib/gcc/arm-none-eabi/4.8.4/../../../../arm-none-eabi/lib/armv6-m\libg_s.a(lib_a-memset.o)
                0x0000616c                memset
 .text._free_r  0x0000617c       0x90 c:/freescale/kds_3.0.0/toolchain/bin/../lib/gcc/arm-none-eabi/4.8.4/../../../../arm-none-eabi/lib/armv6-m\libg_s.a(lib_a-nano-freer.o)
                0x0000617c                _free_r
 .text._malloc_r
                0x0000620c       0xa8 c:/freescale/kds_3.0.0/toolchain/bin/../lib/gcc/arm-none-eabi/4.8.4/../../../../arm-none-eabi/lib/armv6-m\libg_s.a(lib_a-nano-mallocr.o)
                0x0000620c                _malloc_r
 .text._sbrk_r  0x000062b4       0x24 c:/freescale/kds_3.0.0/toolchain/bin/../lib/gcc/arm-none-eabi/4.8.4/../../../../arm-none-eabi/lib/armv6-m\libg_s.a(lib_a-sbrkr.o)
                0x000062b4                _sbrk_r
 .text.sprintf  0x000062d8       0x44 c:/freescale/kds_3.0.0/toolchain/bin/../lib/gcc/arm-none-eabi/4.8.4/../../../../arm-none-eabi/lib/armv6-m\libg_s.a(lib_a-sprintf.o)
                0x000062d8                siprintf
                0x000062d8                sprintf
 .text.__ssputs_r
                0x0000631c       0xc0 c:/freescale/kds_3.0.0/toolchain/bin/../lib/gcc/arm-none-eabi/4.8.4/../../../../arm-none-eabi/lib/armv6-m\libg_s.a(lib_a-svfprintf.o)
                0x0000631c                __ssputs_r
 .text._svfprintf_r
                0x000063dc      0x1e0 c:/freescale/kds_3.0.0/toolchain/bin/../lib/gcc/arm-none-eabi/4.8.4/../../../../arm-none-eabi/lib/armv6-m\libg_s.a(lib_a-svfprintf.o)
                0x000063dc                _svfiprintf_r
                0x000063dc                _svfprintf_r
 .text.__sfputc_r
                0x000065bc       0x2a c:/freescale/kds_3.0.0/toolchain/bin/../lib/gcc/arm-none-eabi/4.8.4/../../../../arm-none-eabi/lib/armv6-m\libg_s.a(lib_a-vfprintf.o)
 .text.__sfputs_r
                0x000065e6       0x24 c:/freescale/kds_3.0.0/toolchain/bin/../lib/gcc/arm-none-eabi/4.8.4/../../../../arm-none-eabi/lib/armv6-m\libg_s.a(lib_a-vfprintf.o)
                0x000065e6                __sfputs_r
 *fill*         0x0000660a        0x2 
 .text._vfprintf_r
                0x0000660c      0x210 c:/freescale/kds_3.0.0/toolchain/bin/../lib/gcc/arm-none-eabi/4.8.4/../../../../arm-none-eabi/lib/armv6-m\libg_s.a(lib_a-vfprintf.o)
                0x0000660c                _vfprintf_r
                0x0000660c                _vfiprintf_r
 .text._printf_common
                0x0000681c       0xe8 c:/freescale/kds_3.0.0/toolchain/bin/../lib/gcc/arm-none-eabi/4.8.4/../../../../arm-none-eabi/lib/armv6-m\libg_s.a(lib_a-vfprintf_i.o)
                0x0000681c                _printf_common
 .text._printf_i
                0x00006904      0x22c c:/freescale/kds_3.0.0/toolchain/bin/../lib/gcc/arm-none-eabi/4.8.4/../../../../arm-none-eabi/lib/armv6-m\libg_s.a(lib_a-vfprintf_i.o)
                0x00006904                _printf_i
 .text.__swbuf_r
                0x00006b30       0xb0 c:/freescale/kds_3.0.0/toolchain/bin/../lib/gcc/arm-none-eabi/4.8.4/../../../../arm-none-eabi/lib/armv6-m\libg_s.a(lib_a-wbuf.o)
                0x00006b30                __swbuf_r
 .text.__swsetup_r
                0x00006be0       0xe4 c:/freescale/kds_3.0.0/toolchain/bin/../lib/gcc/arm-none-eabi/4.8.4/../../../../arm-none-eabi/lib/armv6-m\libg_s.a(lib_a-wsetup.o)
                0x00006be0                __swsetup_r
 .text.abort    0x00006cc4        0xe c:/freescale/kds_3.0.0/toolchain/bin/../lib/gcc/arm-none-eabi/4.8.4/../../../../arm-none-eabi/lib/armv6-m\libg_s.a(lib_a-abort.o)
                0x00006cc4                abort
 .text.__sflush_r
                0x00006cd2      0x112 c:/freescale/kds_3.0.0/toolchain/bin/../lib/gcc/arm-none-eabi/4.8.4/../../../../arm-none-eabi/lib/armv6-m\libg_s.a(lib_a-fflush.o)
                0x00006cd2                __sflush_r
 .text._fflush_r
                0x00006de4       0x58 c:/freescale/kds_3.0.0/toolchain/bin/../lib/gcc/arm-none-eabi/4.8.4/../../../../arm-none-eabi/lib/armv6-m\libg_s.a(lib_a-fflush.o)
                0x00006de4                _fflush_r
 .text._cleanup_r
                0x00006e3c       0x34 c:/freescale/kds_3.0.0/toolchain/bin/../lib/gcc/arm-none-eabi/4.8.4/../../../../arm-none-eabi/lib/armv6-m\libg_s.a(lib_a-findfp.o)
                0x00006e3c                _cleanup_r
 .text.std.isra.0
                0x00006e70       0x48 c:/freescale/kds_3.0.0/toolchain/bin/../lib/gcc/arm-none-eabi/4.8.4/../../../../arm-none-eabi/lib/armv6-m\libg_s.a(lib_a-findfp.o)
 .text.__sfmoreglue
                0x00006eb8       0x2c c:/freescale/kds_3.0.0/toolchain/bin/../lib/gcc/arm-none-eabi/4.8.4/../../../../arm-none-eabi/lib/armv6-m\libg_s.a(lib_a-findfp.o)
                0x00006eb8                __sfmoreglue
 .text.__sinit  0x00006ee4       0x64 c:/freescale/kds_3.0.0/toolchain/bin/../lib/gcc/arm-none-eabi/4.8.4/../../../../arm-none-eabi/lib/armv6-m\libg_s.a(lib_a-findfp.o)
                0x00006ee4                __sinit
 .text.__sfp    0x00006f48       0x7c c:/freescale/kds_3.0.0/toolchain/bin/../lib/gcc/arm-none-eabi/4.8.4/../../../../arm-none-eabi/lib/armv6-m\libg_s.a(lib_a-findfp.o)
                0x00006f48                __sfp
 .text.__smakebuf_r
                0x00006fc4       0xa0 c:/freescale/kds_3.0.0/toolchain/bin/../lib/gcc/arm-none-eabi/4.8.4/../../../../arm-none-eabi/lib/armv6-m\libg_s.a(lib_a-makebuf.o)
                0x00006fc4                __smakebuf_r
 .text.memchr   0x00007064       0x16 c:/freescale/kds_3.0.0/toolchain/bin/../lib/gcc/arm-none-eabi/4.8.4/../../../../arm-none-eabi/lib/armv6-m\libg_s.a(lib_a-memchr-stub.o)
                0x00007064                memchr
 .text.memcpy   0x0000707a       0x12 c:/freescale/kds_3.0.0/toolchain/bin/../lib/gcc/arm-none-eabi/4.8.4/../../../../arm-none-eabi/lib/armv6-m\libg_s.a(lib_a-memcpy-stub.o)
                0x0000707a                memcpy
 .text.memmove  0x0000708c       0x32 c:/freescale/kds_3.0.0/toolchain/bin/../lib/gcc/arm-none-eabi/4.8.4/../../../../arm-none-eabi/lib/armv6-m\libg_s.a(lib_a-memmove.o)
                0x0000708c                memmove
 .text._realloc_r
                0x000070be       0x4c c:/freescale/kds_3.0.0/toolchain/bin/../lib/gcc/arm-none-eabi/4.8.4/../../../../arm-none-eabi/lib/armv6-m\libg_s.a(lib_a-nano-reallocr.o)
                0x000070be                _realloc_r
 .text._raise_r
                0x0000710a       0x56 c:/freescale/kds_3.0.0/toolchain/bin/../lib/gcc/arm-none-eabi/4.8.4/../../../../arm-none-eabi/lib/armv6-m\libg_s.a(lib_a-signal.o)
                0x0000710a                _raise_r
 .text.raise    0x00007160       0x14 c:/freescale/kds_3.0.0/toolchain/bin/../lib/gcc/arm-none-eabi/4.8.4/../../../../arm-none-eabi/lib/armv6-m\libg_s.a(lib_a-signal.o)
                0x00007160                raise
 .text._kill_r  0x00007174       0x24 c:/freescale/kds_3.0.0/toolchain/bin/../lib/gcc/arm-none-eabi/4.8.4/../../../../arm-none-eabi/lib/armv6-m\libg_s.a(lib_a-signalr.o)
                0x00007174                _kill_r
 .text._getpid_r
                0x00007198        0x8 c:/freescale/kds_3.0.0/toolchain/bin/../lib/gcc/arm-none-eabi/4.8.4/../../../../arm-none-eabi/lib/armv6-m\libg_s.a(lib_a-signalr.o)
                0x00007198                _getpid_r
 .text.__sread  0x000071a0       0x28 c:/freescale/kds_3.0.0/toolchain/bin/../lib/gcc/arm-none-eabi/4.8.4/../../../../arm-none-eabi/lib/armv6-m\libg_s.a(lib_a-stdio.o)
                0x000071a0                __sread
 .text.__swrite
                0x000071c8       0x38 c:/freescale/kds_3.0.0/toolchain/bin/../lib/gcc/arm-none-eabi/4.8.4/../../../../arm-none-eabi/lib/armv6-m\libg_s.a(lib_a-stdio.o)
                0x000071c8                __swrite
 .text.__sseek  0x00007200       0x2c c:/freescale/kds_3.0.0/toolchain/bin/../lib/gcc/arm-none-eabi/4.8.4/../../../../arm-none-eabi/lib/armv6-m\libg_s.a(lib_a-stdio.o)
                0x00007200                __sseek
 .text.__sclose
                0x0000722c        0xc c:/freescale/kds_3.0.0/toolchain/bin/../lib/gcc/arm-none-eabi/4.8.4/../../../../arm-none-eabi/lib/armv6-m\libg_s.a(lib_a-stdio.o)
                0x0000722c                __sclose
 .text.strlen   0x00007238        0xe c:/freescale/kds_3.0.0/toolchain/bin/../lib/gcc/arm-none-eabi/4.8.4/../../../../arm-none-eabi/lib/armv6-m\libg_s.a(lib_a-strlen.o)
                0x00007238                strlen
 *fill*         0x00007246        0x2 
 .text._write_r
                0x00007248       0x28 c:/freescale/kds_3.0.0/toolchain/bin/../lib/gcc/arm-none-eabi/4.8.4/../../../../arm-none-eabi/lib/armv6-m\libg_s.a(lib_a-writer.o)
                0x00007248                _write_r
 .text._close_r
                0x00007270       0x24 c:/freescale/kds_3.0.0/toolchain/bin/../lib/gcc/arm-none-eabi/4.8.4/../../../../arm-none-eabi/lib/armv6-m\libg_s.a(lib_a-closer.o)
                0x00007270                _close_r
 .text._fstat_r
                0x00007294       0x24 c:/freescale/kds_3.0.0/toolchain/bin/../lib/gcc/arm-none-eabi/4.8.4/../../../../arm-none-eabi/lib/armv6-m\libg_s.a(lib_a-fstatr.o)
                0x00007294                _fstat_r
 .text._isatty_r
                0x000072b8       0x24 c:/freescale/kds_3.0.0/toolchain/bin/../lib/gcc/arm-none-eabi/4.8.4/../../../../arm-none-eabi/lib/armv6-m\libg_s.a(lib_a-isattyr.o)
                0x000072b8                _isatty_r
 .text._lseek_r
                0x000072dc       0x28 c:/freescale/kds_3.0.0/toolchain/bin/../lib/gcc/arm-none-eabi/4.8.4/../../../../arm-none-eabi/lib/armv6-m\libg_s.a(lib_a-lseekr.o)
                0x000072dc                _lseek_r
 .text._malloc_usable_size_r
                0x00007304       0x12 c:/freescale/kds_3.0.0/toolchain/bin/../lib/gcc/arm-none-eabi/4.8.4/../../../../arm-none-eabi/lib/armv6-m\libg_s.a(lib_a-nano-msizer.o)
                0x00007304                _malloc_usable_size_r
 *fill*         0x00007316        0x2 
 .text._read_r  0x00007318       0x28 c:/freescale/kds_3.0.0/toolchain/bin/../lib/gcc/arm-none-eabi/4.8.4/../../../../arm-none-eabi/lib/armv6-m\libg_s.a(lib_a-readr.o)
                0x00007318                _read_r
 .text._close   0x00007340       0x10 c:/freescale/kds_3.0.0/toolchain/bin/../lib/gcc/arm-none-eabi/4.8.4/../../../../arm-none-eabi/lib/armv6-m\libnosys.a(close.o)
                0x00007340                _close
 .text._fstat   0x00007350       0x10 c:/freescale/kds_3.0.0/toolchain/bin/../lib/gcc/arm-none-eabi/4.8.4/../../../../arm-none-eabi/lib/armv6-m\libnosys.a(fstat.o)
                0x00007350                _fstat
 .text._getpid  0x00007360       0x10 c:/freescale/kds_3.0.0/toolchain/bin/../lib/gcc/arm-none-eabi/4.8.4/../../../../arm-none-eabi/lib/armv6-m\libnosys.a(getpid.o)
                0x00007360                _getpid
 .text._isatty  0x00007370       0x10 c:/freescale/kds_3.0.0/toolchain/bin/../lib/gcc/arm-none-eabi/4.8.4/../../../../arm-none-eabi/lib/armv6-m\libnosys.a(isatty.o)
                0x00007370                _isatty
 .text._kill    0x00007380       0x10 c:/freescale/kds_3.0.0/toolchain/bin/../lib/gcc/arm-none-eabi/4.8.4/../../../../arm-none-eabi/lib/armv6-m\libnosys.a(kill.o)
                0x00007380                _kill
 .text._lseek   0x00007390       0x10 c:/freescale/kds_3.0.0/toolchain/bin/../lib/gcc/arm-none-eabi/4.8.4/../../../../arm-none-eabi/lib/armv6-m\libnosys.a(lseek.o)
                0x00007390                _lseek
 .text._read    0x000073a0       0x10 c:/freescale/kds_3.0.0/toolchain/bin/../lib/gcc/arm-none-eabi/4.8.4/../../../../arm-none-eabi/lib/armv6-m\libnosys.a(read.o)
                0x000073a0                _read
 .text._sbrk    0x000073b0       0x34 c:/freescale/kds_3.0.0/toolchain/bin/../lib/gcc/arm-none-eabi/4.8.4/../../../../arm-none-eabi/lib/armv6-m\libnosys.a(sbrk.o)
                0x000073b0                _sbrk
 .text._write   0x000073e4       0x10 c:/freescale/kds_3.0.0/toolchain/bin/../lib/gcc/arm-none-eabi/4.8.4/../../../../arm-none-eabi/lib/armv6-m\libnosys.a(write.o)
                0x000073e4                _write
 .text._exit    0x000073f4        0x4 c:/freescale/kds_3.0.0/toolchain/bin/../lib/gcc/arm-none-eabi/4.8.4/../../../../arm-none-eabi/lib/armv6-m\libnosys.a(_exit.o)
                0x000073f4                _exit
 *(.rodata)
 .rodata        0x000073f8       0x88 ./board/src/board.o
 .rodata        0x00007480       0x44 ./board/src/mma8451.o
 .rodata        0x000074c4       0xa8 ./Sources/main.o
 .rodata        0x0000756c       0x58 C:\Freescale\KSDK_1.3.0/lib/ksdk_platform_lib/kds/KL46Z4/debug\libksdk_platform.a(fsl_i2c_hal.o)
 .rodata        0x000075c4       0x4c C:\Freescale\KSDK_1.3.0/lib/ksdk_platform_lib/kds/KL46Z4/debug\libksdk_platform.a(fsl_gpio_hal.o)
 .rodata        0x00007610      0x22c C:\Freescale\KSDK_1.3.0/lib/ksdk_platform_lib/kds/KL46Z4/debug\libksdk_platform.a(fsl_clock_MKL46Z4.o)
 .rodata        0x0000783c       0xcc C:\Freescale\KSDK_1.3.0/lib/ksdk_platform_lib/kds/KL46Z4/debug\libksdk_platform.a(fsl_clock_manager.o)
 .rodata        0x00007908       0x40 c:/freescale/kds_3.0.0/toolchain/bin/../lib/gcc/arm-none-eabi/4.8.4/armv6-m\libgcc.a(divdf3.o)
 .rodata        0x00007948       0x40 c:/freescale/kds_3.0.0/toolchain/bin/../lib/gcc/arm-none-eabi/4.8.4/armv6-m\libgcc.a(muldf3.o)
 *(.rodata*)
 .rodata.WF_ORDERING_TABLE
                0x00007988        0xc ./board/src/LED_S401.o
                0x00007988                WF_ORDERING_TABLE
 .rodata.ASCII_TO_WF_CODIFICATION_TABLE
                0x00007994       0x64 ./board/src/LED_S401.o
                0x00007994                ASCII_TO_WF_CODIFICATION_TABLE
 .rodata.board_gpioLeds
                0x000079f8       0x18 ./board/src/board.o
 .rodata.board_gpioSw
                0x00007a10       0x18 ./board/src/board.o
 .rodata.__func__.5402
                0x00007a28       0x14 ./board/src/board.o
 .rodata.__func__.5396
                0x00007a3c       0x18 ./board/src/board.o
 .rodata.__func__.5426
                0x00007a54       0x14 ./board/src/board.o
 .rodata.__func__.5504
                0x00007a68       0x18 ./board/src/board.o
 .rodata.__func__.5509
                0x00007a80       0x18 ./board/src/board.o
 .rodata.__func__.5514
                0x00007a98       0x1c ./board/src/board.o
 .rodata.__func__.5538
                0x00007ab4       0x18 ./board/src/board.o
 .rodata.__func__.5397
                0x00007acc       0x14 ./board/src/mma8451.o
 .rodata.__func__.5411
                0x00007ae0       0x18 ./board/src/mma8451.o
 .rodata.__func__.5426
                0x00007af8       0x1c ./board/src/mma8451.o
 .rodata.clockConfigVlpr
                0x00007b14       0x14 ./Sources/main.o
                0x00007b14                clockConfigVlpr
 .rodata.clockConfigRun
                0x00007b28       0x14 ./Sources/main.o
                0x00007b28                clockConfigRun
 .rodata.mefDetCaida
                0x00007b3c       0x14 ./Sources/main.o
 .rodata.__func__.6503
                0x00007b50       0x14 ./Sources/main.o
 .rodata.__func__.7543
                0x00007b64       0x20 ./Sources/main.o
 .rodata.__func__.7561
                0x00007b84       0x14 ./Sources/main.o
 .rodata.__func__.7527
                0x00007b98       0x14 ./Sources/main.o
 .rodata.__func__.7571
                0x00007bac       0x18 ./Sources/main.o
 .rodata.kI2CDividerTable
                0x00007bc4       0xc8 C:\Freescale\KSDK_1.3.0/lib/ksdk_platform_lib/kds/KL46Z4/debug\libksdk_platform.a(fsl_i2c_hal.o)
                0x00007bc4                kI2CDividerTable
 .rodata.__func__.5233
                0x00007c8c       0x14 C:\Freescale\KSDK_1.3.0/lib/ksdk_platform_lib/kds/KL46Z4/debug\libksdk_platform.a(fsl_i2c_hal.o)
 .rodata.__func__.5102
                0x00007ca0       0x14 C:\Freescale\KSDK_1.3.0/lib/ksdk_platform_lib/kds/KL46Z4/debug\libksdk_platform.a(fsl_gpio_hal.o)
 .rodata.CLOCK_SYS_GetFreq
                0x00007cb4       0x58 C:\Freescale\KSDK_1.3.0/lib/ksdk_platform_lib/kds/KL46Z4/debug\libksdk_platform.a(fsl_clock_MKL46Z4.o)
 .rodata.__func__.6250
                0x00007d0c       0x1c C:\Freescale\KSDK_1.3.0/lib/ksdk_platform_lib/kds/KL46Z4/debug\libksdk_platform.a(fsl_clock_MKL46Z4.o)
 .rodata.mcgModeMatrix
                0x00007d28       0x40 C:\Freescale\KSDK_1.3.0/lib/ksdk_platform_lib/kds/KL46Z4/debug\libksdk_platform.a(fsl_clock_manager.o)
 .rodata.CLOCK_SYS_SetMcgMode
                0x00007d68       0x20 C:\Freescale\KSDK_1.3.0/lib/ksdk_platform_lib/kds/KL46Z4/debug\libksdk_platform.a(fsl_clock_manager.o)
 .rodata.__func__.6664
                0x00007d88       0x18 C:\Freescale\KSDK_1.3.0/lib/ksdk_platform_lib/kds/KL46Z4/debug\libksdk_platform.a(fsl_clock_manager.o)
 .rodata.__func__.6697
                0x00007da0       0x14 C:\Freescale\KSDK_1.3.0/lib/ksdk_platform_lib/kds/KL46Z4/debug\libksdk_platform.a(fsl_clock_manager.o)
 .rodata.g_oscBase
                0x00007db4        0x4 C:\Freescale\KSDK_1.3.0/lib/ksdk_platform_lib/kds/KL46Z4/debug\libksdk_platform.a(fsl_clock_manager_common.o)
                0x00007db4                g_oscBase
 .rodata.fllFactorTable.5252
                0x00007db8       0x10 C:\Freescale\KSDK_1.3.0/lib/ksdk_platform_lib/kds/KL46Z4/debug\libksdk_platform.a(fsl_mcg_hal.o)
 .rodata.str1.4
                0x00007dc8        0x8 c:/freescale/kds_3.0.0/toolchain/bin/../lib/gcc/arm-none-eabi/4.8.4/../../../../arm-none-eabi/lib/armv6-m\libm.a(lib_a-w_sqrt.o)
 .rodata.str1.1
                0x00007dd0       0x3c c:/freescale/kds_3.0.0/toolchain/bin/../lib/gcc/arm-none-eabi/4.8.4/../../../../arm-none-eabi/lib/armv6-m\libg_s.a(lib_a-assert.o)
                                 0x3d (size before relaxing)
 .rodata.str1.1
                0x00007e0c        0x2 c:/freescale/kds_3.0.0/toolchain/bin/../lib/gcc/arm-none-eabi/4.8.4/../../../../arm-none-eabi/lib/armv6-m\libg_s.a(lib_a-impure.o)
 *fill*         0x00007e0e        0x2 
 .rodata._global_impure_ptr
                0x00007e10        0x4 c:/freescale/kds_3.0.0/toolchain/bin/../lib/gcc/arm-none-eabi/4.8.4/../../../../arm-none-eabi/lib/armv6-m\libg_s.a(lib_a-impure.o)
                0x00007e10                _global_impure_ptr
 .rodata.str1.1
                0x00007e14       0x11 c:/freescale/kds_3.0.0/toolchain/bin/../lib/gcc/arm-none-eabi/4.8.4/../../../../arm-none-eabi/lib/armv6-m\libg_s.a(lib_a-svfprintf.o)
 .rodata.str1.1
                0x00000000       0x11 c:/freescale/kds_3.0.0/toolchain/bin/../lib/gcc/arm-none-eabi/4.8.4/../../../../arm-none-eabi/lib/armv6-m\libg_s.a(lib_a-vfprintf.o)
 .rodata.str1.1
                0x00007e25       0x22 c:/freescale/kds_3.0.0/toolchain/bin/../lib/gcc/arm-none-eabi/4.8.4/../../../../arm-none-eabi/lib/armv6-m\libg_s.a(lib_a-vfprintf_i.o)
 *fill*         0x00007e47        0x1 
 .rodata.__sf_fake_stdin
                0x00007e48       0x20 c:/freescale/kds_3.0.0/toolchain/bin/../lib/gcc/arm-none-eabi/4.8.4/../../../../arm-none-eabi/lib/armv6-m\libg_s.a(lib_a-findfp.o)
                0x00007e48                __sf_fake_stdin
 .rodata.__sf_fake_stdout
                0x00007e68       0x20 c:/freescale/kds_3.0.0/toolchain/bin/../lib/gcc/arm-none-eabi/4.8.4/../../../../arm-none-eabi/lib/armv6-m\libg_s.a(lib_a-findfp.o)
                0x00007e68                __sf_fake_stdout
 .rodata.__sf_fake_stderr
                0x00007e88       0x20 c:/freescale/kds_3.0.0/toolchain/bin/../lib/gcc/arm-none-eabi/4.8.4/../../../../arm-none-eabi/lib/armv6-m\libg_s.a(lib_a-findfp.o)
                0x00007e88                __sf_fake_stderr
 *(.glue_7)
 .glue_7        0x00000000        0x0 linker stubs
 *(.glue_7t)
 .glue_7t       0x00000000        0x0 linker stubs
 *(.eh_frame)
 .eh_frame      0x00007ea8        0x0 c:/freescale/kds_3.0.0/toolchain/bin/../lib/gcc/arm-none-eabi/4.8.4/armv6-m/crtbegin.o
 *(.init)
 .init          0x00007ea8        0x4 c:/freescale/kds_3.0.0/toolchain/bin/../lib/gcc/arm-none-eabi/4.8.4/armv6-m/crti.o
                0x00007ea8                _init
 .init          0x00007eac        0x8 c:/freescale/kds_3.0.0/toolchain/bin/../lib/gcc/arm-none-eabi/4.8.4/armv6-m/crtn.o
 *(.fini)
 .fini          0x00007eb4        0x4 c:/freescale/kds_3.0.0/toolchain/bin/../lib/gcc/arm-none-eabi/4.8.4/armv6-m/crti.o
                0x00007eb4                _fini
 .fini          0x00007eb8        0x8 c:/freescale/kds_3.0.0/toolchain/bin/../lib/gcc/arm-none-eabi/4.8.4/armv6-m/crtn.o
                0x00007ec0                . = ALIGN (0x4)

.vfp11_veneer   0x00007ec0        0x0
 .vfp11_veneer  0x00000000        0x0 linker stubs

.v4_bx          0x00007ec0        0x0
 .v4_bx         0x00000000        0x0 linker stubs

.iplt           0x00007ec0        0x0
 .iplt          0x00000000        0x0 c:/freescale/kds_3.0.0/toolchain/bin/../lib/gcc/arm-none-eabi/4.8.4/armv6-m/crtbegin.o

.ARM.extab
 *(.ARM.extab* .gnu.linkonce.armextab.*)

.ARM            0x00007ec0        0x8
                0x00007ec0                __exidx_start = .
 *(.ARM.exidx*)
 .ARM.exidx     0x00007ec0        0x8 c:/freescale/kds_3.0.0/toolchain/bin/../lib/gcc/arm-none-eabi/4.8.4/../../../../arm-none-eabi/lib/armv6-m/crt0.o
                0x00007ec8                __exidx_end = .

.rel.dyn        0x00007ec8        0x0
 .rel.iplt      0x00000000        0x0 c:/freescale/kds_3.0.0/toolchain/bin/../lib/gcc/arm-none-eabi/4.8.4/armv6-m/crtbegin.o

.ctors          0x00007ec8        0x0
                0x00007ec8                __CTOR_LIST__ = .
 *crtbegin.o(.ctors)
 *crtbegin?.o(.ctors)
 *(EXCLUDE_FILE(*crtend.o *crtend?.o) .ctors)
 *(SORT(.ctors.*))
 *(.ctors)
                0x00007ec8                __CTOR_END__ = .

.dtors          0x00007ec8        0x0
                0x00007ec8                __DTOR_LIST__ = .
 *crtbegin.o(.dtors)
 *crtbegin?.o(.dtors)
 *(EXCLUDE_FILE(*crtend.o *crtend?.o) .dtors)
 *(SORT(.dtors.*))
 *(.dtors)
                0x00007ec8                __DTOR_END__ = .

.preinit_array  0x00007ec8        0x0
                0x00007ec8                PROVIDE (__preinit_array_start, .)
 *(.preinit_array*)
                0x00007ec8                PROVIDE (__preinit_array_end, .)

.init_array     0x00007ec8        0x4
                0x00007ec8                PROVIDE (__init_array_start, .)
 *(SORT(.init_array.*))
 *(.init_array*)
 .init_array    0x00007ec8        0x4 c:/freescale/kds_3.0.0/toolchain/bin/../lib/gcc/arm-none-eabi/4.8.4/armv6-m/crtbegin.o
                0x00007ecc                PROVIDE (__init_array_end, .)

.fini_array     0x00007ecc        0x4
                0x00007ecc                PROVIDE (__fini_array_start, .)
 *(SORT(.fini_array.*))
 *(.fini_array*)
 .fini_array    0x00007ecc        0x4 c:/freescale/kds_3.0.0/toolchain/bin/../lib/gcc/arm-none-eabi/4.8.4/armv6-m/crtbegin.o
                0x00007ed0                PROVIDE (__fini_array_end, .)
                0x00007ed0                __etext = .
                0x00007ed0                __DATA_ROM = .

.mtb            0x1fffe000        0x0
                0x1fffe000                . = ALIGN (0x8)
                0x1fffe000                _mtb_start = .
 *(.mtb_buf)
                0x1fffe000                . = ALIGN (0x8)
                0x1fffe000                _mtb_end = .

.interrupts_ram
                0x1fffe000        0x0
                0x1fffe000                . = ALIGN (0x4)
                0x1fffe000                __VECTOR_RAM__ = .
                0x1fffe000                __interrupts_ram_start__ = .
 *(.m_interrupts_ram)
                0x1fffe000                . = (. + M_VECTOR_RAM_SIZE)
                0x1fffe000                . = ALIGN (0x4)
                0x1fffe000                __interrupts_ram_end__ = .
                0x00000000                __VECTOR_RAM = DEFINED (__ram_vector_table__)?__VECTOR_RAM__:ORIGIN (m_interrupts)
                0x00000000                __RAM_VECTOR_TABLE_SIZE_BYTES = DEFINED (__ram_vector_table__)?(__interrupts_ram_end__ - __interrupts_ram_start__):0x0

.data           0x1fffe000       0x78 load address 0x00007ed0
                0x1fffe000                . = ALIGN (0x4)
                0x1fffe000                __DATA_RAM = .
                0x1fffe000                __data_start__ = .
 *(.data)
 *(.data*)
 .data.SystemCoreClock
                0x1fffe000        0x4 ./Project_Settings/Startup_Code/system_MKL46Z4.o
                0x1fffe000                SystemCoreClock
 .data.g_fastInternalRefClkFreq
                0x1fffe004        0x4 C:\Freescale\KSDK_1.3.0/lib/ksdk_platform_lib/kds/KL46Z4/debug\libksdk_platform.a(fsl_mcg_hal.o)
                0x1fffe004                g_fastInternalRefClkFreq
 .data.g_slowInternalRefClkFreq
                0x1fffe008        0x4 C:\Freescale\KSDK_1.3.0/lib/ksdk_platform_lib/kds/KL46Z4/debug\libksdk_platform.a(fsl_mcg_hal.o)
                0x1fffe008                g_slowInternalRefClkFreq
 .data.__fdlib_version
                0x1fffe00c        0x1 c:/freescale/kds_3.0.0/toolchain/bin/../lib/gcc/arm-none-eabi/4.8.4/../../../../arm-none-eabi/lib/armv6-m\libm.a(lib_a-s_lib_ver.o)
                0x1fffe00c                __fdlib_version
 *fill*         0x1fffe00d        0x3 
 .data.impure_data
                0x1fffe010       0x60 c:/freescale/kds_3.0.0/toolchain/bin/../lib/gcc/arm-none-eabi/4.8.4/../../../../arm-none-eabi/lib/armv6-m\libg_s.a(lib_a-impure.o)
 .data._impure_ptr
                0x1fffe070        0x4 c:/freescale/kds_3.0.0/toolchain/bin/../lib/gcc/arm-none-eabi/4.8.4/../../../../arm-none-eabi/lib/armv6-m\libg_s.a(lib_a-impure.o)
                0x1fffe070                _impure_ptr
 *(.jcr*)
 .jcr           0x1fffe074        0x0 c:/freescale/kds_3.0.0/toolchain/bin/../lib/gcc/arm-none-eabi/4.8.4/armv6-m/crtbegin.o
 .jcr           0x1fffe074        0x4 c:/freescale/kds_3.0.0/toolchain/bin/../lib/gcc/arm-none-eabi/4.8.4/armv6-m/crtend.o
                0x1fffe078                . = ALIGN (0x4)
                0x1fffe078                __data_end__ = .
                0x00007f48                __DATA_END = (__DATA_ROM + (__data_end__ - __data_start__))
                0x00040000                text_end = (ORIGIN (m_text) + 0x3fbf0)
                0x00000001                ASSERT ((__DATA_END <= text_end), region m_text overflowed with text and data)

.igot.plt       0x1fffe078        0x0 load address 0x00007f48
 .igot.plt      0x00000000        0x0 c:/freescale/kds_3.0.0/toolchain/bin/../lib/gcc/arm-none-eabi/4.8.4/armv6-m/crtbegin.o

.bss            0x1fffe078       0x88 load address 0x00007f48
                0x1fffe078                . = ALIGN (0x4)
                0x1fffe078                __START_BSS = .
                0x1fffe078                __bss_start__ = .
 *(.bss)
 .bss           0x1fffe078       0x1c c:/freescale/kds_3.0.0/toolchain/bin/../lib/gcc/arm-none-eabi/4.8.4/armv6-m/crtbegin.o
 *(.bss*)
 .bss.bLCD_CharPosition
                0x1fffe094        0x1 ./board/src/LCD.o
 *fill*         0x1fffe095        0x1 
 .bss.readX     0x1fffe096        0x2 ./board/src/mma8451.o
 .bss.readY     0x1fffe098        0x2 ./board/src/mma8451.o
 .bss.readZ     0x1fffe09a        0x2 ./board/src/mma8451.o
 .bss.bandera_ff
                0x1fffe09c        0x2 ./board/src/mma8451.o
 *fill*         0x1fffe09e        0x2 
 .bss.estSW     0x1fffe0a0        0x4 ./Sources/key.o
 .bss.eventSW   0x1fffe0a4        0x4 ./Sources/key.o
 .bss.timPress  0x1fffe0a8        0x8 ./Sources/key.o
 .bss.led_titila
                0x1fffe0b0        0x1 ./Sources/main.o
 *fill*         0x1fffe0b1        0x3 
 .bss.timLed    0x1fffe0b4        0x4 ./Sources/main.o
 .bss.timAcc    0x1fffe0b8        0x4 ./Sources/main.o
 .bss.timOff    0x1fffe0bc        0x4 ./Sources/main.o
 .bss.ControlRun
                0x1fffe0c0        0x1 ./Sources/main.o
 .bss.ControlVlpr
                0x1fffe0c1        0x1 ./Sources/main.o
 *fill*         0x1fffe0c2        0x2 
 .bss.BufLCD    0x1fffe0c4        0x8 ./Sources/main.o
 .bss.estMefDetCaida.8401
                0x1fffe0cc        0x1 ./Sources/main.o
 *fill*         0x1fffe0cd        0x3 
 .bss.Acc_X.8396
                0x1fffe0d0        0x4 ./Sources/main.o
 .bss.Acc_Y.8397
                0x1fffe0d4        0x4 ./Sources/main.o
 .bss.Acc_Z.8398
                0x1fffe0d8        0x4 ./Sources/main.o
 .bss.Acc.8399  0x1fffe0dc        0x4 ./Sources/main.o
 .bss.Acc_Max.8400
                0x1fffe0e0        0x4 ./Sources/main.o
 .bss.estMefControlLed.8414
                0x1fffe0e4        0x1 ./Sources/main.o
 *fill*         0x1fffe0e5        0x3 
 .bss.g_xtal0ClkFreq
                0x1fffe0e8        0x4 C:\Freescale\KSDK_1.3.0/lib/ksdk_platform_lib/kds/KL46Z4/debug\libksdk_platform.a(fsl_mcg_hal.o)
                0x1fffe0e8                g_xtal0ClkFreq
 .bss.g_xtalRtcClkFreq
                0x1fffe0ec        0x4 C:\Freescale\KSDK_1.3.0/lib/ksdk_platform_lib/kds/KL46Z4/debug\libksdk_platform.a(fsl_mcg_hal.o)
                0x1fffe0ec                g_xtalRtcClkFreq
 .bss.__malloc_sbrk_start
                0x1fffe0f0        0x4 c:/freescale/kds_3.0.0/toolchain/bin/../lib/gcc/arm-none-eabi/4.8.4/../../../../arm-none-eabi/lib/armv6-m\libg_s.a(lib_a-nano-mallocr.o)
                0x1fffe0f0                __malloc_sbrk_start
 .bss.__malloc_free_list
                0x1fffe0f4        0x4 c:/freescale/kds_3.0.0/toolchain/bin/../lib/gcc/arm-none-eabi/4.8.4/../../../../arm-none-eabi/lib/armv6-m\libg_s.a(lib_a-nano-mallocr.o)
                0x1fffe0f4                __malloc_free_list
 .bss.heap_end.4246
                0x1fffe0f8        0x4 c:/freescale/kds_3.0.0/toolchain/bin/../lib/gcc/arm-none-eabi/4.8.4/../../../../arm-none-eabi/lib/armv6-m\libnosys.a(sbrk.o)
 *(COMMON)
 COMMON         0x1fffe0fc        0x4 c:/freescale/kds_3.0.0/toolchain/bin/../lib/gcc/arm-none-eabi/4.8.4/../../../../arm-none-eabi/lib/armv6-m\libg_s.a(lib_a-reent.o)
                0x1fffe0fc                errno
                0x1fffe100                . = ALIGN (0x4)
                0x1fffe100                __bss_end__ = .
                0x1fffe100                __END_BSS = .

.heap           0x1fffe100      0x400 load address 0x00007fd0
                0x1fffe100                . = ALIGN (0x8)
                0x1fffe100                __end__ = .
                0x1fffe100                PROVIDE (end, .)
                0x1fffe100                __HeapBase = .
                0x1fffe500                . = (. + HEAP_SIZE)
 *fill*         0x1fffe100      0x400 
                0x1fffe500                __HeapLimit = .

.stack          0x1fffe500      0x400 load address 0x000083d0
                0x1fffe500                . = ALIGN (0x8)
                0x1fffe900                . = (. + STACK_SIZE)
 *fill*         0x1fffe500      0x400 
                0x20006000                __StackTop = (ORIGIN (m_data) + 0x8000)
                0x20005c00                __StackLimit = (__StackTop - STACK_SIZE)
                0x20006000                PROVIDE (__stack, __StackTop)

.ARM.attributes
                0x00000000       0x28
 *(.ARM.attributes)
 .ARM.attributes
                0x00000000       0x1e c:/freescale/kds_3.0.0/toolchain/bin/../lib/gcc/arm-none-eabi/4.8.4/armv6-m/crti.o
 .ARM.attributes
                0x0000001e       0x2c c:/freescale/kds_3.0.0/toolchain/bin/../lib/gcc/arm-none-eabi/4.8.4/armv6-m/crtbegin.o
 .ARM.attributes
                0x0000004a       0x1b c:/freescale/kds_3.0.0/toolchain/bin/../lib/gcc/arm-none-eabi/4.8.4/../../../../arm-none-eabi/lib/armv6-m/crt0.o
 .ARM.attributes
                0x00000065       0x32 ./board/src/LCD.o
 .ARM.attributes
                0x00000097       0x32 ./board/src/LED_S401.o
 .ARM.attributes
                0x000000c9       0x32 ./board/src/board.o
 .ARM.attributes
                0x000000fb       0x32 ./board/src/mma8451.o
 .ARM.attributes
                0x0000012d       0x32 ./Sources/key.o
 .ARM.attributes
                0x0000015f       0x32 ./Sources/main.o
 .ARM.attributes
                0x00000191       0x32 ./Project_Settings/Startup_Code/startup.o
 .ARM.attributes
                0x000001c3       0x1b ./Project_Settings/Startup_Code/startup_MKL46Z4.o
 .ARM.attributes
                0x000001de       0x32 ./Project_Settings/Startup_Code/system_MKL46Z4.o
 .ARM.attributes
                0x00000210       0x32 C:\Freescale\KSDK_1.3.0/lib/ksdk_platform_lib/kds/KL46Z4/debug\libksdk_platform.a(fsl_i2c_hal.o)
 .ARM.attributes
                0x00000242       0x32 C:\Freescale\KSDK_1.3.0/lib/ksdk_platform_lib/kds/KL46Z4/debug\libksdk_platform.a(fsl_gpio_hal.o)
 .ARM.attributes
                0x00000274       0x32 C:\Freescale\KSDK_1.3.0/lib/ksdk_platform_lib/kds/KL46Z4/debug\libksdk_platform.a(fsl_clock_MKL46Z4.o)
 .ARM.attributes
                0x000002a6       0x32 C:\Freescale\KSDK_1.3.0/lib/ksdk_platform_lib/kds/KL46Z4/debug\libksdk_platform.a(fsl_clock_manager.o)
 .ARM.attributes
                0x000002d8       0x32 C:\Freescale\KSDK_1.3.0/lib/ksdk_platform_lib/kds/KL46Z4/debug\libksdk_platform.a(fsl_clock_manager_common.o)
 .ARM.attributes
                0x0000030a       0x32 C:\Freescale\KSDK_1.3.0/lib/ksdk_platform_lib/kds/KL46Z4/debug\libksdk_platform.a(fsl_sim_hal_MKL46Z4.o)
 .ARM.attributes
                0x0000033c       0x32 C:\Freescale\KSDK_1.3.0/lib/ksdk_platform_lib/kds/KL46Z4/debug\libksdk_platform.a(fsl_osc_hal.o)
 .ARM.attributes
                0x0000036e       0x32 C:\Freescale\KSDK_1.3.0/lib/ksdk_platform_lib/kds/KL46Z4/debug\libksdk_platform.a(fsl_mcg_hal.o)
 .ARM.attributes
                0x000003a0       0x32 C:\Freescale\KSDK_1.3.0/lib/ksdk_platform_lib/kds/KL46Z4/debug\libksdk_platform.a(fsl_mcg_hal_modes.o)
 .ARM.attributes
                0x000003d2       0x2c c:/freescale/kds_3.0.0/toolchain/bin/../lib/gcc/arm-none-eabi/4.8.4/../../../../arm-none-eabi/lib/armv6-m\libm.a(lib_a-w_sqrt.o)
 .ARM.attributes
                0x000003fe       0x2c c:/freescale/kds_3.0.0/toolchain/bin/../lib/gcc/arm-none-eabi/4.8.4/../../../../arm-none-eabi/lib/armv6-m\libm.a(lib_a-e_sqrt.o)
 .ARM.attributes
                0x0000042a       0x2c c:/freescale/kds_3.0.0/toolchain/bin/../lib/gcc/arm-none-eabi/4.8.4/../../../../arm-none-eabi/lib/armv6-m\libm.a(lib_a-s_fpclassify.o)
 .ARM.attributes
                0x00000456       0x2c c:/freescale/kds_3.0.0/toolchain/bin/../lib/gcc/arm-none-eabi/4.8.4/../../../../arm-none-eabi/lib/armv6-m\libm.a(lib_a-s_lib_ver.o)
 .ARM.attributes
                0x00000482       0x2c c:/freescale/kds_3.0.0/toolchain/bin/../lib/gcc/arm-none-eabi/4.8.4/../../../../arm-none-eabi/lib/armv6-m\libm.a(lib_a-s_matherr.o)
 .ARM.attributes
                0x000004ae       0x1e c:/freescale/kds_3.0.0/toolchain/bin/../lib/gcc/arm-none-eabi/4.8.4/armv6-m\libgcc.a(_udivsi3.o)
 .ARM.attributes
                0x000004cc       0x1e c:/freescale/kds_3.0.0/toolchain/bin/../lib/gcc/arm-none-eabi/4.8.4/armv6-m\libgcc.a(_dvmd_tls.o)
 .ARM.attributes
                0x000004ea       0x1e c:/freescale/kds_3.0.0/toolchain/bin/../lib/gcc/arm-none-eabi/4.8.4/armv6-m\libgcc.a(_arm_cmpdf2.o)
 .ARM.attributes
                0x00000508       0x2c c:/freescale/kds_3.0.0/toolchain/bin/../lib/gcc/arm-none-eabi/4.8.4/armv6-m\libgcc.a(_fixunsdfsi.o)
 .ARM.attributes
                0x00000534       0x2c c:/freescale/kds_3.0.0/toolchain/bin/../lib/gcc/arm-none-eabi/4.8.4/armv6-m\libgcc.a(adddf3.o)
 .ARM.attributes
                0x00000560       0x2c c:/freescale/kds_3.0.0/toolchain/bin/../lib/gcc/arm-none-eabi/4.8.4/armv6-m\libgcc.a(divdf3.o)
 .ARM.attributes
                0x0000058c       0x2c c:/freescale/kds_3.0.0/toolchain/bin/../lib/gcc/arm-none-eabi/4.8.4/armv6-m\libgcc.a(eqdf2.o)
 .ARM.attributes
                0x000005b8       0x2c c:/freescale/kds_3.0.0/toolchain/bin/../lib/gcc/arm-none-eabi/4.8.4/armv6-m\libgcc.a(gedf2.o)
 .ARM.attributes
                0x000005e4       0x2c c:/freescale/kds_3.0.0/toolchain/bin/../lib/gcc/arm-none-eabi/4.8.4/armv6-m\libgcc.a(ledf2.o)
 .ARM.attributes
                0x00000610       0x2c c:/freescale/kds_3.0.0/toolchain/bin/../lib/gcc/arm-none-eabi/4.8.4/armv6-m\libgcc.a(muldf3.o)
 .ARM.attributes
                0x0000063c       0x2c c:/freescale/kds_3.0.0/toolchain/bin/../lib/gcc/arm-none-eabi/4.8.4/armv6-m\libgcc.a(subdf3.o)
 .ARM.attributes
                0x00000668       0x2c c:/freescale/kds_3.0.0/toolchain/bin/../lib/gcc/arm-none-eabi/4.8.4/armv6-m\libgcc.a(fixdfsi.o)
 .ARM.attributes
                0x00000694       0x2c c:/freescale/kds_3.0.0/toolchain/bin/../lib/gcc/arm-none-eabi/4.8.4/armv6-m\libgcc.a(floatunsidf.o)
 .ARM.attributes
                0x000006c0       0x1e c:/freescale/kds_3.0.0/toolchain/bin/../lib/gcc/arm-none-eabi/4.8.4/armv6-m\libgcc.a(_clzsi2.o)
 .ARM.attributes
                0x000006de       0x2c c:/freescale/kds_3.0.0/toolchain/bin/../lib/gcc/arm-none-eabi/4.8.4/../../../../arm-none-eabi/lib/armv6-m\libg_s.a(lib_a-assert.o)
 .ARM.attributes
                0x0000070a       0x2c c:/freescale/kds_3.0.0/toolchain/bin/../lib/gcc/arm-none-eabi/4.8.4/../../../../arm-none-eabi/lib/armv6-m\libg_s.a(lib_a-errno.o)
 .ARM.attributes
                0x00000736       0x2c c:/freescale/kds_3.0.0/toolchain/bin/../lib/gcc/arm-none-eabi/4.8.4/../../../../arm-none-eabi/lib/armv6-m\libg_s.a(lib_a-exit.o)
 .ARM.attributes
                0x00000762       0x2c c:/freescale/kds_3.0.0/toolchain/bin/../lib/gcc/arm-none-eabi/4.8.4/../../../../arm-none-eabi/lib/armv6-m\libg_s.a(lib_a-fprintf.o)
 .ARM.attributes
                0x0000078e       0x2c c:/freescale/kds_3.0.0/toolchain/bin/../lib/gcc/arm-none-eabi/4.8.4/../../../../arm-none-eabi/lib/armv6-m\libg_s.a(lib_a-impure.o)
 .ARM.attributes
                0x000007ba       0x2c c:/freescale/kds_3.0.0/toolchain/bin/../lib/gcc/arm-none-eabi/4.8.4/../../../../arm-none-eabi/lib/armv6-m\libg_s.a(lib_a-init.o)
 .ARM.attributes
                0x000007e6       0x2c c:/freescale/kds_3.0.0/toolchain/bin/../lib/gcc/arm-none-eabi/4.8.4/../../../../arm-none-eabi/lib/armv6-m\libg_s.a(lib_a-memset.o)
 .ARM.attributes
                0x00000812       0x2c c:/freescale/kds_3.0.0/toolchain/bin/../lib/gcc/arm-none-eabi/4.8.4/../../../../arm-none-eabi/lib/armv6-m\libg_s.a(lib_a-nano-freer.o)
 .ARM.attributes
                0x0000083e       0x2c c:/freescale/kds_3.0.0/toolchain/bin/../lib/gcc/arm-none-eabi/4.8.4/../../../../arm-none-eabi/lib/armv6-m\libg_s.a(lib_a-nano-mallocr.o)
 .ARM.attributes
                0x0000086a       0x2c c:/freescale/kds_3.0.0/toolchain/bin/../lib/gcc/arm-none-eabi/4.8.4/../../../../arm-none-eabi/lib/armv6-m\libg_s.a(lib_a-sbrkr.o)
 .ARM.attributes
                0x00000896       0x2c c:/freescale/kds_3.0.0/toolchain/bin/../lib/gcc/arm-none-eabi/4.8.4/../../../../arm-none-eabi/lib/armv6-m\libg_s.a(lib_a-sprintf.o)
 .ARM.attributes
                0x000008c2       0x2c c:/freescale/kds_3.0.0/toolchain/bin/../lib/gcc/arm-none-eabi/4.8.4/../../../../arm-none-eabi/lib/armv6-m\libg_s.a(lib_a-svfprintf.o)
 .ARM.attributes
                0x000008ee       0x2c c:/freescale/kds_3.0.0/toolchain/bin/../lib/gcc/arm-none-eabi/4.8.4/../../../../arm-none-eabi/lib/armv6-m\libg_s.a(lib_a-vfprintf.o)
 .ARM.attributes
                0x0000091a       0x2c c:/freescale/kds_3.0.0/toolchain/bin/../lib/gcc/arm-none-eabi/4.8.4/../../../../arm-none-eabi/lib/armv6-m\libg_s.a(lib_a-vfprintf_i.o)
 .ARM.attributes
                0x00000946       0x2c c:/freescale/kds_3.0.0/toolchain/bin/../lib/gcc/arm-none-eabi/4.8.4/../../../../arm-none-eabi/lib/armv6-m\libg_s.a(lib_a-wbuf.o)
 .ARM.attributes
                0x00000972       0x2c c:/freescale/kds_3.0.0/toolchain/bin/../lib/gcc/arm-none-eabi/4.8.4/../../../../arm-none-eabi/lib/armv6-m\libg_s.a(lib_a-wsetup.o)
 .ARM.attributes
                0x0000099e       0x2c c:/freescale/kds_3.0.0/toolchain/bin/../lib/gcc/arm-none-eabi/4.8.4/../../../../arm-none-eabi/lib/armv6-m\libg_s.a(lib_a-abort.o)
 .ARM.attributes
                0x000009ca       0x2c c:/freescale/kds_3.0.0/toolchain/bin/../lib/gcc/arm-none-eabi/4.8.4/../../../../arm-none-eabi/lib/armv6-m\libg_s.a(lib_a-fflush.o)
 .ARM.attributes
                0x000009f6       0x2c c:/freescale/kds_3.0.0/toolchain/bin/../lib/gcc/arm-none-eabi/4.8.4/../../../../arm-none-eabi/lib/armv6-m\libg_s.a(lib_a-findfp.o)
 .ARM.attributes
                0x00000a22       0x2c c:/freescale/kds_3.0.0/toolchain/bin/../lib/gcc/arm-none-eabi/4.8.4/../../../../arm-none-eabi/lib/armv6-m\libg_s.a(lib_a-makebuf.o)
 .ARM.attributes
                0x00000a4e       0x2c c:/freescale/kds_3.0.0/toolchain/bin/../lib/gcc/arm-none-eabi/4.8.4/../../../../arm-none-eabi/lib/armv6-m\libg_s.a(lib_a-memchr-stub.o)
 .ARM.attributes
                0x00000a7a       0x2c c:/freescale/kds_3.0.0/toolchain/bin/../lib/gcc/arm-none-eabi/4.8.4/../../../../arm-none-eabi/lib/armv6-m\libg_s.a(lib_a-memcpy-stub.o)
 .ARM.attributes
                0x00000aa6       0x2c c:/freescale/kds_3.0.0/toolchain/bin/../lib/gcc/arm-none-eabi/4.8.4/../../../../arm-none-eabi/lib/armv6-m\libg_s.a(lib_a-memmove.o)
 .ARM.attributes
                0x00000ad2       0x2c c:/freescale/kds_3.0.0/toolchain/bin/../lib/gcc/arm-none-eabi/4.8.4/../../../../arm-none-eabi/lib/armv6-m\libg_s.a(lib_a-nano-reallocr.o)
 .ARM.attributes
                0x00000afe       0x2c c:/freescale/kds_3.0.0/toolchain/bin/../lib/gcc/arm-none-eabi/4.8.4/../../../../arm-none-eabi/lib/armv6-m\libg_s.a(lib_a-reent.o)
 .ARM.attributes
                0x00000b2a       0x2c c:/freescale/kds_3.0.0/toolchain/bin/../lib/gcc/arm-none-eabi/4.8.4/../../../../arm-none-eabi/lib/armv6-m\libg_s.a(lib_a-signal.o)
 .ARM.attributes
                0x00000b56       0x2c c:/freescale/kds_3.0.0/toolchain/bin/../lib/gcc/arm-none-eabi/4.8.4/../../../../arm-none-eabi/lib/armv6-m\libg_s.a(lib_a-signalr.o)
 .ARM.attributes
                0x00000b82       0x2c c:/freescale/kds_3.0.0/toolchain/bin/../lib/gcc/arm-none-eabi/4.8.4/../../../../arm-none-eabi/lib/armv6-m\libg_s.a(lib_a-stdio.o)
 .ARM.attributes
                0x00000bae       0x2c c:/freescale/kds_3.0.0/toolchain/bin/../lib/gcc/arm-none-eabi/4.8.4/../../../../arm-none-eabi/lib/armv6-m\libg_s.a(lib_a-strlen.o)
 .ARM.attributes
                0x00000bda       0x2c c:/freescale/kds_3.0.0/toolchain/bin/../lib/gcc/arm-none-eabi/4.8.4/../../../../arm-none-eabi/lib/armv6-m\libg_s.a(lib_a-writer.o)
 .ARM.attributes
                0x00000c06       0x2c c:/freescale/kds_3.0.0/toolchain/bin/../lib/gcc/arm-none-eabi/4.8.4/../../../../arm-none-eabi/lib/armv6-m\libg_s.a(lib_a-closer.o)
 .ARM.attributes
                0x00000c32       0x2c c:/freescale/kds_3.0.0/toolchain/bin/../lib/gcc/arm-none-eabi/4.8.4/../../../../arm-none-eabi/lib/armv6-m\libg_s.a(lib_a-fstatr.o)
 .ARM.attributes
                0x00000c5e       0x2c c:/freescale/kds_3.0.0/toolchain/bin/../lib/gcc/arm-none-eabi/4.8.4/../../../../arm-none-eabi/lib/armv6-m\libg_s.a(lib_a-isattyr.o)
 .ARM.attributes
                0x00000c8a       0x2c c:/freescale/kds_3.0.0/toolchain/bin/../lib/gcc/arm-none-eabi/4.8.4/../../../../arm-none-eabi/lib/armv6-m\libg_s.a(lib_a-lseekr.o)
 .ARM.attributes
                0x00000cb6       0x2c c:/freescale/kds_3.0.0/toolchain/bin/../lib/gcc/arm-none-eabi/4.8.4/../../../../arm-none-eabi/lib/armv6-m\libg_s.a(lib_a-nano-msizer.o)
 .ARM.attributes
                0x00000ce2       0x2c c:/freescale/kds_3.0.0/toolchain/bin/../lib/gcc/arm-none-eabi/4.8.4/../../../../arm-none-eabi/lib/armv6-m\libg_s.a(lib_a-readr.o)
 .ARM.attributes
                0x00000d0e       0x2c c:/freescale/kds_3.0.0/toolchain/bin/../lib/gcc/arm-none-eabi/4.8.4/../../../../arm-none-eabi/lib/armv6-m\libnosys.a(close.o)
 .ARM.attributes
                0x00000d3a       0x2c c:/freescale/kds_3.0.0/toolchain/bin/../lib/gcc/arm-none-eabi/4.8.4/../../../../arm-none-eabi/lib/armv6-m\libnosys.a(fstat.o)
 .ARM.attributes
                0x00000d66       0x2c c:/freescale/kds_3.0.0/toolchain/bin/../lib/gcc/arm-none-eabi/4.8.4/../../../../arm-none-eabi/lib/armv6-m\libnosys.a(getpid.o)
 .ARM.attributes
                0x00000d92       0x2c c:/freescale/kds_3.0.0/toolchain/bin/../lib/gcc/arm-none-eabi/4.8.4/../../../../arm-none-eabi/lib/armv6-m\libnosys.a(isatty.o)
 .ARM.attributes
                0x00000dbe       0x2c c:/freescale/kds_3.0.0/toolchain/bin/../lib/gcc/arm-none-eabi/4.8.4/../../../../arm-none-eabi/lib/armv6-m\libnosys.a(kill.o)
 .ARM.attributes
                0x00000dea       0x2c c:/freescale/kds_3.0.0/toolchain/bin/../lib/gcc/arm-none-eabi/4.8.4/../../../../arm-none-eabi/lib/armv6-m\libnosys.a(lseek.o)
 .ARM.attributes
                0x00000e16       0x2c c:/freescale/kds_3.0.0/toolchain/bin/../lib/gcc/arm-none-eabi/4.8.4/../../../../arm-none-eabi/lib/armv6-m\libnosys.a(read.o)
 .ARM.attributes
                0x00000e42       0x2c c:/freescale/kds_3.0.0/toolchain/bin/../lib/gcc/arm-none-eabi/4.8.4/../../../../arm-none-eabi/lib/armv6-m\libnosys.a(sbrk.o)
 .ARM.attributes
                0x00000e6e       0x2c c:/freescale/kds_3.0.0/toolchain/bin/../lib/gcc/arm-none-eabi/4.8.4/../../../../arm-none-eabi/lib/armv6-m\libnosys.a(write.o)
 .ARM.attributes
                0x00000e9a       0x2c c:/freescale/kds_3.0.0/toolchain/bin/../lib/gcc/arm-none-eabi/4.8.4/../../../../arm-none-eabi/lib/armv6-m\libnosys.a(_exit.o)
 .ARM.attributes
                0x00000ec6       0x2c c:/freescale/kds_3.0.0/toolchain/bin/../lib/gcc/arm-none-eabi/4.8.4/armv6-m/crtend.o
 .ARM.attributes
                0x00000ef2       0x1e c:/freescale/kds_3.0.0/toolchain/bin/../lib/gcc/arm-none-eabi/4.8.4/armv6-m/crtn.o
                0x00000001                ASSERT ((__StackLimit >= __HeapLimit), region m_data overflowed with stack and heap)
OUTPUT(SD2_LCD.elf elf32-littlearm)

.debug_info     0x00000000     0x9ac7
 .debug_info    0x00000000      0x8bb ./board/src/LCD.o
 .debug_info    0x000008bb       0xd8 ./board/src/LED_S401.o
 .debug_info    0x00000993      0xa2c ./board/src/board.o
 .debug_info    0x000013bf      0xd70 ./board/src/mma8451.o
 .debug_info    0x0000212f      0x1cc ./Sources/key.o
 .debug_info    0x000022fb     0x12a4 ./Sources/main.o
 .debug_info    0x0000359f      0x296 ./Project_Settings/Startup_Code/startup.o
 .debug_info    0x00003835       0x8c ./Project_Settings/Startup_Code/startup_MKL46Z4.o
 .debug_info    0x000038c1      0x3f5 ./Project_Settings/Startup_Code/system_MKL46Z4.o
 .debug_info    0x00003cb6      0x97b C:\Freescale\KSDK_1.3.0/lib/ksdk_platform_lib/kds/KL46Z4/debug\libksdk_platform.a(fsl_i2c_hal.o)
 .debug_info    0x00004631      0x2d6 C:\Freescale\KSDK_1.3.0/lib/ksdk_platform_lib/kds/KL46Z4/debug\libksdk_platform.a(fsl_gpio_hal.o)
 .debug_info    0x00004907     0x1829 C:\Freescale\KSDK_1.3.0/lib/ksdk_platform_lib/kds/KL46Z4/debug\libksdk_platform.a(fsl_clock_MKL46Z4.o)
 .debug_info    0x00006130     0x1693 C:\Freescale\KSDK_1.3.0/lib/ksdk_platform_lib/kds/KL46Z4/debug\libksdk_platform.a(fsl_clock_manager.o)
 .debug_info    0x000077c3      0x449 C:\Freescale\KSDK_1.3.0/lib/ksdk_platform_lib/kds/KL46Z4/debug\libksdk_platform.a(fsl_clock_manager_common.o)
 .debug_info    0x00007c0c      0x957 C:\Freescale\KSDK_1.3.0/lib/ksdk_platform_lib/kds/KL46Z4/debug\libksdk_platform.a(fsl_sim_hal_MKL46Z4.o)
 .debug_info    0x00008563       0xef C:\Freescale\KSDK_1.3.0/lib/ksdk_platform_lib/kds/KL46Z4/debug\libksdk_platform.a(fsl_osc_hal.o)
 .debug_info    0x00008652      0xc24 C:\Freescale\KSDK_1.3.0/lib/ksdk_platform_lib/kds/KL46Z4/debug\libksdk_platform.a(fsl_mcg_hal.o)
 .debug_info    0x00009276      0x851 C:\Freescale\KSDK_1.3.0/lib/ksdk_platform_lib/kds/KL46Z4/debug\libksdk_platform.a(fsl_mcg_hal_modes.o)

.debug_abbrev   0x00000000     0x1d34
 .debug_abbrev  0x00000000      0x241 ./board/src/LCD.o
 .debug_abbrev  0x00000241       0x60 ./board/src/LED_S401.o
 .debug_abbrev  0x000002a1      0x258 ./board/src/board.o
 .debug_abbrev  0x000004f9      0x2bd ./board/src/mma8451.o
 .debug_abbrev  0x000007b6       0xdf ./Sources/key.o
 .debug_abbrev  0x00000895      0x2b6 ./Sources/main.o
 .debug_abbrev  0x00000b4b       0xe9 ./Project_Settings/Startup_Code/startup.o
 .debug_abbrev  0x00000c34       0x14 ./Project_Settings/Startup_Code/startup_MKL46Z4.o
 .debug_abbrev  0x00000c48      0x109 ./Project_Settings/Startup_Code/system_MKL46Z4.o
 .debug_abbrev  0x00000d51      0x241 C:\Freescale\KSDK_1.3.0/lib/ksdk_platform_lib/kds/KL46Z4/debug\libksdk_platform.a(fsl_i2c_hal.o)
 .debug_abbrev  0x00000f92      0x118 C:\Freescale\KSDK_1.3.0/lib/ksdk_platform_lib/kds/KL46Z4/debug\libksdk_platform.a(fsl_gpio_hal.o)
 .debug_abbrev  0x000010aa      0x2fe C:\Freescale\KSDK_1.3.0/lib/ksdk_platform_lib/kds/KL46Z4/debug\libksdk_platform.a(fsl_clock_MKL46Z4.o)
 .debug_abbrev  0x000013a8      0x2a9 C:\Freescale\KSDK_1.3.0/lib/ksdk_platform_lib/kds/KL46Z4/debug\libksdk_platform.a(fsl_clock_manager.o)
 .debug_abbrev  0x00001651       0xdb C:\Freescale\KSDK_1.3.0/lib/ksdk_platform_lib/kds/KL46Z4/debug\libksdk_platform.a(fsl_clock_manager_common.o)
 .debug_abbrev  0x0000172c      0x197 C:\Freescale\KSDK_1.3.0/lib/ksdk_platform_lib/kds/KL46Z4/debug\libksdk_platform.a(fsl_sim_hal_MKL46Z4.o)
 .debug_abbrev  0x000018c3       0x99 C:\Freescale\KSDK_1.3.0/lib/ksdk_platform_lib/kds/KL46Z4/debug\libksdk_platform.a(fsl_osc_hal.o)
 .debug_abbrev  0x0000195c      0x234 C:\Freescale\KSDK_1.3.0/lib/ksdk_platform_lib/kds/KL46Z4/debug\libksdk_platform.a(fsl_mcg_hal.o)
 .debug_abbrev  0x00001b90      0x1a4 C:\Freescale\KSDK_1.3.0/lib/ksdk_platform_lib/kds/KL46Z4/debug\libksdk_platform.a(fsl_mcg_hal_modes.o)

.debug_aranges  0x00000000      0x9f0
 .debug_aranges
                0x00000000       0xa8 ./board/src/LCD.o
 .debug_aranges
                0x000000a8       0x18 ./board/src/LED_S401.o
 .debug_aranges
                0x000000c0       0x78 ./board/src/board.o
 .debug_aranges
                0x00000138       0x90 ./board/src/mma8451.o
 .debug_aranges
                0x000001c8       0x30 ./Sources/key.o
 .debug_aranges
                0x000001f8       0xc0 ./Sources/main.o
 .debug_aranges
                0x000002b8       0x20 ./Project_Settings/Startup_Code/startup.o
 .debug_aranges
                0x000002d8       0x20 ./Project_Settings/Startup_Code/startup_MKL46Z4.o
 .debug_aranges
                0x000002f8       0x28 ./Project_Settings/Startup_Code/system_MKL46Z4.o
 .debug_aranges
                0x00000320       0xe0 C:\Freescale\KSDK_1.3.0/lib/ksdk_platform_lib/kds/KL46Z4/debug\libksdk_platform.a(fsl_i2c_hal.o)
 .debug_aranges
                0x00000400       0x38 C:\Freescale\KSDK_1.3.0/lib/ksdk_platform_lib/kds/KL46Z4/debug\libksdk_platform.a(fsl_gpio_hal.o)
 .debug_aranges
                0x00000438      0x218 C:\Freescale\KSDK_1.3.0/lib/ksdk_platform_lib/kds/KL46Z4/debug\libksdk_platform.a(fsl_clock_MKL46Z4.o)
 .debug_aranges
                0x00000650      0x150 C:\Freescale\KSDK_1.3.0/lib/ksdk_platform_lib/kds/KL46Z4/debug\libksdk_platform.a(fsl_clock_manager.o)
 .debug_aranges
                0x000007a0       0x18 C:\Freescale\KSDK_1.3.0/lib/ksdk_platform_lib/kds/KL46Z4/debug\libksdk_platform.a(fsl_clock_manager_common.o)
 .debug_aranges
                0x000007b8       0x90 C:\Freescale\KSDK_1.3.0/lib/ksdk_platform_lib/kds/KL46Z4/debug\libksdk_platform.a(fsl_sim_hal_MKL46Z4.o)
 .debug_aranges
                0x00000848       0x20 C:\Freescale\KSDK_1.3.0/lib/ksdk_platform_lib/kds/KL46Z4/debug\libksdk_platform.a(fsl_osc_hal.o)
 .debug_aranges
                0x00000868       0xf0 C:\Freescale\KSDK_1.3.0/lib/ksdk_platform_lib/kds/KL46Z4/debug\libksdk_platform.a(fsl_mcg_hal.o)
 .debug_aranges
                0x00000958       0x98 C:\Freescale\KSDK_1.3.0/lib/ksdk_platform_lib/kds/KL46Z4/debug\libksdk_platform.a(fsl_mcg_hal_modes.o)

.debug_ranges   0x00000000      0x8b0
 .debug_ranges  0x00000000       0x98 ./board/src/LCD.o
 .debug_ranges  0x00000098       0x68 ./board/src/board.o
 .debug_ranges  0x00000100       0x80 ./board/src/mma8451.o
 .debug_ranges  0x00000180       0x20 ./Sources/key.o
 .debug_ranges  0x000001a0       0xb0 ./Sources/main.o
 .debug_ranges  0x00000250       0x10 ./Project_Settings/Startup_Code/startup.o
 .debug_ranges  0x00000260       0x18 ./Project_Settings/Startup_Code/system_MKL46Z4.o
 .debug_ranges  0x00000278       0xd0 C:\Freescale\KSDK_1.3.0/lib/ksdk_platform_lib/kds/KL46Z4/debug\libksdk_platform.a(fsl_i2c_hal.o)
 .debug_ranges  0x00000348       0x28 C:\Freescale\KSDK_1.3.0/lib/ksdk_platform_lib/kds/KL46Z4/debug\libksdk_platform.a(fsl_gpio_hal.o)
 .debug_ranges  0x00000370      0x208 C:\Freescale\KSDK_1.3.0/lib/ksdk_platform_lib/kds/KL46Z4/debug\libksdk_platform.a(fsl_clock_MKL46Z4.o)
 .debug_ranges  0x00000578      0x140 C:\Freescale\KSDK_1.3.0/lib/ksdk_platform_lib/kds/KL46Z4/debug\libksdk_platform.a(fsl_clock_manager.o)
 .debug_ranges  0x000006b8       0x80 C:\Freescale\KSDK_1.3.0/lib/ksdk_platform_lib/kds/KL46Z4/debug\libksdk_platform.a(fsl_sim_hal_MKL46Z4.o)
 .debug_ranges  0x00000738       0x10 C:\Freescale\KSDK_1.3.0/lib/ksdk_platform_lib/kds/KL46Z4/debug\libksdk_platform.a(fsl_osc_hal.o)
 .debug_ranges  0x00000748       0xe0 C:\Freescale\KSDK_1.3.0/lib/ksdk_platform_lib/kds/KL46Z4/debug\libksdk_platform.a(fsl_mcg_hal.o)
 .debug_ranges  0x00000828       0x88 C:\Freescale\KSDK_1.3.0/lib/ksdk_platform_lib/kds/KL46Z4/debug\libksdk_platform.a(fsl_mcg_hal_modes.o)

.debug_macro    0x00000000    0x1e240
 .debug_macro   0x00000000       0xa8 ./board/src/LCD.o
 .debug_macro   0x000000a8      0x808 ./board/src/LCD.o
 .debug_macro   0x000008b0       0x16 ./board/src/LCD.o
 .debug_macro   0x000008c6       0x16 ./board/src/LCD.o
 .debug_macro   0x000008dc       0x44 ./board/src/LCD.o
 .debug_macro   0x00000920      0x209 ./board/src/LCD.o
 .debug_macro   0x00000b29       0x3a ./board/src/LCD.o
 .debug_macro   0x00000b63       0x3a ./board/src/LCD.o
 .debug_macro   0x00000b9d       0x26 ./board/src/LCD.o
 .debug_macro   0x00000bc3      0x306 ./board/src/LCD.o
 .debug_macro   0x00000ec9       0x6b ./board/src/LCD.o
 .debug_macro   0x00000f34     0xd1e1 ./board/src/LCD.o
 .debug_macro   0x0000e115      0x130 ./board/src/LCD.o
 .debug_macro   0x0000e245      0x2de ./board/src/LCD.o
 .debug_macro   0x0000e523       0x22 ./board/src/LCD.o
 .debug_macro   0x0000e545       0x9b ./board/src/LED_S401.o
 .debug_macro   0x0000e5e0      0x21f ./board/src/board.o
 .debug_macro   0x0000e7ff       0x22 ./board/src/board.o
 .debug_macro   0x0000e821       0x58 ./board/src/board.o
 .debug_macro   0x0000e879       0x35 ./board/src/board.o
 .debug_macro   0x0000e8ae       0xa3 ./board/src/board.o
 .debug_macro   0x0000e951       0x16 ./board/src/board.o
 .debug_macro   0x0000e967       0x11 ./board/src/board.o
 .debug_macro   0x0000e978       0x16 ./board/src/board.o
 .debug_macro   0x0000e98e      0x10e ./board/src/board.o
 .debug_macro   0x0000ea9c       0x7f ./board/src/board.o
 .debug_macro   0x0000eb1b       0x52 ./board/src/board.o
 .debug_macro   0x0000eb6d       0x16 ./board/src/board.o
 .debug_macro   0x0000eb83       0x43 ./board/src/board.o
 .debug_macro   0x0000ebc6      0x180 ./board/src/board.o
 .debug_macro   0x0000ed46       0x22 ./board/src/board.o
 .debug_macro   0x0000ed68       0x7c ./board/src/board.o
 .debug_macro   0x0000ede4     0xcfd0 ./board/src/board.o
 .debug_macro   0x0001bdb4     0x1177 ./board/src/board.o
 .debug_macro   0x0001cf2b       0x10 ./board/src/board.o
 .debug_macro   0x0001cf3b       0x11 ./board/src/board.o
 .debug_macro   0x0001cf4c      0x1f5 ./board/src/mma8451.o
 .debug_macro   0x0001d141       0x4c ./board/src/mma8451.o
 .debug_macro   0x0001d18d       0xa0 ./Sources/key.o
 .debug_macro   0x0001d22d      0x341 ./Sources/main.o
 .debug_macro   0x0001d56e      0x166 ./Sources/main.o
 .debug_macro   0x0001d6d4       0x4a ./Sources/main.o
 .debug_macro   0x0001d71e      0x2a6 ./Sources/main.o
 .debug_macro   0x0001d9c4       0x10 ./Sources/main.o
 .debug_macro   0x0001d9d4       0x35 ./Sources/main.o
 .debug_macro   0x0001da09       0x1c ./Sources/main.o
 .debug_macro   0x0001da25       0x10 ./Sources/main.o
 .debug_macro   0x0001da35       0x10 ./Sources/main.o
 .debug_macro   0x0001da45       0x22 ./Sources/main.o
 .debug_macro   0x0001da67       0xbd ./Sources/main.o
 .debug_macro   0x0001db24       0x16 ./Sources/main.o
 .debug_macro   0x0001db3a      0x14a ./Sources/main.o
 .debug_macro   0x0001dc84      0x20f ./Sources/main.o
 .debug_macro   0x0001de93       0x10 ./Sources/main.o
 .debug_macro   0x0001dea3       0xde ./Sources/main.o
 .debug_macro   0x0001df81      0x167 ./Project_Settings/Startup_Code/startup.o
 .debug_macro   0x0001e0e8      0x158 ./Project_Settings/Startup_Code/system_MKL46Z4.o

.debug_line     0x00000000     0x4844
 .debug_line    0x00000000      0x4ad ./board/src/LCD.o
 .debug_line    0x000004ad      0x24f ./board/src/LED_S401.o
 .debug_line    0x000006fc      0x5e2 ./board/src/board.o
 .debug_line    0x00000cde      0x577 ./board/src/mma8451.o
 .debug_line    0x00001255      0x2c5 ./Sources/key.o
 .debug_line    0x0000151a      0x835 ./Sources/main.o
 .debug_line    0x00001d4f      0x357 ./Project_Settings/Startup_Code/startup.o
 .debug_line    0x000020a6       0x6c ./Project_Settings/Startup_Code/startup_MKL46Z4.o
 .debug_line    0x00002112      0x378 ./Project_Settings/Startup_Code/system_MKL46Z4.o
 .debug_line    0x0000248a      0x459 C:\Freescale\KSDK_1.3.0/lib/ksdk_platform_lib/kds/KL46Z4/debug\libksdk_platform.a(fsl_i2c_hal.o)
 .debug_line    0x000028e3      0x180 C:\Freescale\KSDK_1.3.0/lib/ksdk_platform_lib/kds/KL46Z4/debug\libksdk_platform.a(fsl_gpio_hal.o)
 .debug_line    0x00002a63      0x8b5 C:\Freescale\KSDK_1.3.0/lib/ksdk_platform_lib/kds/KL46Z4/debug\libksdk_platform.a(fsl_clock_MKL46Z4.o)
 .debug_line    0x00003318      0x770 C:\Freescale\KSDK_1.3.0/lib/ksdk_platform_lib/kds/KL46Z4/debug\libksdk_platform.a(fsl_clock_manager.o)
 .debug_line    0x00003a88      0x14e C:\Freescale\KSDK_1.3.0/lib/ksdk_platform_lib/kds/KL46Z4/debug\libksdk_platform.a(fsl_clock_manager_common.o)
 .debug_line    0x00003bd6      0x365 C:\Freescale\KSDK_1.3.0/lib/ksdk_platform_lib/kds/KL46Z4/debug\libksdk_platform.a(fsl_sim_hal_MKL46Z4.o)
 .debug_line    0x00003f3b       0xfe C:\Freescale\KSDK_1.3.0/lib/ksdk_platform_lib/kds/KL46Z4/debug\libksdk_platform.a(fsl_osc_hal.o)
 .debug_line    0x00004039      0x458 C:\Freescale\KSDK_1.3.0/lib/ksdk_platform_lib/kds/KL46Z4/debug\libksdk_platform.a(fsl_mcg_hal.o)
 .debug_line    0x00004491      0x3b3 C:\Freescale\KSDK_1.3.0/lib/ksdk_platform_lib/kds/KL46Z4/debug\libksdk_platform.a(fsl_mcg_hal_modes.o)

.debug_str      0x00000000   0x118dc2
 .debug_str     0x00000000    0x501b0 ./board/src/LCD.o
                              0x505ca (size before relaxing)