11:22:05 **** Incremental Build of configuration Debug for project TP_2_SD2 ****
make all 
'Building file: ../board/src/board.c'
'Invoking: Cross ARM C Compiler'
arm-none-eabi-gcc -mcpu=cortex-m0plus -mthumb -O0 -fmessage-length=0 -fsigned-char -ffunction-sections -fdata-sections -Wall  -g3 -D"CPU_MKL46Z256VLH4" -I"../Sources" -I../board/inc -I"../Project_Settings/Startup_Code" -I"../SDK/platform/CMSIS/Include" -I"../SDK/platform/devices" -I"../SDK/platform/devices/MKL46Z4/include" -I"C:\Freescale\KSDK_1.3.0/platform/hal/inc" -I"C:\Freescale\KSDK_1.3.0/platform/system/src/clock/MKL46Z4" -I"C:\Freescale\KSDK_1.3.0/platform/hal/src/sim/MKL46Z4" -I"C:\Freescale\KSDK_1.3.0/platform/system/inc" -I"C:\Freescale\KSDK_1.3.0/platform/osa/inc" -std=c99 -MMD -MP -MF"board/src/board.d" -MT"board/src/board.o" -c -o "board/src/board.o" "../board/src/board.c"
../board/src/board.c: In function 'board_init':
../board/src/board.c:155:5: warning: implicit declaration of function 'ClockInit' [-Wimplicit-function-declaration]
     ClockInit();
     ^
../board/src/board.c:160:5: warning: implicit declaration of function 'PIT_Init' [-Wimplicit-function-declaration]
     PIT_Init();
     ^
../board/src/board.c:185:2: warning: implicit declaration of function 'mma8451_FreeFallMode_init' [-Wimplicit-function-declaration]
  mma8451_FreeFallMode_init();
  ^
'Finished building: ../board/src/board.c'
' '
'Building file: ../board/src/mma8451.c'
'Invoking: Cross ARM C Compiler'
arm-none-eabi-gcc -mcpu=cortex-m0plus -mthumb -O0 -fmessage-length=0 -fsigned-char -ffunction-sections -fdata-sections -Wall  -g3 -D"CPU_MKL46Z256VLH4" -I"../Sources" -I../board/inc -I"../Project_Settings/Startup_Code" -I"../SDK/platform/CMSIS/Include" -I"../SDK/platform/devices" -I"../SDK/platform/devices/MKL46Z4/include" -I"C:\Freescale\KSDK_1.3.0/platform/hal/inc" -I"C:\Freescale\KSDK_1.3.0/platform/system/src/clock/MKL46Z4" -I"C:\Freescale\KSDK_1.3.0/platform/hal/src/sim/MKL46Z4" -I"C:\Freescale\KSDK_1.3.0/platform/system/inc" -I"C:\Freescale\KSDK_1.3.0/platform/osa/inc" -std=c99 -MMD -MP -MF"board/src/mma8451.d" -MT"board/src/mma8451.o" -c -o "board/src/mma8451.o" "../board/src/mma8451.c"
../board/src/mma8451.c: In function 'PORTC_PORTD_IRQHandler':
../board/src/mma8451.c:437:13: warning: variable 'temp8' set but not used [-Wunused-but-set-variable]
     uint8_t temp8;
             ^
../board/src/mma8451.c:436:17: warning: variable 'drdy_int' set but not used [-Wunused-but-set-variable]
  uint8_t ff_int,drdy_int;
                 ^
../board/src/mma8451.c: At top level:
../board/src/mma8451.c:184:23: warning: 'readY' defined but not used [-Wunused-variable]
 static int16_t readX, readY, readZ;
                       ^
../board/src/mma8451.c:184:30: warning: 'readZ' defined but not used [-Wunused-variable]
 static int16_t readX, readY, readZ;
                              ^
'Finished building: ../board/src/mma8451.c'
' '
'Building file: ../Sources/key.c'
'Invoking: Cross ARM C Compiler'
arm-none-eabi-gcc -mcpu=cortex-m0plus -mthumb -O0 -fmessage-length=0 -fsigned-char -ffunction-sections -fdata-sections -Wall  -g3 -D"CPU_MKL46Z256VLH4" -I"../Sources" -I../board/inc -I"../Project_Settings/Startup_Code" -I"../SDK/platform/CMSIS/Include" -I"../SDK/platform/devices" -I"../SDK/platform/devices/MKL46Z4/include" -I"C:\Freescale\KSDK_1.3.0/platform/hal/inc" -I"C:\Freescale\KSDK_1.3.0/platform/system/src/clock/MKL46Z4" -I"C:\Freescale\KSDK_1.3.0/platform/hal/src/sim/MKL46Z4" -I"C:\Freescale\KSDK_1.3.0/platform/system/inc" -I"C:\Freescale\KSDK_1.3.0/platform/osa/inc" -std=c99 -MMD -MP -MF"Sources/key.d" -MT"Sources/key.o" -c -o "Sources/key.o" "../Sources/key.c"
'Finished building: ../Sources/key.c'
' '
'Building file: ../Sources/main.c'
'Invoking: Cross ARM C Compiler'
arm-none-eabi-gcc -mcpu=cortex-m0plus -mthumb -O0 -fmessage-length=0 -fsigned-char -ffunction-sections -fdata-sections -Wall  -g3 -D"CPU_MKL46Z256VLH4" -I"../Sources" -I../board/inc -I"../Project_Settings/Startup_Code" -I"../SDK/platform/CMSIS/Include" -I"../SDK/platform/devices" -I"../SDK/platform/devices/MKL46Z4/include" -I"C:\Freescale\KSDK_1.3.0/platform/hal/inc" -I"C:\Freescale\KSDK_1.3.0/platform/system/src/clock/MKL46Z4" -I"C:\Freescale\KSDK_1.3.0/platform/hal/src/sim/MKL46Z4" -I"C:\Freescale\KSDK_1.3.0/platform/system/inc" -I"C:\Freescale\KSDK_1.3.0/platform/osa/inc" -std=c99 -MMD -MP -MF"Sources/main.d" -MT"Sources/main.o" -c -o "Sources/main.o" "../Sources/main.c"
../Sources/main.c: In function 'ClockInit':
../Sources/main.c:152:5: warning: implicit declaration of function 'InitOsc0' [-Wimplicit-function-declaration]
     InitOsc0();
     ^
../Sources/main.c: In function 'main':
../Sources/main.c:185:11: warning: unused variable 'i' [-Wunused-variable]
  uint32_t i;
           ^
../Sources/main.c: In function 'mefControlConsumo':
../Sources/main.c:233:4: warning: implicit declaration of function 'key_getPressEv_Consumo' [-Wimplicit-function-declaration]
    if(key_getPressEv_Consumo(BOARD_SW_ID_1))
    ^
../Sources/main.c: In function 'mefControlLed':
../Sources/main.c:271:4: warning: implicit declaration of function 'key_getPressEv_Led' [-Wimplicit-function-declaration]
    if(key_getPressEv_Led(BOARD_SW_ID_1))
    ^
'Finished building: ../Sources/main.c'
' '
'Building file: ../Project_Settings/Startup_Code/startup.c'
'Invoking: Cross ARM C Compiler'
arm-none-eabi-gcc -mcpu=cortex-m0plus -mthumb -O0 -fmessage-length=0 -fsigned-char -ffunction-sections -fdata-sections -Wall  -g3 -D"CPU_MKL46Z256VLH4" -I"../Sources" -I../board/inc -I"../Project_Settings/Startup_Code" -I"../SDK/platform/CMSIS/Include" -I"../SDK/platform/devices" -I"../SDK/platform/devices/MKL46Z4/include" -I"C:\Freescale\KSDK_1.3.0/platform/hal/inc" -I"C:\Freescale\KSDK_1.3.0/platform/system/src/clock/MKL46Z4" -I"C:\Freescale\KSDK_1.3.0/platform/hal/src/sim/MKL46Z4" -I"C:\Freescale\KSDK_1.3.0/platform/system/inc" -I"C:\Freescale\KSDK_1.3.0/platform/osa/inc" -std=c99 -MMD -MP -MF"Project_Settings/Startup_Code/startup.d" -MT"Project_Settings/Startup_Code/startup.o" -c -o "Project_Settings/Startup_Code/startup.o" "../Project_Settings/Startup_Code/startup.c"
'Finished building: ../Project_Settings/Startup_Code/startup.c'
' '
'Building file: ../Project_Settings/Startup_Code/startup_MKL46Z4.S'
'Invoking: Cross ARM GNU Assembler'
arm-none-eabi-gcc -mcpu=cortex-m0plus -mthumb -O0 -fmessage-length=0 -fsigned-char -ffunction-sections -fdata-sections -Wall  -g3 -x assembler-with-cpp -MMD -MP -MF"Project_Settings/Startup_Code/startup_MKL46Z4.d" -MT"Project_Settings/Startup_Code/startup_MKL46Z4.o" -c -o "Project_Settings/Startup_Code/startup_MKL46Z4.o" "../Project_Settings/Startup_Code/startup_MKL46Z4.S"
'Finished building: ../Project_Settings/Startup_Code/startup_MKL46Z4.S'
' '
'Building file: ../Project_Settings/Startup_Code/system_MKL46Z4.c'
'Invoking: Cross ARM C Compiler'
arm-none-eabi-gcc -mcpu=cortex-m0plus -mthumb -O0 -fmessage-length=0 -fsigned-char -ffunction-sections -fdata-sections -Wall  -g3 -D"CPU_MKL46Z256VLH4" -I"../Sources" -I../board/inc -I"../Project_Settings/Startup_Code" -I"../SDK/platform/CMSIS/Include" -I"../SDK/platform/devices" -I"../SDK/platform/devices/MKL46Z4/include" -I"C:\Freescale\KSDK_1.3.0/platform/hal/inc" -I"C:\Freescale\KSDK_1.3.0/platform/system/src/clock/MKL46Z4" -I"C:\Freescale\KSDK_1.3.0/platform/hal/src/sim/MKL46Z4" -I"C:\Freescale\KSDK_1.3.0/platform/system/inc" -I"C:\Freescale\KSDK_1.3.0/platform/osa/inc" -std=c99 -MMD -MP -MF"Project_Settings/Startup_Code/system_MKL46Z4.d" -MT"Project_Settings/Startup_Code/system_MKL46Z4.o" -c -o "Project_Settings/Startup_Code/system_MKL46Z4.o" "../Project_Settings/Startup_Code/system_MKL46Z4.c"
'Finished building: ../Project_Settings/Startup_Code/system_MKL46Z4.c'
' '
'Building target: SD2_I2C.elf'
'Invoking: Cross ARM C++ Linker'
arm-none-eabi-g++ -mcpu=cortex-m0plus -mthumb -O0 -fmessage-length=0 -fsigned-char -ffunction-sections -fdata-sections -Wall  -g3 -T "MKL46Z256xxx4_flash.ld" -Xlinker --gc-sections -L"C:/Users/Jonatan/workspace.kds/TP_2_SD2/Project_Settings/Linker_Files" -L"C:\Freescale\KSDK_1.3.0/lib/ksdk_platform_lib/kds/KL46Z4/debug" -Wl,-Map,"SD2_I2C.map" -specs=nosys.specs -specs=nano.specs -Xlinker -z -Xlinker muldefs -o "SD2_I2C.elf"  ./board/src/board.o ./board/src/mma8451.o  ./Sources/key.o ./Sources/main.o  ./Project_Settings/Startup_Code/startup.o ./Project_Settings/Startup_Code/startup_MKL46Z4.o ./Project_Settings/Startup_Code/system_MKL46Z4.o   -lksdk_platform
'Finished building target: SD2_I2C.elf'
' '
'Invoking: Cross ARM GNU Print Size'
arm-none-eabi-size --format=berkeley "SD2_I2C.elf"
   text	   data	    bss	    dec	    hex	filename
  19412	    124	   2132	  21668	   54a4	SD2_I2C.elf
'Finished building: SD2_I2C.siz'
' '

11:22:09 Build Finished (took 4s.355ms)

