18:08:11 **** Build of configuration Debug for project tutorial_1 ****
make all 
'Building file: ../board/src/board.c'
'Invoking: Cross ARM C Compiler'
arm-none-eabi-gcc -mcpu=cortex-m0plus -mthumb -O0 -fmessage-length=0 -fsigned-char -ffunction-sections -fdata-sections -Wall  -g3 -D"CPU_MKL46Z256VLH4" -I"../Sources" -I"../Project_Settings/Startup_Code" -I"../SDK/platform/CMSIS/Include" -I"../SDK/platform/devices" -I"../SDK/platform/devices/MKL46Z4/include" -I../board/inc -I"C:\Freescale\KSDK_1.3.0\platform\hal\inc" -I"C:\Freescale\KSDK_1.3.0\platform\system\src\clock\MKL46Z4" -I"C:\Freescale\KSDK_1.3.0\platform\hal\src\sim\MKL46Z4" -I"C:\Freescale\KSDK_1.3.0\platform\system\inc" -I"C:\Freescale\KSDK_1.3.0\platform\osa\inc" -std=c99 -MMD -MP -MF"board/src/board.d" -MT"board/src/board.o" -c -o "board/src/board.o" "../board/src/board.c"
'Finished building: ../board/src/board.c'
' '
'Building file: ../Sources/main.c'
'Invoking: Cross ARM C Compiler'
arm-none-eabi-gcc -mcpu=cortex-m0plus -mthumb -O0 -fmessage-length=0 -fsigned-char -ffunction-sections -fdata-sections -Wall  -g3 -D"CPU_MKL46Z256VLH4" -I"../Sources" -I"../Project_Settings/Startup_Code" -I"../SDK/platform/CMSIS/Include" -I"../SDK/platform/devices" -I"../SDK/platform/devices/MKL46Z4/include" -I../board/inc -I"C:\Freescale\KSDK_1.3.0\platform\hal\inc" -I"C:\Freescale\KSDK_1.3.0\platform\system\src\clock\MKL46Z4" -I"C:\Freescale\KSDK_1.3.0\platform\hal\src\sim\MKL46Z4" -I"C:\Freescale\KSDK_1.3.0\platform\system\inc" -I"C:\Freescale\KSDK_1.3.0\platform\osa\inc" -std=c99 -MMD -MP -MF"Sources/main.d" -MT"Sources/main.o" -c -o "Sources/main.o" "../Sources/main.c"
'Finished building: ../Sources/main.c'
' '
'Building file: ../Project_Settings/Startup_Code/startup.c'
'Invoking: Cross ARM C Compiler'
arm-none-eabi-gcc -mcpu=cortex-m0plus -mthumb -O0 -fmessage-length=0 -fsigned-char -ffunction-sections -fdata-sections -Wall  -g3 -D"CPU_MKL46Z256VLH4" -I"../Sources" -I"../Project_Settings/Startup_Code" -I"../SDK/platform/CMSIS/Include" -I"../SDK/platform/devices" -I"../SDK/platform/devices/MKL46Z4/include" -I../board/inc -I"C:\Freescale\KSDK_1.3.0\platform\hal\inc" -I"C:\Freescale\KSDK_1.3.0\platform\system\src\clock\MKL46Z4" -I"C:\Freescale\KSDK_1.3.0\platform\hal\src\sim\MKL46Z4" -I"C:\Freescale\KSDK_1.3.0\platform\system\inc" -I"C:\Freescale\KSDK_1.3.0\platform\osa\inc" -std=c99 -MMD -MP -MF"Project_Settings/Startup_Code/startup.d" -MT"Project_Settings/Startup_Code/startup.o" -c -o "Project_Settings/Startup_Code/startup.o" "../Project_Settings/Startup_Code/startup.c"
'Finished building: ../Project_Settings/Startup_Code/startup.c'
' '
'Building file: ../Project_Settings/Startup_Code/startup_MKL46Z4.S'
'Invoking: Cross ARM GNU Assembler'
arm-none-eabi-gcc -mcpu=cortex-m0plus -mthumb -O0 -fmessage-length=0 -fsigned-char -ffunction-sections -fdata-sections -Wall  -g3 -x assembler-with-cpp -MMD -MP -MF"Project_Settings/Startup_Code/startup_MKL46Z4.d" -MT"Project_Settings/Startup_Code/startup_MKL46Z4.o" -c -o "Project_Settings/Startup_Code/startup_MKL46Z4.o" "../Project_Settings/Startup_Code/startup_MKL46Z4.S"
'Finished building: ../Project_Settings/Startup_Code/startup_MKL46Z4.S'
' '
'Building file: ../Project_Settings/Startup_Code/system_MKL46Z4.c'
'Invoking: Cross ARM C Compiler'
arm-none-eabi-gcc -mcpu=cortex-m0plus -mthumb -O0 -fmessage-length=0 -fsigned-char -ffunction-sections -fdata-sections -Wall  -g3 -D"CPU_MKL46Z256VLH4" -I"../Sources" -I"../Project_Settings/Startup_Code" -I"../SDK/platform/CMSIS/Include" -I"../SDK/platform/devices" -I"../SDK/platform/devices/MKL46Z4/include" -I../board/inc -I"C:\Freescale\KSDK_1.3.0\platform\hal\inc" -I"C:\Freescale\KSDK_1.3.0\platform\system\src\clock\MKL46Z4" -I"C:\Freescale\KSDK_1.3.0\platform\hal\src\sim\MKL46Z4" -I"C:\Freescale\KSDK_1.3.0\platform\system\inc" -I"C:\Freescale\KSDK_1.3.0\platform\osa\inc" -std=c99 -MMD -MP -MF"Project_Settings/Startup_Code/system_MKL46Z4.d" -MT"Project_Settings/Startup_Code/system_MKL46Z4.o" -c -o "Project_Settings/Startup_Code/system_MKL46Z4.o" "../Project_Settings/Startup_Code/system_MKL46Z4.c"
'Finished building: ../Project_Settings/Startup_Code/system_MKL46Z4.c'
' '
'Building target: tutorial_1.elf'
'Invoking: Cross ARM C++ Linker'
arm-none-eabi-g++ -mcpu=cortex-m0plus -mthumb -O0 -fmessage-length=0 -fsigned-char -ffunction-sections -fdata-sections -Wall  -g3 -T "MKL46Z256xxx4_flash.ld" -Xlinker --gc-sections -L"C:/Users/Jonatan/workspace.kds/tutorial_1/Project_Settings/Linker_Files" -L"C:\Freescale\KSDK_1.3.0\lib\ksdk_platform_lib\kds\KL46Z4\debug" -Wl,-Map,"tutorial_1.map" -specs=nosys.specs -specs=nano.specs -Xlinker -z -Xlinker muldefs -o "tutorial_1.elf"  ./board/src/board.o  ./Sources/main.o  ./Project_Settings/Startup_Code/startup.o ./Project_Settings/Startup_Code/startup_MKL46Z4.o ./Project_Settings/Startup_Code/system_MKL46Z4.o   -lksdk_platform
'Finished building target: tutorial_1.elf'
' '
'Invoking: Cross ARM GNU Print Size'
arm-none-eabi-size --format=berkeley "tutorial_1.elf"
   text	   data	    bss	    dec	    hex	filename
    968	    108	   2084	   3160	    c58	tutorial_1.elf
'Finished building: tutorial_1.siz'
' '

18:08:25 Build Finished (took 14s.397ms)

